<testsuites id="" name="" tests="114" failures="67" skipped="29" errors="0" time="371.387846">
<testsuite name="access.control.spec.ts" timestamp="2025-09-06T20:39:18.478Z" hostname="chromium" tests="14" failures="12" skipped="0" time="303.366" errors="0">
<testcase name="Access Control &amp; Authorization › Protected Route Access › should redirect to login when accessing protected route without authentication" classname="access.control.spec.ts" time="15.199">
<failure message="access.control.spec.ts:13:13 should redirect to login when accessing protected route without authentication" type="FAILURE">
<![CDATA[  [chromium] › access.control.spec.ts:13:13 › Access Control & Authorization › Protected Route Access › should redirect to login when accessing protected route without authentication 

    Error: expect(received).toBe(expected) // Object.is equality

    Expected: true
    Received: false

      28 |
      29 |                 // Should be redirected to login page
    > 30 |                 expect(await authPage.isOnLoginPage()).toBe(true);
         |                                                        ^
      31 |
      32 |                 // TODO: Verify URL contains login path or query parameter
      33 |                 // expect(page.url()).toMatch(/login/);
        at C:\Users\Carlo\qa-assessment-fastapi-playwright-carlos-daniel\tests\access.control.spec.ts:30:56

    attachment #1: screenshot (image/png) ──────────────────────────────────────────────────────────
    ..\test-results\access.control-Access-Cont-42358-oute-without-authentication-chromium\test-failed-1.png
    ────────────────────────────────────────────────────────────────────────────────────────────────

    Error Context: ..\test-results\access.control-Access-Cont-42358-oute-without-authentication-chromium\error-context.md

    attachment #3: trace (application/zip) ─────────────────────────────────────────────────────────
    ..\test-results\access.control-Access-Cont-42358-oute-without-authentication-chromium\trace.zip
    Usage:

        npx playwright show-trace ..\test-results\access.control-Access-Cont-42358-oute-without-authentication-chromium\trace.zip

    ────────────────────────────────────────────────────────────────────────────────────────────────

    Retry #1 ───────────────────────────────────────────────────────────────────────────────────────

    Error: expect(received).toBe(expected) // Object.is equality

    Expected: true
    Received: false

      28 |
      29 |                 // Should be redirected to login page
    > 30 |                 expect(await authPage.isOnLoginPage()).toBe(true);
         |                                                        ^
      31 |
      32 |                 // TODO: Verify URL contains login path or query parameter
      33 |                 // expect(page.url()).toMatch(/login/);
        at C:\Users\Carlo\qa-assessment-fastapi-playwright-carlos-daniel\tests\access.control.spec.ts:30:56

    attachment #1: screenshot (image/png) ──────────────────────────────────────────────────────────
    ..\test-results\access.control-Access-Cont-42358-oute-without-authentication-chromium-retry1\test-failed-1.png
    ────────────────────────────────────────────────────────────────────────────────────────────────

    Error Context: ..\test-results\access.control-Access-Cont-42358-oute-without-authentication-chromium-retry1\error-context.md

    attachment #3: trace (application/zip) ─────────────────────────────────────────────────────────
    ..\test-results\access.control-Access-Cont-42358-oute-without-authentication-chromium-retry1\trace.zip
    Usage:

        npx playwright show-trace ..\test-results\access.control-Access-Cont-42358-oute-without-authentication-chromium-retry1\trace.zip

    ────────────────────────────────────────────────────────────────────────────────────────────────
]]>
</failure>
<system-out>
<![CDATA[
[[ATTACHMENT|..\test-results\access.control-Access-Cont-42358-oute-without-authentication-chromium\test-failed-1.png]]

[[ATTACHMENT|..\test-results\access.control-Access-Cont-42358-oute-without-authentication-chromium\error-context.md]]

[[ATTACHMENT|..\test-results\access.control-Access-Cont-42358-oute-without-authentication-chromium\trace.zip]]

[[ATTACHMENT|..\test-results\access.control-Access-Cont-42358-oute-without-authentication-chromium-retry1\test-failed-1.png]]

[[ATTACHMENT|..\test-results\access.control-Access-Cont-42358-oute-without-authentication-chromium-retry1\error-context.md]]

[[ATTACHMENT|..\test-results\access.control-Access-Cont-42358-oute-without-authentication-chromium-retry1\trace.zip]]
]]>
</system-out>
</testcase>
<testcase name="Access Control &amp; Authorization › Protected Route Access › should allow access to protected routes after authentication" classname="access.control.spec.ts" time="25.757">
<failure message="access.control.spec.ts:39:13 should allow access to protected routes after authentication" type="FAILURE">
<![CDATA[  [chromium] › access.control.spec.ts:39:13 › Access Control & Authorization › Protected Route Access › should allow access to protected routes after authentication 

    Error: expect(received).toBe(expected) // Object.is equality

    Expected: true
    Received: false

      40 |             // Login first
      41 |             await authPage.login();
    > 42 |             expect(await authPage.isLoggedIn()).toBe(true);
         |                                                 ^
      43 |
      44 |             // TODO: Test access to various protected routes
      45 |             const protectedRoutes = [
        at C:\Users\Carlo\qa-assessment-fastapi-playwright-carlos-daniel\tests\access.control.spec.ts:42:49

    attachment #1: screenshot (image/png) ──────────────────────────────────────────────────────────
    ..\test-results\access.control-Access-Cont-db59f-routes-after-authentication-chromium\test-failed-1.png
    ────────────────────────────────────────────────────────────────────────────────────────────────

    Error Context: ..\test-results\access.control-Access-Cont-db59f-routes-after-authentication-chromium\error-context.md

    attachment #3: trace (application/zip) ─────────────────────────────────────────────────────────
    ..\test-results\access.control-Access-Cont-db59f-routes-after-authentication-chromium\trace.zip
    Usage:

        npx playwright show-trace ..\test-results\access.control-Access-Cont-db59f-routes-after-authentication-chromium\trace.zip

    ────────────────────────────────────────────────────────────────────────────────────────────────

    Retry #1 ───────────────────────────────────────────────────────────────────────────────────────

    Error: expect(received).toBe(expected) // Object.is equality

    Expected: true
    Received: false

      40 |             // Login first
      41 |             await authPage.login();
    > 42 |             expect(await authPage.isLoggedIn()).toBe(true);
         |                                                 ^
      43 |
      44 |             // TODO: Test access to various protected routes
      45 |             const protectedRoutes = [
        at C:\Users\Carlo\qa-assessment-fastapi-playwright-carlos-daniel\tests\access.control.spec.ts:42:49

    attachment #1: screenshot (image/png) ──────────────────────────────────────────────────────────
    ..\test-results\access.control-Access-Cont-db59f-routes-after-authentication-chromium-retry1\test-failed-1.png
    ────────────────────────────────────────────────────────────────────────────────────────────────

    Error Context: ..\test-results\access.control-Access-Cont-db59f-routes-after-authentication-chromium-retry1\error-context.md

    attachment #3: trace (application/zip) ─────────────────────────────────────────────────────────
    ..\test-results\access.control-Access-Cont-db59f-routes-after-authentication-chromium-retry1\trace.zip
    Usage:

        npx playwright show-trace ..\test-results\access.control-Access-Cont-db59f-routes-after-authentication-chromium-retry1\trace.zip

    ────────────────────────────────────────────────────────────────────────────────────────────────
]]>
</failure>
<system-out>
<![CDATA[
[[ATTACHMENT|..\test-results\access.control-Access-Cont-db59f-routes-after-authentication-chromium\test-failed-1.png]]

[[ATTACHMENT|..\test-results\access.control-Access-Cont-db59f-routes-after-authentication-chromium\error-context.md]]

[[ATTACHMENT|..\test-results\access.control-Access-Cont-db59f-routes-after-authentication-chromium\trace.zip]]

[[ATTACHMENT|..\test-results\access.control-Access-Cont-db59f-routes-after-authentication-chromium-retry1\test-failed-1.png]]

[[ATTACHMENT|..\test-results\access.control-Access-Cont-db59f-routes-after-authentication-chromium-retry1\error-context.md]]

[[ATTACHMENT|..\test-results\access.control-Access-Cont-db59f-routes-after-authentication-chromium-retry1\trace.zip]]
]]>
</system-out>
</testcase>
<testcase name="Access Control &amp; Authorization › Protected Route Access › should handle session expiration gracefully" classname="access.control.spec.ts" time="25.488">
<failure message="access.control.spec.ts:64:13 should handle session expiration gracefully" type="FAILURE">
<![CDATA[  [chromium] › access.control.spec.ts:64:13 › Access Control & Authorization › Protected Route Access › should handle session expiration gracefully 

    Error: expect(received).toBe(expected) // Object.is equality

    Expected: true
    Received: false

      65 |             // Login first
      66 |             await authPage.login();
    > 67 |             expect(await authPage.isLoggedIn()).toBe(true);
         |                                                 ^
      68 |
      69 |             // TODO: Simulate session expiration
      70 |             // This depends on how the app handles sessions
        at C:\Users\Carlo\qa-assessment-fastapi-playwright-carlos-daniel\tests\access.control.spec.ts:67:49

    attachment #1: screenshot (image/png) ──────────────────────────────────────────────────────────
    ..\test-results\access.control-Access-Cont-fe139-ssion-expiration-gracefully-chromium\test-failed-1.png
    ────────────────────────────────────────────────────────────────────────────────────────────────

    Error Context: ..\test-results\access.control-Access-Cont-fe139-ssion-expiration-gracefully-chromium\error-context.md

    attachment #3: trace (application/zip) ─────────────────────────────────────────────────────────
    ..\test-results\access.control-Access-Cont-fe139-ssion-expiration-gracefully-chromium\trace.zip
    Usage:

        npx playwright show-trace ..\test-results\access.control-Access-Cont-fe139-ssion-expiration-gracefully-chromium\trace.zip

    ────────────────────────────────────────────────────────────────────────────────────────────────

    Retry #1 ───────────────────────────────────────────────────────────────────────────────────────

    Error: expect(received).toBe(expected) // Object.is equality

    Expected: true
    Received: false

      65 |             // Login first
      66 |             await authPage.login();
    > 67 |             expect(await authPage.isLoggedIn()).toBe(true);
         |                                                 ^
      68 |
      69 |             // TODO: Simulate session expiration
      70 |             // This depends on how the app handles sessions
        at C:\Users\Carlo\qa-assessment-fastapi-playwright-carlos-daniel\tests\access.control.spec.ts:67:49

    attachment #1: screenshot (image/png) ──────────────────────────────────────────────────────────
    ..\test-results\access.control-Access-Cont-fe139-ssion-expiration-gracefully-chromium-retry1\test-failed-1.png
    ────────────────────────────────────────────────────────────────────────────────────────────────

    Error Context: ..\test-results\access.control-Access-Cont-fe139-ssion-expiration-gracefully-chromium-retry1\error-context.md

    attachment #3: trace (application/zip) ─────────────────────────────────────────────────────────
    ..\test-results\access.control-Access-Cont-fe139-ssion-expiration-gracefully-chromium-retry1\trace.zip
    Usage:

        npx playwright show-trace ..\test-results\access.control-Access-Cont-fe139-ssion-expiration-gracefully-chromium-retry1\trace.zip

    ────────────────────────────────────────────────────────────────────────────────────────────────
]]>
</failure>
<system-out>
<![CDATA[
[[ATTACHMENT|..\test-results\access.control-Access-Cont-fe139-ssion-expiration-gracefully-chromium\test-failed-1.png]]

[[ATTACHMENT|..\test-results\access.control-Access-Cont-fe139-ssion-expiration-gracefully-chromium\error-context.md]]

[[ATTACHMENT|..\test-results\access.control-Access-Cont-fe139-ssion-expiration-gracefully-chromium\trace.zip]]

[[ATTACHMENT|..\test-results\access.control-Access-Cont-fe139-ssion-expiration-gracefully-chromium-retry1\test-failed-1.png]]

[[ATTACHMENT|..\test-results\access.control-Access-Cont-fe139-ssion-expiration-gracefully-chromium-retry1\error-context.md]]

[[ATTACHMENT|..\test-results\access.control-Access-Cont-fe139-ssion-expiration-gracefully-chromium-retry1\trace.zip]]
]]>
</system-out>
</testcase>
<testcase name="Access Control &amp; Authorization › Protected Route Access › should prevent access to admin routes for non-admin users" classname="access.control.spec.ts" time="7.519">
</testcase>
<testcase name="Access Control &amp; Authorization › Logout Behavior › should logout successfully and clear session" classname="access.control.spec.ts" time="24.783">
<failure message="access.control.spec.ts:122:13 should logout successfully and clear session" type="FAILURE">
<![CDATA[  [chromium] › access.control.spec.ts:122:13 › Access Control & Authorization › Logout Behavior › should logout successfully and clear session 

    Error: expect(received).toBe(expected) // Object.is equality

    Expected: true
    Received: false

      123 |             // Login first
      124 |             await authPage.login();
    > 125 |             expect(await authPage.isLoggedIn()).toBe(true);
          |                                                 ^
      126 |
      127 |             // Logout
      128 |             await authPage.logout();
        at C:\Users\Carlo\qa-assessment-fastapi-playwright-carlos-daniel\tests\access.control.spec.ts:125:49

    attachment #1: screenshot (image/png) ──────────────────────────────────────────────────────────
    ..\test-results\access.control-Access-Cont-04b09-cessfully-and-clear-session-chromium\test-failed-1.png
    ────────────────────────────────────────────────────────────────────────────────────────────────

    Error Context: ..\test-results\access.control-Access-Cont-04b09-cessfully-and-clear-session-chromium\error-context.md

    attachment #3: trace (application/zip) ─────────────────────────────────────────────────────────
    ..\test-results\access.control-Access-Cont-04b09-cessfully-and-clear-session-chromium\trace.zip
    Usage:

        npx playwright show-trace ..\test-results\access.control-Access-Cont-04b09-cessfully-and-clear-session-chromium\trace.zip

    ────────────────────────────────────────────────────────────────────────────────────────────────

    Retry #1 ───────────────────────────────────────────────────────────────────────────────────────

    Error: expect(received).toBe(expected) // Object.is equality

    Expected: true
    Received: false

      123 |             // Login first
      124 |             await authPage.login();
    > 125 |             expect(await authPage.isLoggedIn()).toBe(true);
          |                                                 ^
      126 |
      127 |             // Logout
      128 |             await authPage.logout();
        at C:\Users\Carlo\qa-assessment-fastapi-playwright-carlos-daniel\tests\access.control.spec.ts:125:49

    attachment #1: screenshot (image/png) ──────────────────────────────────────────────────────────
    ..\test-results\access.control-Access-Cont-04b09-cessfully-and-clear-session-chromium-retry1\test-failed-1.png
    ────────────────────────────────────────────────────────────────────────────────────────────────

    Error Context: ..\test-results\access.control-Access-Cont-04b09-cessfully-and-clear-session-chromium-retry1\error-context.md

    attachment #3: trace (application/zip) ─────────────────────────────────────────────────────────
    ..\test-results\access.control-Access-Cont-04b09-cessfully-and-clear-session-chromium-retry1\trace.zip
    Usage:

        npx playwright show-trace ..\test-results\access.control-Access-Cont-04b09-cessfully-and-clear-session-chromium-retry1\trace.zip

    ────────────────────────────────────────────────────────────────────────────────────────────────
]]>
</failure>
<system-out>
<![CDATA[
[[ATTACHMENT|..\test-results\access.control-Access-Cont-04b09-cessfully-and-clear-session-chromium\test-failed-1.png]]

[[ATTACHMENT|..\test-results\access.control-Access-Cont-04b09-cessfully-and-clear-session-chromium\error-context.md]]

[[ATTACHMENT|..\test-results\access.control-Access-Cont-04b09-cessfully-and-clear-session-chromium\trace.zip]]

[[ATTACHMENT|..\test-results\access.control-Access-Cont-04b09-cessfully-and-clear-session-chromium-retry1\test-failed-1.png]]

[[ATTACHMENT|..\test-results\access.control-Access-Cont-04b09-cessfully-and-clear-session-chromium-retry1\error-context.md]]

[[ATTACHMENT|..\test-results\access.control-Access-Cont-04b09-cessfully-and-clear-session-chromium-retry1\trace.zip]]
]]>
</system-out>
</testcase>
<testcase name="Access Control &amp; Authorization › Logout Behavior › should prevent back button access to protected pages after logout" classname="access.control.spec.ts" time="25.947">
<failure message="access.control.spec.ts:140:13 should prevent back button access to protected pages after logout" type="FAILURE">
<![CDATA[  [chromium] › access.control.spec.ts:140:13 › Access Control & Authorization › Logout Behavior › should prevent back button access to protected pages after logout 

    Error: expect(received).toBe(expected) // Object.is equality

    Expected: true
    Received: false

      143 |             await page.goto('/dashboard');
      144 |             await authPage.waitForPageLoad();
    > 145 |             expect(await authPage.isLoggedIn()).toBe(true);
          |                                                 ^
      146 |
      147 |             // Logout
      148 |             await authPage.logout();
        at C:\Users\Carlo\qa-assessment-fastapi-playwright-carlos-daniel\tests\access.control.spec.ts:145:49

    attachment #1: screenshot (image/png) ──────────────────────────────────────────────────────────
    ..\test-results\access.control-Access-Cont-3613f-rotected-pages-after-logout-chromium\test-failed-1.png
    ────────────────────────────────────────────────────────────────────────────────────────────────

    Error Context: ..\test-results\access.control-Access-Cont-3613f-rotected-pages-after-logout-chromium\error-context.md

    attachment #3: trace (application/zip) ─────────────────────────────────────────────────────────
    ..\test-results\access.control-Access-Cont-3613f-rotected-pages-after-logout-chromium\trace.zip
    Usage:

        npx playwright show-trace ..\test-results\access.control-Access-Cont-3613f-rotected-pages-after-logout-chromium\trace.zip

    ────────────────────────────────────────────────────────────────────────────────────────────────

    Retry #1 ───────────────────────────────────────────────────────────────────────────────────────

    Error: expect(received).toBe(expected) // Object.is equality

    Expected: true
    Received: false

      143 |             await page.goto('/dashboard');
      144 |             await authPage.waitForPageLoad();
    > 145 |             expect(await authPage.isLoggedIn()).toBe(true);
          |                                                 ^
      146 |
      147 |             // Logout
      148 |             await authPage.logout();
        at C:\Users\Carlo\qa-assessment-fastapi-playwright-carlos-daniel\tests\access.control.spec.ts:145:49

    attachment #1: screenshot (image/png) ──────────────────────────────────────────────────────────
    ..\test-results\access.control-Access-Cont-3613f-rotected-pages-after-logout-chromium-retry1\test-failed-1.png
    ────────────────────────────────────────────────────────────────────────────────────────────────

    Error Context: ..\test-results\access.control-Access-Cont-3613f-rotected-pages-after-logout-chromium-retry1\error-context.md

    attachment #3: trace (application/zip) ─────────────────────────────────────────────────────────
    ..\test-results\access.control-Access-Cont-3613f-rotected-pages-after-logout-chromium-retry1\trace.zip
    Usage:

        npx playwright show-trace ..\test-results\access.control-Access-Cont-3613f-rotected-pages-after-logout-chromium-retry1\trace.zip

    ────────────────────────────────────────────────────────────────────────────────────────────────
]]>
</failure>
<system-out>
<![CDATA[
[[ATTACHMENT|..\test-results\access.control-Access-Cont-3613f-rotected-pages-after-logout-chromium\test-failed-1.png]]

[[ATTACHMENT|..\test-results\access.control-Access-Cont-3613f-rotected-pages-after-logout-chromium\error-context.md]]

[[ATTACHMENT|..\test-results\access.control-Access-Cont-3613f-rotected-pages-after-logout-chromium\trace.zip]]

[[ATTACHMENT|..\test-results\access.control-Access-Cont-3613f-rotected-pages-after-logout-chromium-retry1\test-failed-1.png]]

[[ATTACHMENT|..\test-results\access.control-Access-Cont-3613f-rotected-pages-after-logout-chromium-retry1\error-context.md]]

[[ATTACHMENT|..\test-results\access.control-Access-Cont-3613f-rotected-pages-after-logout-chromium-retry1\trace.zip]]
]]>
</system-out>
</testcase>
<testcase name="Access Control &amp; Authorization › Logout Behavior › should handle logout from multiple tabs/windows" classname="access.control.spec.ts" time="25.381">
<failure message="access.control.spec.ts:164:13 should handle logout from multiple tabs/windows" type="FAILURE">
<![CDATA[  [chromium] › access.control.spec.ts:164:13 › Access Control & Authorization › Logout Behavior › should handle logout from multiple tabs/windows 

    Error: expect(received).toBe(expected) // Object.is equality

    Expected: true
    Received: false

      165 |             // Login in first tab
      166 |             await authPage.login();
    > 167 |             expect(await authPage.isLoggedIn()).toBe(true);
          |                                                 ^
      168 |
      169 |             // Open second tab/page
      170 |             const secondPage = await context.newPage();
        at C:\Users\Carlo\qa-assessment-fastapi-playwright-carlos-daniel\tests\access.control.spec.ts:167:49

    attachment #1: screenshot (image/png) ──────────────────────────────────────────────────────────
    ..\test-results\access.control-Access-Cont-516df--from-multiple-tabs-windows-chromium\test-failed-1.png
    ────────────────────────────────────────────────────────────────────────────────────────────────

    Error Context: ..\test-results\access.control-Access-Cont-516df--from-multiple-tabs-windows-chromium\error-context.md

    attachment #3: trace (application/zip) ─────────────────────────────────────────────────────────
    ..\test-results\access.control-Access-Cont-516df--from-multiple-tabs-windows-chromium\trace.zip
    Usage:

        npx playwright show-trace ..\test-results\access.control-Access-Cont-516df--from-multiple-tabs-windows-chromium\trace.zip

    ────────────────────────────────────────────────────────────────────────────────────────────────

    Retry #1 ───────────────────────────────────────────────────────────────────────────────────────

    Error: expect(received).toBe(expected) // Object.is equality

    Expected: true
    Received: false

      165 |             // Login in first tab
      166 |             await authPage.login();
    > 167 |             expect(await authPage.isLoggedIn()).toBe(true);
          |                                                 ^
      168 |
      169 |             // Open second tab/page
      170 |             const secondPage = await context.newPage();
        at C:\Users\Carlo\qa-assessment-fastapi-playwright-carlos-daniel\tests\access.control.spec.ts:167:49

    attachment #1: screenshot (image/png) ──────────────────────────────────────────────────────────
    ..\test-results\access.control-Access-Cont-516df--from-multiple-tabs-windows-chromium-retry1\test-failed-1.png
    ────────────────────────────────────────────────────────────────────────────────────────────────

    Error Context: ..\test-results\access.control-Access-Cont-516df--from-multiple-tabs-windows-chromium-retry1\error-context.md

    attachment #3: trace (application/zip) ─────────────────────────────────────────────────────────
    ..\test-results\access.control-Access-Cont-516df--from-multiple-tabs-windows-chromium-retry1\trace.zip
    Usage:

        npx playwright show-trace ..\test-results\access.control-Access-Cont-516df--from-multiple-tabs-windows-chromium-retry1\trace.zip

    ────────────────────────────────────────────────────────────────────────────────────────────────
]]>
</failure>
<system-out>
<![CDATA[
[[ATTACHMENT|..\test-results\access.control-Access-Cont-516df--from-multiple-tabs-windows-chromium\test-failed-1.png]]

[[ATTACHMENT|..\test-results\access.control-Access-Cont-516df--from-multiple-tabs-windows-chromium\error-context.md]]

[[ATTACHMENT|..\test-results\access.control-Access-Cont-516df--from-multiple-tabs-windows-chromium\trace.zip]]

[[ATTACHMENT|..\test-results\access.control-Access-Cont-516df--from-multiple-tabs-windows-chromium-retry1\test-failed-1.png]]

[[ATTACHMENT|..\test-results\access.control-Access-Cont-516df--from-multiple-tabs-windows-chromium-retry1\error-context.md]]

[[ATTACHMENT|..\test-results\access.control-Access-Cont-516df--from-multiple-tabs-windows-chromium-retry1\trace.zip]]
]]>
</system-out>
</testcase>
<testcase name="Access Control &amp; Authorization › Logout Behavior › should handle logout when already logged out" classname="access.control.spec.ts" time="13.073">
<system-out>
<![CDATA[Direct logout URL not available
]]>
</system-out>
</testcase>
<testcase name="Access Control &amp; Authorization › Session Management › should maintain session across page navigation" classname="access.control.spec.ts" time="23.584">
<failure message="access.control.spec.ts:218:13 should maintain session across page navigation" type="FAILURE">
<![CDATA[  [chromium] › access.control.spec.ts:218:13 › Access Control & Authorization › Session Management › should maintain session across page navigation 

    Error: expect(received).toBe(expected) // Object.is equality

    Expected: true
    Received: false

      219 |             // Login
      220 |             await authPage.login();
    > 221 |             expect(await authPage.isLoggedIn()).toBe(true);
          |                                                 ^
      222 |
      223 |             // Navigate to different pages
      224 |             const pages = ['/dashboard', '/profile', '/settings', '/'];
        at C:\Users\Carlo\qa-assessment-fastapi-playwright-carlos-daniel\tests\access.control.spec.ts:221:49

    attachment #1: screenshot (image/png) ──────────────────────────────────────────────────────────
    ..\test-results\access.control-Access-Cont-98be1-sion-across-page-navigation-chromium\test-failed-1.png
    ────────────────────────────────────────────────────────────────────────────────────────────────

    Error Context: ..\test-results\access.control-Access-Cont-98be1-sion-across-page-navigation-chromium\error-context.md

    attachment #3: trace (application/zip) ─────────────────────────────────────────────────────────
    ..\test-results\access.control-Access-Cont-98be1-sion-across-page-navigation-chromium\trace.zip
    Usage:

        npx playwright show-trace ..\test-results\access.control-Access-Cont-98be1-sion-across-page-navigation-chromium\trace.zip

    ────────────────────────────────────────────────────────────────────────────────────────────────

    Retry #1 ───────────────────────────────────────────────────────────────────────────────────────

    Error: expect(received).toBe(expected) // Object.is equality

    Expected: true
    Received: false

      219 |             // Login
      220 |             await authPage.login();
    > 221 |             expect(await authPage.isLoggedIn()).toBe(true);
          |                                                 ^
      222 |
      223 |             // Navigate to different pages
      224 |             const pages = ['/dashboard', '/profile', '/settings', '/'];
        at C:\Users\Carlo\qa-assessment-fastapi-playwright-carlos-daniel\tests\access.control.spec.ts:221:49

    attachment #1: screenshot (image/png) ──────────────────────────────────────────────────────────
    ..\test-results\access.control-Access-Cont-98be1-sion-across-page-navigation-chromium-retry1\test-failed-1.png
    ────────────────────────────────────────────────────────────────────────────────────────────────

    Error Context: ..\test-results\access.control-Access-Cont-98be1-sion-across-page-navigation-chromium-retry1\error-context.md

    attachment #3: trace (application/zip) ─────────────────────────────────────────────────────────
    ..\test-results\access.control-Access-Cont-98be1-sion-across-page-navigation-chromium-retry1\trace.zip
    Usage:

        npx playwright show-trace ..\test-results\access.control-Access-Cont-98be1-sion-across-page-navigation-chromium-retry1\trace.zip

    ────────────────────────────────────────────────────────────────────────────────────────────────
]]>
</failure>
<system-out>
<![CDATA[
[[ATTACHMENT|..\test-results\access.control-Access-Cont-98be1-sion-across-page-navigation-chromium\test-failed-1.png]]

[[ATTACHMENT|..\test-results\access.control-Access-Cont-98be1-sion-across-page-navigation-chromium\error-context.md]]

[[ATTACHMENT|..\test-results\access.control-Access-Cont-98be1-sion-across-page-navigation-chromium\trace.zip]]

[[ATTACHMENT|..\test-results\access.control-Access-Cont-98be1-sion-across-page-navigation-chromium-retry1\test-failed-1.png]]

[[ATTACHMENT|..\test-results\access.control-Access-Cont-98be1-sion-across-page-navigation-chromium-retry1\error-context.md]]

[[ATTACHMENT|..\test-results\access.control-Access-Cont-98be1-sion-across-page-navigation-chromium-retry1\trace.zip]]
]]>
</system-out>
</testcase>
<testcase name="Access Control &amp; Authorization › Session Management › should handle page refresh while logged in" classname="access.control.spec.ts" time="24.203">
<failure message="access.control.spec.ts:236:13 should handle page refresh while logged in" type="FAILURE">
<![CDATA[  [chromium] › access.control.spec.ts:236:13 › Access Control & Authorization › Session Management › should handle page refresh while logged in 

    Error: expect(received).toBe(expected) // Object.is equality

    Expected: true
    Received: false

      238 |             await authPage.login();
      239 |             await page.goto('/dashboard');
    > 240 |             expect(await authPage.isLoggedIn()).toBe(true);
          |                                                 ^
      241 |
      242 |             // Refresh page multiple times
      243 |             for (let i = 0; i < 3; i++) {
        at C:\Users\Carlo\qa-assessment-fastapi-playwright-carlos-daniel\tests\access.control.spec.ts:240:49

    attachment #1: screenshot (image/png) ──────────────────────────────────────────────────────────
    ..\test-results\access.control-Access-Cont-57a54-age-refresh-while-logged-in-chromium\test-failed-1.png
    ────────────────────────────────────────────────────────────────────────────────────────────────

    Error Context: ..\test-results\access.control-Access-Cont-57a54-age-refresh-while-logged-in-chromium\error-context.md

    attachment #3: trace (application/zip) ─────────────────────────────────────────────────────────
    ..\test-results\access.control-Access-Cont-57a54-age-refresh-while-logged-in-chromium\trace.zip
    Usage:

        npx playwright show-trace ..\test-results\access.control-Access-Cont-57a54-age-refresh-while-logged-in-chromium\trace.zip

    ────────────────────────────────────────────────────────────────────────────────────────────────

    Retry #1 ───────────────────────────────────────────────────────────────────────────────────────

    Error: expect(received).toBe(expected) // Object.is equality

    Expected: true
    Received: false

      238 |             await authPage.login();
      239 |             await page.goto('/dashboard');
    > 240 |             expect(await authPage.isLoggedIn()).toBe(true);
          |                                                 ^
      241 |
      242 |             // Refresh page multiple times
      243 |             for (let i = 0; i < 3; i++) {
        at C:\Users\Carlo\qa-assessment-fastapi-playwright-carlos-daniel\tests\access.control.spec.ts:240:49

    attachment #1: screenshot (image/png) ──────────────────────────────────────────────────────────
    ..\test-results\access.control-Access-Cont-57a54-age-refresh-while-logged-in-chromium-retry1\test-failed-1.png
    ────────────────────────────────────────────────────────────────────────────────────────────────

    Error Context: ..\test-results\access.control-Access-Cont-57a54-age-refresh-while-logged-in-chromium-retry1\error-context.md

    attachment #3: trace (application/zip) ─────────────────────────────────────────────────────────
    ..\test-results\access.control-Access-Cont-57a54-age-refresh-while-logged-in-chromium-retry1\trace.zip
    Usage:

        npx playwright show-trace ..\test-results\access.control-Access-Cont-57a54-age-refresh-while-logged-in-chromium-retry1\trace.zip

    ────────────────────────────────────────────────────────────────────────────────────────────────
]]>
</failure>
<system-out>
<![CDATA[
[[ATTACHMENT|..\test-results\access.control-Access-Cont-57a54-age-refresh-while-logged-in-chromium\test-failed-1.png]]

[[ATTACHMENT|..\test-results\access.control-Access-Cont-57a54-age-refresh-while-logged-in-chromium\error-context.md]]

[[ATTACHMENT|..\test-results\access.control-Access-Cont-57a54-age-refresh-while-logged-in-chromium\trace.zip]]

[[ATTACHMENT|..\test-results\access.control-Access-Cont-57a54-age-refresh-while-logged-in-chromium-retry1\test-failed-1.png]]

[[ATTACHMENT|..\test-results\access.control-Access-Cont-57a54-age-refresh-while-logged-in-chromium-retry1\error-context.md]]

[[ATTACHMENT|..\test-results\access.control-Access-Cont-57a54-age-refresh-while-logged-in-chromium-retry1\trace.zip]]
]]>
</system-out>
</testcase>
<testcase name="Access Control &amp; Authorization › Session Management › should handle network interruption gracefully" classname="access.control.spec.ts" time="24.05">
<failure message="access.control.spec.ts:253:13 should handle network interruption gracefully" type="FAILURE">
<![CDATA[  [chromium] › access.control.spec.ts:253:13 › Access Control & Authorization › Session Management › should handle network interruption gracefully 

    Error: expect(received).toBe(expected) // Object.is equality

    Expected: true
    Received: false

      254 |             // Login first
      255 |             await authPage.login();
    > 256 |             expect(await authPage.isLoggedIn()).toBe(true);
          |                                                 ^
      257 |
      258 |             // TODO: Simulate network interruption
      259 |             // This is complex and might require special setup
        at C:\Users\Carlo\qa-assessment-fastapi-playwright-carlos-daniel\tests\access.control.spec.ts:256:49

    attachment #1: screenshot (image/png) ──────────────────────────────────────────────────────────
    ..\test-results\access.control-Access-Cont-5a2f3-ork-interruption-gracefully-chromium\test-failed-1.png
    ────────────────────────────────────────────────────────────────────────────────────────────────

    Error Context: ..\test-results\access.control-Access-Cont-5a2f3-ork-interruption-gracefully-chromium\error-context.md

    attachment #3: trace (application/zip) ─────────────────────────────────────────────────────────
    ..\test-results\access.control-Access-Cont-5a2f3-ork-interruption-gracefully-chromium\trace.zip
    Usage:

        npx playwright show-trace ..\test-results\access.control-Access-Cont-5a2f3-ork-interruption-gracefully-chromium\trace.zip

    ────────────────────────────────────────────────────────────────────────────────────────────────

    Retry #1 ───────────────────────────────────────────────────────────────────────────────────────

    Error: expect(received).toBe(expected) // Object.is equality

    Expected: true
    Received: false

      254 |             // Login first
      255 |             await authPage.login();
    > 256 |             expect(await authPage.isLoggedIn()).toBe(true);
          |                                                 ^
      257 |
      258 |             // TODO: Simulate network interruption
      259 |             // This is complex and might require special setup
        at C:\Users\Carlo\qa-assessment-fastapi-playwright-carlos-daniel\tests\access.control.spec.ts:256:49

    attachment #1: screenshot (image/png) ──────────────────────────────────────────────────────────
    ..\test-results\access.control-Access-Cont-5a2f3-ork-interruption-gracefully-chromium-retry1\test-failed-1.png
    ────────────────────────────────────────────────────────────────────────────────────────────────

    Error Context: ..\test-results\access.control-Access-Cont-5a2f3-ork-interruption-gracefully-chromium-retry1\error-context.md

    attachment #3: trace (application/zip) ─────────────────────────────────────────────────────────
    ..\test-results\access.control-Access-Cont-5a2f3-ork-interruption-gracefully-chromium-retry1\trace.zip
    Usage:

        npx playwright show-trace ..\test-results\access.control-Access-Cont-5a2f3-ork-interruption-gracefully-chromium-retry1\trace.zip

    ────────────────────────────────────────────────────────────────────────────────────────────────
]]>
</failure>
<system-out>
<![CDATA[
[[ATTACHMENT|..\test-results\access.control-Access-Cont-5a2f3-ork-interruption-gracefully-chromium\test-failed-1.png]]

[[ATTACHMENT|..\test-results\access.control-Access-Cont-5a2f3-ork-interruption-gracefully-chromium\error-context.md]]

[[ATTACHMENT|..\test-results\access.control-Access-Cont-5a2f3-ork-interruption-gracefully-chromium\trace.zip]]

[[ATTACHMENT|..\test-results\access.control-Access-Cont-5a2f3-ork-interruption-gracefully-chromium-retry1\test-failed-1.png]]

[[ATTACHMENT|..\test-results\access.control-Access-Cont-5a2f3-ork-interruption-gracefully-chromium-retry1\error-context.md]]

[[ATTACHMENT|..\test-results\access.control-Access-Cont-5a2f3-ork-interruption-gracefully-chromium-retry1\trace.zip]]
]]>
</system-out>
</testcase>
<testcase name="Access Control &amp; Authorization › Authentication State Edge Cases › should handle concurrent login attempts" classname="access.control.spec.ts" time="29.546">
<failure message="access.control.spec.ts:274:13 should handle concurrent login attempts" type="FAILURE">
<![CDATA[  [chromium] › access.control.spec.ts:274:13 › Access Control & Authorization › Authentication State Edge Cases › should handle concurrent login attempts 

    Error: expect(received).toBe(expected) // Object.is equality

    Expected: true
    Received: false

      293 |
      294 |             // Both should be logged in
    > 295 |             expect(await authPage1.isLoggedIn()).toBe(true);
          |                                                  ^
      296 |             expect(await authPage2.isLoggedIn()).toBe(true);
      297 |
      298 |             await page1.close();
        at C:\Users\Carlo\qa-assessment-fastapi-playwright-carlos-daniel\tests\access.control.spec.ts:295:50

    attachment #1: screenshot (image/png) ──────────────────────────────────────────────────────────
    ..\test-results\access.control-Access-Cont-c36de-e-concurrent-login-attempts-chromium\test-failed-2.png
    ────────────────────────────────────────────────────────────────────────────────────────────────

    attachment #2: screenshot (image/png) ──────────────────────────────────────────────────────────
    ..\test-results\access.control-Access-Cont-c36de-e-concurrent-login-attempts-chromium\test-failed-1.png
    ────────────────────────────────────────────────────────────────────────────────────────────────

    attachment #3: screenshot (image/png) ──────────────────────────────────────────────────────────
    ..\test-results\access.control-Access-Cont-c36de-e-concurrent-login-attempts-chromium\test-failed-3.png
    ────────────────────────────────────────────────────────────────────────────────────────────────

    attachment #4: trace (application/zip) ─────────────────────────────────────────────────────────
    ..\test-results\access.control-Access-Cont-c36de-e-concurrent-login-attempts-chromium\trace.zip
    Usage:

        npx playwright show-trace ..\test-results\access.control-Access-Cont-c36de-e-concurrent-login-attempts-chromium\trace.zip

    ────────────────────────────────────────────────────────────────────────────────────────────────

    Retry #1 ───────────────────────────────────────────────────────────────────────────────────────

    Error: expect(received).toBe(expected) // Object.is equality

    Expected: true
    Received: false

      293 |
      294 |             // Both should be logged in
    > 295 |             expect(await authPage1.isLoggedIn()).toBe(true);
          |                                                  ^
      296 |             expect(await authPage2.isLoggedIn()).toBe(true);
      297 |
      298 |             await page1.close();
        at C:\Users\Carlo\qa-assessment-fastapi-playwright-carlos-daniel\tests\access.control.spec.ts:295:50

    attachment #1: screenshot (image/png) ──────────────────────────────────────────────────────────
    ..\test-results\access.control-Access-Cont-c36de-e-concurrent-login-attempts-chromium-retry1\test-failed-3.png
    ────────────────────────────────────────────────────────────────────────────────────────────────

    attachment #2: screenshot (image/png) ──────────────────────────────────────────────────────────
    ..\test-results\access.control-Access-Cont-c36de-e-concurrent-login-attempts-chromium-retry1\test-failed-2.png
    ────────────────────────────────────────────────────────────────────────────────────────────────

    attachment #3: screenshot (image/png) ──────────────────────────────────────────────────────────
    ..\test-results\access.control-Access-Cont-c36de-e-concurrent-login-attempts-chromium-retry1\test-failed-1.png
    ────────────────────────────────────────────────────────────────────────────────────────────────

    attachment #4: trace (application/zip) ─────────────────────────────────────────────────────────
    ..\test-results\access.control-Access-Cont-c36de-e-concurrent-login-attempts-chromium-retry1\trace.zip
    Usage:

        npx playwright show-trace ..\test-results\access.control-Access-Cont-c36de-e-concurrent-login-attempts-chromium-retry1\trace.zip

    ────────────────────────────────────────────────────────────────────────────────────────────────
]]>
</failure>
<system-out>
<![CDATA[
[[ATTACHMENT|..\test-results\access.control-Access-Cont-c36de-e-concurrent-login-attempts-chromium\test-failed-2.png]]

[[ATTACHMENT|..\test-results\access.control-Access-Cont-c36de-e-concurrent-login-attempts-chromium\test-failed-1.png]]

[[ATTACHMENT|..\test-results\access.control-Access-Cont-c36de-e-concurrent-login-attempts-chromium\test-failed-3.png]]

[[ATTACHMENT|..\test-results\access.control-Access-Cont-c36de-e-concurrent-login-attempts-chromium\trace.zip]]

[[ATTACHMENT|..\test-results\access.control-Access-Cont-c36de-e-concurrent-login-attempts-chromium-retry1\test-failed-3.png]]

[[ATTACHMENT|..\test-results\access.control-Access-Cont-c36de-e-concurrent-login-attempts-chromium-retry1\test-failed-2.png]]

[[ATTACHMENT|..\test-results\access.control-Access-Cont-c36de-e-concurrent-login-attempts-chromium-retry1\test-failed-1.png]]

[[ATTACHMENT|..\test-results\access.control-Access-Cont-c36de-e-concurrent-login-attempts-chromium-retry1\trace.zip]]
]]>
</system-out>
</testcase>
<testcase name="Access Control &amp; Authorization › Authentication State Edge Cases › should redirect to original destination after login" classname="access.control.spec.ts" time="14.697">
<failure message="access.control.spec.ts:302:13 should redirect to original destination after login" type="FAILURE">
<![CDATA[  [chromium] › access.control.spec.ts:302:13 › Access Control & Authorization › Authentication State Edge Cases › should redirect to original destination after login 

    Error: expect(received).toBe(expected) // Object.is equality

    Expected: true
    Received: false

      307 |             // Should be redirected to login
      308 |             await authPage.waitForPageLoad();
    > 309 |             expect(await authPage.isOnLoginPage()).toBe(true);
          |                                                    ^
      310 |
      311 |             // Login
      312 |             await authPage.login();
        at C:\Users\Carlo\qa-assessment-fastapi-playwright-carlos-daniel\tests\access.control.spec.ts:309:52

    attachment #1: screenshot (image/png) ──────────────────────────────────────────────────────────
    ..\test-results\access.control-Access-Cont-73912-nal-destination-after-login-chromium\test-failed-1.png
    ────────────────────────────────────────────────────────────────────────────────────────────────

    Error Context: ..\test-results\access.control-Access-Cont-73912-nal-destination-after-login-chromium\error-context.md

    attachment #3: trace (application/zip) ─────────────────────────────────────────────────────────
    ..\test-results\access.control-Access-Cont-73912-nal-destination-after-login-chromium\trace.zip
    Usage:

        npx playwright show-trace ..\test-results\access.control-Access-Cont-73912-nal-destination-after-login-chromium\trace.zip

    ────────────────────────────────────────────────────────────────────────────────────────────────

    Retry #1 ───────────────────────────────────────────────────────────────────────────────────────

    Error: expect(received).toBe(expected) // Object.is equality

    Expected: true
    Received: false

      307 |             // Should be redirected to login
      308 |             await authPage.waitForPageLoad();
    > 309 |             expect(await authPage.isOnLoginPage()).toBe(true);
          |                                                    ^
      310 |
      311 |             // Login
      312 |             await authPage.login();
        at C:\Users\Carlo\qa-assessment-fastapi-playwright-carlos-daniel\tests\access.control.spec.ts:309:52

    attachment #1: screenshot (image/png) ──────────────────────────────────────────────────────────
    ..\test-results\access.control-Access-Cont-73912-nal-destination-after-login-chromium-retry1\test-failed-1.png
    ────────────────────────────────────────────────────────────────────────────────────────────────

    Error Context: ..\test-results\access.control-Access-Cont-73912-nal-destination-after-login-chromium-retry1\error-context.md

    attachment #3: trace (application/zip) ─────────────────────────────────────────────────────────
    ..\test-results\access.control-Access-Cont-73912-nal-destination-after-login-chromium-retry1\trace.zip
    Usage:

        npx playwright show-trace ..\test-results\access.control-Access-Cont-73912-nal-destination-after-login-chromium-retry1\trace.zip

    ────────────────────────────────────────────────────────────────────────────────────────────────
]]>
</failure>
<system-out>
<![CDATA[
[[ATTACHMENT|..\test-results\access.control-Access-Cont-73912-nal-destination-after-login-chromium\test-failed-1.png]]

[[ATTACHMENT|..\test-results\access.control-Access-Cont-73912-nal-destination-after-login-chromium\error-context.md]]

[[ATTACHMENT|..\test-results\access.control-Access-Cont-73912-nal-destination-after-login-chromium\trace.zip]]

[[ATTACHMENT|..\test-results\access.control-Access-Cont-73912-nal-destination-after-login-chromium-retry1\test-failed-1.png]]

[[ATTACHMENT|..\test-results\access.control-Access-Cont-73912-nal-destination-after-login-chromium-retry1\error-context.md]]

[[ATTACHMENT|..\test-results\access.control-Access-Cont-73912-nal-destination-after-login-chromium-retry1\trace.zip]]
]]>
</system-out>
</testcase>
<testcase name="Access Control &amp; Authorization › Authentication State Edge Cases › should handle malformed authentication tokens" classname="access.control.spec.ts" time="24.139">
<failure message="access.control.spec.ts:322:13 should handle malformed authentication tokens" type="FAILURE">
<![CDATA[  [chromium] › access.control.spec.ts:322:13 › Access Control & Authorization › Authentication State Edge Cases › should handle malformed authentication tokens 

    Error: expect(received).toBe(expected) // Object.is equality

    Expected: true
    Received: false

      323 |             // Login first to get valid session
      324 |             await authPage.login();
    > 325 |             expect(await authPage.isLoggedIn()).toBe(true);
          |                                                 ^
      326 |
      327 |             // TODO: Corrupt the authentication token
      328 |             // This depends on how the app stores auth tokens
        at C:\Users\Carlo\qa-assessment-fastapi-playwright-carlos-daniel\tests\access.control.spec.ts:325:49

    attachment #1: screenshot (image/png) ──────────────────────────────────────────────────────────
    ..\test-results\access.control-Access-Cont-3ecbd-ormed-authentication-tokens-chromium\test-failed-1.png
    ────────────────────────────────────────────────────────────────────────────────────────────────

    Error Context: ..\test-results\access.control-Access-Cont-3ecbd-ormed-authentication-tokens-chromium\error-context.md

    attachment #3: trace (application/zip) ─────────────────────────────────────────────────────────
    ..\test-results\access.control-Access-Cont-3ecbd-ormed-authentication-tokens-chromium\trace.zip
    Usage:

        npx playwright show-trace ..\test-results\access.control-Access-Cont-3ecbd-ormed-authentication-tokens-chromium\trace.zip

    ────────────────────────────────────────────────────────────────────────────────────────────────

    Retry #1 ───────────────────────────────────────────────────────────────────────────────────────

    Error: expect(received).toBe(expected) // Object.is equality

    Expected: true
    Received: false

      323 |             // Login first to get valid session
      324 |             await authPage.login();
    > 325 |             expect(await authPage.isLoggedIn()).toBe(true);
          |                                                 ^
      326 |
      327 |             // TODO: Corrupt the authentication token
      328 |             // This depends on how the app stores auth tokens
        at C:\Users\Carlo\qa-assessment-fastapi-playwright-carlos-daniel\tests\access.control.spec.ts:325:49

    attachment #1: screenshot (image/png) ──────────────────────────────────────────────────────────
    ..\test-results\access.control-Access-Cont-3ecbd-ormed-authentication-tokens-chromium-retry1\test-failed-1.png
    ────────────────────────────────────────────────────────────────────────────────────────────────

    Error Context: ..\test-results\access.control-Access-Cont-3ecbd-ormed-authentication-tokens-chromium-retry1\error-context.md

    attachment #3: trace (application/zip) ─────────────────────────────────────────────────────────
    ..\test-results\access.control-Access-Cont-3ecbd-ormed-authentication-tokens-chromium-retry1\trace.zip
    Usage:

        npx playwright show-trace ..\test-results\access.control-Access-Cont-3ecbd-ormed-authentication-tokens-chromium-retry1\trace.zip

    ────────────────────────────────────────────────────────────────────────────────────────────────
]]>
</failure>
<system-out>
<![CDATA[
[[ATTACHMENT|..\test-results\access.control-Access-Cont-3ecbd-ormed-authentication-tokens-chromium\test-failed-1.png]]

[[ATTACHMENT|..\test-results\access.control-Access-Cont-3ecbd-ormed-authentication-tokens-chromium\error-context.md]]

[[ATTACHMENT|..\test-results\access.control-Access-Cont-3ecbd-ormed-authentication-tokens-chromium\trace.zip]]

[[ATTACHMENT|..\test-results\access.control-Access-Cont-3ecbd-ormed-authentication-tokens-chromium-retry1\test-failed-1.png]]

[[ATTACHMENT|..\test-results\access.control-Access-Cont-3ecbd-ormed-authentication-tokens-chromium-retry1\error-context.md]]

[[ATTACHMENT|..\test-results\access.control-Access-Cont-3ecbd-ormed-authentication-tokens-chromium-retry1\trace.zip]]
]]>
</system-out>
</testcase>
</testsuite>
<testsuite name="auth.login.spec.ts" timestamp="2025-09-06T20:39:18.478Z" hostname="chromium" tests="10" failures="4" skipped="0" time="157.777" errors="0">
<testcase name="Authentication - Login › Positive Login Tests › should login successfully with valid admin credentials" classname="auth.login.spec.ts" time="25.017">
<failure message="auth.login.spec.ts:13:13 should login successfully with valid admin credentials" type="FAILURE">
<![CDATA[  [chromium] › auth.login.spec.ts:13:13 › Authentication - Login › Positive Login Tests › should login successfully with valid admin credentials 

    Error: expect(received).toBe(expected) // Object.is equality

    Expected: true
    Received: false

      26 |             // 2. Presence of logout button or user menu
      27 |             // 3. Absence of login form
    > 28 |             expect(await authPage.isLoggedIn()).toBe(true);
         |                                                 ^
      29 |             expect(await authPage.isOnLoginPage()).toBe(false);
      30 |
      31 |             // TODO: Verify specific post-login elements exist
        at C:\Users\Carlo\qa-assessment-fastapi-playwright-carlos-daniel\tests\auth.login.spec.ts:28:49

    attachment #1: screenshot (image/png) ──────────────────────────────────────────────────────────
    ..\test-results\auth.login-Authentication--21bc4-ith-valid-admin-credentials-chromium\test-failed-1.png
    ────────────────────────────────────────────────────────────────────────────────────────────────

    Error Context: ..\test-results\auth.login-Authentication--21bc4-ith-valid-admin-credentials-chromium\error-context.md

    attachment #3: trace (application/zip) ─────────────────────────────────────────────────────────
    ..\test-results\auth.login-Authentication--21bc4-ith-valid-admin-credentials-chromium\trace.zip
    Usage:

        npx playwright show-trace ..\test-results\auth.login-Authentication--21bc4-ith-valid-admin-credentials-chromium\trace.zip

    ────────────────────────────────────────────────────────────────────────────────────────────────

    Retry #1 ───────────────────────────────────────────────────────────────────────────────────────

    Error: expect(received).toBe(expected) // Object.is equality

    Expected: true
    Received: false

      26 |             // 2. Presence of logout button or user menu
      27 |             // 3. Absence of login form
    > 28 |             expect(await authPage.isLoggedIn()).toBe(true);
         |                                                 ^
      29 |             expect(await authPage.isOnLoginPage()).toBe(false);
      30 |
      31 |             // TODO: Verify specific post-login elements exist
        at C:\Users\Carlo\qa-assessment-fastapi-playwright-carlos-daniel\tests\auth.login.spec.ts:28:49

    attachment #1: screenshot (image/png) ──────────────────────────────────────────────────────────
    ..\test-results\auth.login-Authentication--21bc4-ith-valid-admin-credentials-chromium-retry1\test-failed-1.png
    ────────────────────────────────────────────────────────────────────────────────────────────────

    Error Context: ..\test-results\auth.login-Authentication--21bc4-ith-valid-admin-credentials-chromium-retry1\error-context.md

    attachment #3: trace (application/zip) ─────────────────────────────────────────────────────────
    ..\test-results\auth.login-Authentication--21bc4-ith-valid-admin-credentials-chromium-retry1\trace.zip
    Usage:

        npx playwright show-trace ..\test-results\auth.login-Authentication--21bc4-ith-valid-admin-credentials-chromium-retry1\trace.zip

    ────────────────────────────────────────────────────────────────────────────────────────────────
]]>
</failure>
<system-out>
<![CDATA[
[[ATTACHMENT|..\test-results\auth.login-Authentication--21bc4-ith-valid-admin-credentials-chromium\test-failed-1.png]]

[[ATTACHMENT|..\test-results\auth.login-Authentication--21bc4-ith-valid-admin-credentials-chromium\error-context.md]]

[[ATTACHMENT|..\test-results\auth.login-Authentication--21bc4-ith-valid-admin-credentials-chromium\trace.zip]]

[[ATTACHMENT|..\test-results\auth.login-Authentication--21bc4-ith-valid-admin-credentials-chromium-retry1\test-failed-1.png]]

[[ATTACHMENT|..\test-results\auth.login-Authentication--21bc4-ith-valid-admin-credentials-chromium-retry1\error-context.md]]

[[ATTACHMENT|..\test-results\auth.login-Authentication--21bc4-ith-valid-admin-credentials-chromium-retry1\trace.zip]]
]]>
</system-out>
</testcase>
<testcase name="Authentication - Login › Positive Login Tests › should maintain session after page refresh" classname="auth.login.spec.ts" time="24.226">
<failure message="auth.login.spec.ts:38:13 should maintain session after page refresh" type="FAILURE">
<![CDATA[  [chromium] › auth.login.spec.ts:38:13 › Authentication - Login › Positive Login Tests › should maintain session after page refresh 

    Error: expect(received).toBe(expected) // Object.is equality

    Expected: true
    Received: false

      39 |             // Login first
      40 |             await authPage.login();
    > 41 |             expect(await authPage.isLoggedIn()).toBe(true);
         |                                                 ^
      42 |
      43 |             // Refresh page
      44 |             await page.reload();
        at C:\Users\Carlo\qa-assessment-fastapi-playwright-carlos-daniel\tests\auth.login.spec.ts:41:49

    attachment #1: screenshot (image/png) ──────────────────────────────────────────────────────────
    ..\test-results\auth.login-Authentication--cce55--session-after-page-refresh-chromium\test-failed-1.png
    ────────────────────────────────────────────────────────────────────────────────────────────────

    Error Context: ..\test-results\auth.login-Authentication--cce55--session-after-page-refresh-chromium\error-context.md

    attachment #3: trace (application/zip) ─────────────────────────────────────────────────────────
    ..\test-results\auth.login-Authentication--cce55--session-after-page-refresh-chromium\trace.zip
    Usage:

        npx playwright show-trace ..\test-results\auth.login-Authentication--cce55--session-after-page-refresh-chromium\trace.zip

    ────────────────────────────────────────────────────────────────────────────────────────────────

    Retry #1 ───────────────────────────────────────────────────────────────────────────────────────

    Error: expect(received).toBe(expected) // Object.is equality

    Expected: true
    Received: false

      39 |             // Login first
      40 |             await authPage.login();
    > 41 |             expect(await authPage.isLoggedIn()).toBe(true);
         |                                                 ^
      42 |
      43 |             // Refresh page
      44 |             await page.reload();
        at C:\Users\Carlo\qa-assessment-fastapi-playwright-carlos-daniel\tests\auth.login.spec.ts:41:49

    attachment #1: screenshot (image/png) ──────────────────────────────────────────────────────────
    ..\test-results\auth.login-Authentication--cce55--session-after-page-refresh-chromium-retry1\test-failed-1.png
    ────────────────────────────────────────────────────────────────────────────────────────────────

    Error Context: ..\test-results\auth.login-Authentication--cce55--session-after-page-refresh-chromium-retry1\error-context.md

    attachment #3: trace (application/zip) ─────────────────────────────────────────────────────────
    ..\test-results\auth.login-Authentication--cce55--session-after-page-refresh-chromium-retry1\trace.zip
    Usage:

        npx playwright show-trace ..\test-results\auth.login-Authentication--cce55--session-after-page-refresh-chromium-retry1\trace.zip

    ────────────────────────────────────────────────────────────────────────────────────────────────
]]>
</failure>
<system-out>
<![CDATA[
[[ATTACHMENT|..\test-results\auth.login-Authentication--cce55--session-after-page-refresh-chromium\test-failed-1.png]]

[[ATTACHMENT|..\test-results\auth.login-Authentication--cce55--session-after-page-refresh-chromium\error-context.md]]

[[ATTACHMENT|..\test-results\auth.login-Authentication--cce55--session-after-page-refresh-chromium\trace.zip]]

[[ATTACHMENT|..\test-results\auth.login-Authentication--cce55--session-after-page-refresh-chromium-retry1\test-failed-1.png]]

[[ATTACHMENT|..\test-results\auth.login-Authentication--cce55--session-after-page-refresh-chromium-retry1\error-context.md]]

[[ATTACHMENT|..\test-results\auth.login-Authentication--cce55--session-after-page-refresh-chromium-retry1\trace.zip]]
]]>
</system-out>
</testcase>
<testcase name="Authentication - Login › Positive Login Tests › should redirect to intended page after login" classname="auth.login.spec.ts" time="7.915">
</testcase>
<testcase name="Authentication - Login › Negative Login Tests › should show error for invalid email and password" classname="auth.login.spec.ts" time="28.271">
<failure message="auth.login.spec.ts:69:13 should show error for invalid email and password" type="FAILURE">
<![CDATA[  [chromium] › auth.login.spec.ts:69:13 › Authentication - Login › Negative Login Tests › should show error for invalid email and password 

    Error: expect(received).toBe(expected) // Object.is equality

    Expected: true
    Received: false

      74 |             // Verify login failed
      75 |             expect(await authPage.isLoggedIn()).toBe(false);
    > 76 |             expect(await authPage.hasLoginError()).toBe(true);
         |                                                    ^
      77 |
      78 |             // TODO: Verify specific error message based on actual app behavior
      79 |             const errorMessage = await authPage.getLoginError();
        at C:\Users\Carlo\qa-assessment-fastapi-playwright-carlos-daniel\tests\auth.login.spec.ts:76:52

    attachment #1: screenshot (image/png) ──────────────────────────────────────────────────────────
    ..\test-results\auth.login-Authentication--7a610--invalid-email-and-password-chromium\test-failed-1.png
    ────────────────────────────────────────────────────────────────────────────────────────────────

    Error Context: ..\test-results\auth.login-Authentication--7a610--invalid-email-and-password-chromium\error-context.md

    attachment #3: trace (application/zip) ─────────────────────────────────────────────────────────
    ..\test-results\auth.login-Authentication--7a610--invalid-email-and-password-chromium\trace.zip
    Usage:

        npx playwright show-trace ..\test-results\auth.login-Authentication--7a610--invalid-email-and-password-chromium\trace.zip

    ────────────────────────────────────────────────────────────────────────────────────────────────

    Retry #1 ───────────────────────────────────────────────────────────────────────────────────────

    Error: expect(received).toBe(expected) // Object.is equality

    Expected: true
    Received: false

      74 |             // Verify login failed
      75 |             expect(await authPage.isLoggedIn()).toBe(false);
    > 76 |             expect(await authPage.hasLoginError()).toBe(true);
         |                                                    ^
      77 |
      78 |             // TODO: Verify specific error message based on actual app behavior
      79 |             const errorMessage = await authPage.getLoginError();
        at C:\Users\Carlo\qa-assessment-fastapi-playwright-carlos-daniel\tests\auth.login.spec.ts:76:52

    attachment #1: screenshot (image/png) ──────────────────────────────────────────────────────────
    ..\test-results\auth.login-Authentication--7a610--invalid-email-and-password-chromium-retry1\test-failed-1.png
    ────────────────────────────────────────────────────────────────────────────────────────────────

    Error Context: ..\test-results\auth.login-Authentication--7a610--invalid-email-and-password-chromium-retry1\error-context.md

    attachment #3: trace (application/zip) ─────────────────────────────────────────────────────────
    ..\test-results\auth.login-Authentication--7a610--invalid-email-and-password-chromium-retry1\trace.zip
    Usage:

        npx playwright show-trace ..\test-results\auth.login-Authentication--7a610--invalid-email-and-password-chromium-retry1\trace.zip

    ────────────────────────────────────────────────────────────────────────────────────────────────
]]>
</failure>
<system-out>
<![CDATA[
[[ATTACHMENT|..\test-results\auth.login-Authentication--7a610--invalid-email-and-password-chromium\test-failed-1.png]]

[[ATTACHMENT|..\test-results\auth.login-Authentication--7a610--invalid-email-and-password-chromium\error-context.md]]

[[ATTACHMENT|..\test-results\auth.login-Authentication--7a610--invalid-email-and-password-chromium\trace.zip]]

[[ATTACHMENT|..\test-results\auth.login-Authentication--7a610--invalid-email-and-password-chromium-retry1\test-failed-1.png]]

[[ATTACHMENT|..\test-results\auth.login-Authentication--7a610--invalid-email-and-password-chromium-retry1\error-context.md]]

[[ATTACHMENT|..\test-results\auth.login-Authentication--7a610--invalid-email-and-password-chromium-retry1\trace.zip]]
]]>
</system-out>
</testcase>
<testcase name="Authentication - Login › Negative Login Tests › should show error for malformed email" classname="auth.login.spec.ts" time="11.624">
</testcase>
<testcase name="Authentication - Login › Negative Login Tests › should show error for empty credentials" classname="auth.login.spec.ts" time="12.74">
</testcase>
<testcase name="Authentication - Login › Negative Login Tests › should show error for correct email but wrong password" classname="auth.login.spec.ts" time="29.559">
<failure message="auth.login.spec.ts:113:13 should show error for correct email but wrong password" type="FAILURE">
<![CDATA[  [chromium] › auth.login.spec.ts:113:13 › Authentication - Login › Negative Login Tests › should show error for correct email but wrong password 

    Error: expect(received).toBe(expected) // Object.is equality

    Expected: true
    Received: false

      121 |             // Verify login failed with specific error
      122 |             expect(await authPage.isLoggedIn()).toBe(false);
    > 123 |             expect(await authPage.hasLoginError()).toBe(true);
          |                                                    ^
      124 |
      125 |             const errorMessage = await authPage.getLoginError();
      126 |             // TODO: Adjust based on actual error message
        at C:\Users\Carlo\qa-assessment-fastapi-playwright-carlos-daniel\tests\auth.login.spec.ts:123:52

    attachment #1: screenshot (image/png) ──────────────────────────────────────────────────────────
    ..\test-results\auth.login-Authentication--14f8e-ct-email-but-wrong-password-chromium\test-failed-1.png
    ────────────────────────────────────────────────────────────────────────────────────────────────

    Error Context: ..\test-results\auth.login-Authentication--14f8e-ct-email-but-wrong-password-chromium\error-context.md

    attachment #3: trace (application/zip) ─────────────────────────────────────────────────────────
    ..\test-results\auth.login-Authentication--14f8e-ct-email-but-wrong-password-chromium\trace.zip
    Usage:

        npx playwright show-trace ..\test-results\auth.login-Authentication--14f8e-ct-email-but-wrong-password-chromium\trace.zip

    ────────────────────────────────────────────────────────────────────────────────────────────────

    Retry #1 ───────────────────────────────────────────────────────────────────────────────────────

    Error: expect(received).toBe(expected) // Object.is equality

    Expected: true
    Received: false

      121 |             // Verify login failed with specific error
      122 |             expect(await authPage.isLoggedIn()).toBe(false);
    > 123 |             expect(await authPage.hasLoginError()).toBe(true);
          |                                                    ^
      124 |
      125 |             const errorMessage = await authPage.getLoginError();
      126 |             // TODO: Adjust based on actual error message
        at C:\Users\Carlo\qa-assessment-fastapi-playwright-carlos-daniel\tests\auth.login.spec.ts:123:52

    attachment #1: screenshot (image/png) ──────────────────────────────────────────────────────────
    ..\test-results\auth.login-Authentication--14f8e-ct-email-but-wrong-password-chromium-retry1\test-failed-1.png
    ────────────────────────────────────────────────────────────────────────────────────────────────

    Error Context: ..\test-results\auth.login-Authentication--14f8e-ct-email-but-wrong-password-chromium-retry1\error-context.md

    attachment #3: trace (application/zip) ─────────────────────────────────────────────────────────
    ..\test-results\auth.login-Authentication--14f8e-ct-email-but-wrong-password-chromium-retry1\trace.zip
    Usage:

        npx playwright show-trace ..\test-results\auth.login-Authentication--14f8e-ct-email-but-wrong-password-chromium-retry1\trace.zip

    ────────────────────────────────────────────────────────────────────────────────────────────────
]]>
</failure>
<system-out>
<![CDATA[
[[ATTACHMENT|..\test-results\auth.login-Authentication--14f8e-ct-email-but-wrong-password-chromium\test-failed-1.png]]

[[ATTACHMENT|..\test-results\auth.login-Authentication--14f8e-ct-email-but-wrong-password-chromium\error-context.md]]

[[ATTACHMENT|..\test-results\auth.login-Authentication--14f8e-ct-email-but-wrong-password-chromium\trace.zip]]

[[ATTACHMENT|..\test-results\auth.login-Authentication--14f8e-ct-email-but-wrong-password-chromium-retry1\test-failed-1.png]]

[[ATTACHMENT|..\test-results\auth.login-Authentication--14f8e-ct-email-but-wrong-password-chromium-retry1\error-context.md]]

[[ATTACHMENT|..\test-results\auth.login-Authentication--14f8e-ct-email-but-wrong-password-chromium-retry1\trace.zip]]
]]>
</system-out>
</testcase>
<testcase name="Authentication - Login › Login Form Behavior › should focus email field on page load" classname="auth.login.spec.ts" time="5.176">
</testcase>
<testcase name="Authentication - Login › Login Form Behavior › should allow tab navigation between fields" classname="auth.login.spec.ts" time="5.714">
</testcase>
<testcase name="Authentication - Login › Login Form Behavior › should submit form on Enter key" classname="auth.login.spec.ts" time="7.535">
</testcase>
</testsuite>
<testsuite name="entities.crud.spec.ts" timestamp="2025-09-06T20:39:18.478Z" hostname="chromium" tests="14" failures="14" skipped="0" time="380.793" errors="0">
<testcase name="Entity CRUD Operations › Create Entity › should create new entity successfully" classname="entities.crud.spec.ts" time="27.408">
<failure message="entities.crud.spec.ts:30:13 should create new entity successfully" type="FAILURE">
<![CDATA[  [chromium] › entities.crud.spec.ts:30:13 › Entity CRUD Operations › Create Entity › should create new entity successfully 

    Error: expect(received).toBe(expected) // Object.is equality

    Expected: true
    Received: false

      24 |         // TODO: Skip login if test doesn't require authentication
      25 |         await authPage.login();
    > 26 |         expect(await authPage.isLoggedIn()).toBe(true);
         |                                             ^
      27 |     });
      28 |
      29 |     test.describe('Create Entity', () => {
        at C:\Users\Carlo\qa-assessment-fastapi-playwright-carlos-daniel\tests\entities.crud.spec.ts:26:45

    attachment #1: screenshot (image/png) ──────────────────────────────────────────────────────────
    ..\test-results\entities.crud-Entity-CRUD--3f5a8-ate-new-entity-successfully-chromium\test-failed-1.png
    ────────────────────────────────────────────────────────────────────────────────────────────────

    Error Context: ..\test-results\entities.crud-Entity-CRUD--3f5a8-ate-new-entity-successfully-chromium\error-context.md

    attachment #3: trace (application/zip) ─────────────────────────────────────────────────────────
    ..\test-results\entities.crud-Entity-CRUD--3f5a8-ate-new-entity-successfully-chromium\trace.zip
    Usage:

        npx playwright show-trace ..\test-results\entities.crud-Entity-CRUD--3f5a8-ate-new-entity-successfully-chromium\trace.zip

    ────────────────────────────────────────────────────────────────────────────────────────────────

    Retry #1 ───────────────────────────────────────────────────────────────────────────────────────

    Error: expect(received).toBe(expected) // Object.is equality

    Expected: true
    Received: false

      24 |         // TODO: Skip login if test doesn't require authentication
      25 |         await authPage.login();
    > 26 |         expect(await authPage.isLoggedIn()).toBe(true);
         |                                             ^
      27 |     });
      28 |
      29 |     test.describe('Create Entity', () => {
        at C:\Users\Carlo\qa-assessment-fastapi-playwright-carlos-daniel\tests\entities.crud.spec.ts:26:45

    attachment #1: screenshot (image/png) ──────────────────────────────────────────────────────────
    ..\test-results\entities.crud-Entity-CRUD--3f5a8-ate-new-entity-successfully-chromium-retry1\test-failed-1.png
    ────────────────────────────────────────────────────────────────────────────────────────────────

    Error Context: ..\test-results\entities.crud-Entity-CRUD--3f5a8-ate-new-entity-successfully-chromium-retry1\error-context.md

    attachment #3: trace (application/zip) ─────────────────────────────────────────────────────────
    ..\test-results\entities.crud-Entity-CRUD--3f5a8-ate-new-entity-successfully-chromium-retry1\trace.zip
    Usage:

        npx playwright show-trace ..\test-results\entities.crud-Entity-CRUD--3f5a8-ate-new-entity-successfully-chromium-retry1\trace.zip

    ────────────────────────────────────────────────────────────────────────────────────────────────
]]>
</failure>
<system-out>
<![CDATA[
[[ATTACHMENT|..\test-results\entities.crud-Entity-CRUD--3f5a8-ate-new-entity-successfully-chromium\test-failed-1.png]]

[[ATTACHMENT|..\test-results\entities.crud-Entity-CRUD--3f5a8-ate-new-entity-successfully-chromium\error-context.md]]

[[ATTACHMENT|..\test-results\entities.crud-Entity-CRUD--3f5a8-ate-new-entity-successfully-chromium\trace.zip]]

[[ATTACHMENT|..\test-results\entities.crud-Entity-CRUD--3f5a8-ate-new-entity-successfully-chromium-retry1\test-failed-1.png]]

[[ATTACHMENT|..\test-results\entities.crud-Entity-CRUD--3f5a8-ate-new-entity-successfully-chromium-retry1\error-context.md]]

[[ATTACHMENT|..\test-results\entities.crud-Entity-CRUD--3f5a8-ate-new-entity-successfully-chromium-retry1\trace.zip]]
]]>
</system-out>
</testcase>
<testcase name="Entity CRUD Operations › Create Entity › should validate required fields on create" classname="entities.crud.spec.ts" time="27.127">
<failure message="entities.crud.spec.ts:53:13 should validate required fields on create" type="FAILURE">
<![CDATA[  [chromium] › entities.crud.spec.ts:53:13 › Entity CRUD Operations › Create Entity › should validate required fields on create 

    Error: expect(received).toBe(expected) // Object.is equality

    Expected: true
    Received: false

      24 |         // TODO: Skip login if test doesn't require authentication
      25 |         await authPage.login();
    > 26 |         expect(await authPage.isLoggedIn()).toBe(true);
         |                                             ^
      27 |     });
      28 |
      29 |     test.describe('Create Entity', () => {
        at C:\Users\Carlo\qa-assessment-fastapi-playwright-carlos-daniel\tests\entities.crud.spec.ts:26:45

    attachment #1: screenshot (image/png) ──────────────────────────────────────────────────────────
    ..\test-results\entities.crud-Entity-CRUD--0fdb0-e-required-fields-on-create-chromium\test-failed-1.png
    ────────────────────────────────────────────────────────────────────────────────────────────────

    Error Context: ..\test-results\entities.crud-Entity-CRUD--0fdb0-e-required-fields-on-create-chromium\error-context.md

    attachment #3: trace (application/zip) ─────────────────────────────────────────────────────────
    ..\test-results\entities.crud-Entity-CRUD--0fdb0-e-required-fields-on-create-chromium\trace.zip
    Usage:

        npx playwright show-trace ..\test-results\entities.crud-Entity-CRUD--0fdb0-e-required-fields-on-create-chromium\trace.zip

    ────────────────────────────────────────────────────────────────────────────────────────────────

    Retry #1 ───────────────────────────────────────────────────────────────────────────────────────

    Error: expect(received).toBe(expected) // Object.is equality

    Expected: true
    Received: false

      24 |         // TODO: Skip login if test doesn't require authentication
      25 |         await authPage.login();
    > 26 |         expect(await authPage.isLoggedIn()).toBe(true);
         |                                             ^
      27 |     });
      28 |
      29 |     test.describe('Create Entity', () => {
        at C:\Users\Carlo\qa-assessment-fastapi-playwright-carlos-daniel\tests\entities.crud.spec.ts:26:45

    attachment #1: screenshot (image/png) ──────────────────────────────────────────────────────────
    ..\test-results\entities.crud-Entity-CRUD--0fdb0-e-required-fields-on-create-chromium-retry1\test-failed-1.png
    ────────────────────────────────────────────────────────────────────────────────────────────────

    Error Context: ..\test-results\entities.crud-Entity-CRUD--0fdb0-e-required-fields-on-create-chromium-retry1\error-context.md

    attachment #3: trace (application/zip) ─────────────────────────────────────────────────────────
    ..\test-results\entities.crud-Entity-CRUD--0fdb0-e-required-fields-on-create-chromium-retry1\trace.zip
    Usage:

        npx playwright show-trace ..\test-results\entities.crud-Entity-CRUD--0fdb0-e-required-fields-on-create-chromium-retry1\trace.zip

    ────────────────────────────────────────────────────────────────────────────────────────────────
]]>
</failure>
<system-out>
<![CDATA[
[[ATTACHMENT|..\test-results\entities.crud-Entity-CRUD--0fdb0-e-required-fields-on-create-chromium\test-failed-1.png]]

[[ATTACHMENT|..\test-results\entities.crud-Entity-CRUD--0fdb0-e-required-fields-on-create-chromium\error-context.md]]

[[ATTACHMENT|..\test-results\entities.crud-Entity-CRUD--0fdb0-e-required-fields-on-create-chromium\trace.zip]]

[[ATTACHMENT|..\test-results\entities.crud-Entity-CRUD--0fdb0-e-required-fields-on-create-chromium-retry1\test-failed-1.png]]

[[ATTACHMENT|..\test-results\entities.crud-Entity-CRUD--0fdb0-e-required-fields-on-create-chromium-retry1\error-context.md]]

[[ATTACHMENT|..\test-results\entities.crud-Entity-CRUD--0fdb0-e-required-fields-on-create-chromium-retry1\trace.zip]]
]]>
</system-out>
</testcase>
<testcase name="Entity CRUD Operations › Create Entity › should handle create form cancellation" classname="entities.crud.spec.ts" time="27.396">
<failure message="entities.crud.spec.ts:71:13 should handle create form cancellation" type="FAILURE">
<![CDATA[  [chromium] › entities.crud.spec.ts:71:13 › Entity CRUD Operations › Create Entity › should handle create form cancellation 

    Error: expect(received).toBe(expected) // Object.is equality

    Expected: true
    Received: false

      24 |         // TODO: Skip login if test doesn't require authentication
      25 |         await authPage.login();
    > 26 |         expect(await authPage.isLoggedIn()).toBe(true);
         |                                             ^
      27 |     });
      28 |
      29 |     test.describe('Create Entity', () => {
        at C:\Users\Carlo\qa-assessment-fastapi-playwright-carlos-daniel\tests\entities.crud.spec.ts:26:45

    attachment #1: screenshot (image/png) ──────────────────────────────────────────────────────────
    ..\test-results\entities.crud-Entity-CRUD--7ba47-le-create-form-cancellation-chromium\test-failed-1.png
    ────────────────────────────────────────────────────────────────────────────────────────────────

    Error Context: ..\test-results\entities.crud-Entity-CRUD--7ba47-le-create-form-cancellation-chromium\error-context.md

    attachment #3: trace (application/zip) ─────────────────────────────────────────────────────────
    ..\test-results\entities.crud-Entity-CRUD--7ba47-le-create-form-cancellation-chromium\trace.zip
    Usage:

        npx playwright show-trace ..\test-results\entities.crud-Entity-CRUD--7ba47-le-create-form-cancellation-chromium\trace.zip

    ────────────────────────────────────────────────────────────────────────────────────────────────

    Retry #1 ───────────────────────────────────────────────────────────────────────────────────────

    Error: expect(received).toBe(expected) // Object.is equality

    Expected: true
    Received: false

      24 |         // TODO: Skip login if test doesn't require authentication
      25 |         await authPage.login();
    > 26 |         expect(await authPage.isLoggedIn()).toBe(true);
         |                                             ^
      27 |     });
      28 |
      29 |     test.describe('Create Entity', () => {
        at C:\Users\Carlo\qa-assessment-fastapi-playwright-carlos-daniel\tests\entities.crud.spec.ts:26:45

    attachment #1: screenshot (image/png) ──────────────────────────────────────────────────────────
    ..\test-results\entities.crud-Entity-CRUD--7ba47-le-create-form-cancellation-chromium-retry1\test-failed-1.png
    ────────────────────────────────────────────────────────────────────────────────────────────────

    Error Context: ..\test-results\entities.crud-Entity-CRUD--7ba47-le-create-form-cancellation-chromium-retry1\error-context.md

    attachment #3: trace (application/zip) ─────────────────────────────────────────────────────────
    ..\test-results\entities.crud-Entity-CRUD--7ba47-le-create-form-cancellation-chromium-retry1\trace.zip
    Usage:

        npx playwright show-trace ..\test-results\entities.crud-Entity-CRUD--7ba47-le-create-form-cancellation-chromium-retry1\trace.zip

    ────────────────────────────────────────────────────────────────────────────────────────────────
]]>
</failure>
<system-out>
<![CDATA[
[[ATTACHMENT|..\test-results\entities.crud-Entity-CRUD--7ba47-le-create-form-cancellation-chromium\test-failed-1.png]]

[[ATTACHMENT|..\test-results\entities.crud-Entity-CRUD--7ba47-le-create-form-cancellation-chromium\error-context.md]]

[[ATTACHMENT|..\test-results\entities.crud-Entity-CRUD--7ba47-le-create-form-cancellation-chromium\trace.zip]]

[[ATTACHMENT|..\test-results\entities.crud-Entity-CRUD--7ba47-le-create-form-cancellation-chromium-retry1\test-failed-1.png]]

[[ATTACHMENT|..\test-results\entities.crud-Entity-CRUD--7ba47-le-create-form-cancellation-chromium-retry1\error-context.md]]

[[ATTACHMENT|..\test-results\entities.crud-Entity-CRUD--7ba47-le-create-form-cancellation-chromium-retry1\trace.zip]]
]]>
</system-out>
</testcase>
<testcase name="Entity CRUD Operations › Read/View Entity › should display entity list" classname="entities.crud.spec.ts" time="27.202">
<failure message="entities.crud.spec.ts:94:13 should display entity list" type="FAILURE">
<![CDATA[  [chromium] › entities.crud.spec.ts:94:13 › Entity CRUD Operations › Read/View Entity › should display entity list 

    Error: expect(received).toBe(expected) // Object.is equality

    Expected: true
    Received: false

      24 |         // TODO: Skip login if test doesn't require authentication
      25 |         await authPage.login();
    > 26 |         expect(await authPage.isLoggedIn()).toBe(true);
         |                                             ^
      27 |     });
      28 |
      29 |     test.describe('Create Entity', () => {
        at C:\Users\Carlo\qa-assessment-fastapi-playwright-carlos-daniel\tests\entities.crud.spec.ts:26:45

    attachment #1: screenshot (image/png) ──────────────────────────────────────────────────────────
    ..\test-results\entities.crud-Entity-CRUD--84584--should-display-entity-list-chromium\test-failed-1.png
    ────────────────────────────────────────────────────────────────────────────────────────────────

    Error Context: ..\test-results\entities.crud-Entity-CRUD--84584--should-display-entity-list-chromium\error-context.md

    attachment #3: trace (application/zip) ─────────────────────────────────────────────────────────
    ..\test-results\entities.crud-Entity-CRUD--84584--should-display-entity-list-chromium\trace.zip
    Usage:

        npx playwright show-trace ..\test-results\entities.crud-Entity-CRUD--84584--should-display-entity-list-chromium\trace.zip

    ────────────────────────────────────────────────────────────────────────────────────────────────

    Retry #1 ───────────────────────────────────────────────────────────────────────────────────────

    Error: expect(received).toBe(expected) // Object.is equality

    Expected: true
    Received: false

      24 |         // TODO: Skip login if test doesn't require authentication
      25 |         await authPage.login();
    > 26 |         expect(await authPage.isLoggedIn()).toBe(true);
         |                                             ^
      27 |     });
      28 |
      29 |     test.describe('Create Entity', () => {
        at C:\Users\Carlo\qa-assessment-fastapi-playwright-carlos-daniel\tests\entities.crud.spec.ts:26:45

    attachment #1: screenshot (image/png) ──────────────────────────────────────────────────────────
    ..\test-results\entities.crud-Entity-CRUD--84584--should-display-entity-list-chromium-retry1\test-failed-1.png
    ────────────────────────────────────────────────────────────────────────────────────────────────

    Error Context: ..\test-results\entities.crud-Entity-CRUD--84584--should-display-entity-list-chromium-retry1\error-context.md

    attachment #3: trace (application/zip) ─────────────────────────────────────────────────────────
    ..\test-results\entities.crud-Entity-CRUD--84584--should-display-entity-list-chromium-retry1\trace.zip
    Usage:

        npx playwright show-trace ..\test-results\entities.crud-Entity-CRUD--84584--should-display-entity-list-chromium-retry1\trace.zip

    ────────────────────────────────────────────────────────────────────────────────────────────────
]]>
</failure>
<system-out>
<![CDATA[
[[ATTACHMENT|..\test-results\entities.crud-Entity-CRUD--84584--should-display-entity-list-chromium\test-failed-1.png]]

[[ATTACHMENT|..\test-results\entities.crud-Entity-CRUD--84584--should-display-entity-list-chromium\error-context.md]]

[[ATTACHMENT|..\test-results\entities.crud-Entity-CRUD--84584--should-display-entity-list-chromium\trace.zip]]

[[ATTACHMENT|..\test-results\entities.crud-Entity-CRUD--84584--should-display-entity-list-chromium-retry1\test-failed-1.png]]

[[ATTACHMENT|..\test-results\entities.crud-Entity-CRUD--84584--should-display-entity-list-chromium-retry1\error-context.md]]

[[ATTACHMENT|..\test-results\entities.crud-Entity-CRUD--84584--should-display-entity-list-chromium-retry1\trace.zip]]
]]>
</system-out>
</testcase>
<testcase name="Entity CRUD Operations › Read/View Entity › should handle empty list state" classname="entities.crud.spec.ts" time="27.252">
<failure message="entities.crud.spec.ts:110:13 should handle empty list state" type="FAILURE">
<![CDATA[  [chromium] › entities.crud.spec.ts:110:13 › Entity CRUD Operations › Read/View Entity › should handle empty list state 

    Error: expect(received).toBe(expected) // Object.is equality

    Expected: true
    Received: false

      24 |         // TODO: Skip login if test doesn't require authentication
      25 |         await authPage.login();
    > 26 |         expect(await authPage.isLoggedIn()).toBe(true);
         |                                             ^
      27 |     });
      28 |
      29 |     test.describe('Create Entity', () => {
        at C:\Users\Carlo\qa-assessment-fastapi-playwright-carlos-daniel\tests\entities.crud.spec.ts:26:45

    attachment #1: screenshot (image/png) ──────────────────────────────────────────────────────────
    ..\test-results\entities.crud-Entity-CRUD--3b010-uld-handle-empty-list-state-chromium\test-failed-1.png
    ────────────────────────────────────────────────────────────────────────────────────────────────

    Error Context: ..\test-results\entities.crud-Entity-CRUD--3b010-uld-handle-empty-list-state-chromium\error-context.md

    attachment #3: trace (application/zip) ─────────────────────────────────────────────────────────
    ..\test-results\entities.crud-Entity-CRUD--3b010-uld-handle-empty-list-state-chromium\trace.zip
    Usage:

        npx playwright show-trace ..\test-results\entities.crud-Entity-CRUD--3b010-uld-handle-empty-list-state-chromium\trace.zip

    ────────────────────────────────────────────────────────────────────────────────────────────────

    Retry #1 ───────────────────────────────────────────────────────────────────────────────────────

    Error: expect(received).toBe(expected) // Object.is equality

    Expected: true
    Received: false

      24 |         // TODO: Skip login if test doesn't require authentication
      25 |         await authPage.login();
    > 26 |         expect(await authPage.isLoggedIn()).toBe(true);
         |                                             ^
      27 |     });
      28 |
      29 |     test.describe('Create Entity', () => {
        at C:\Users\Carlo\qa-assessment-fastapi-playwright-carlos-daniel\tests\entities.crud.spec.ts:26:45

    attachment #1: screenshot (image/png) ──────────────────────────────────────────────────────────
    ..\test-results\entities.crud-Entity-CRUD--3b010-uld-handle-empty-list-state-chromium-retry1\test-failed-1.png
    ────────────────────────────────────────────────────────────────────────────────────────────────

    Error Context: ..\test-results\entities.crud-Entity-CRUD--3b010-uld-handle-empty-list-state-chromium-retry1\error-context.md

    attachment #3: trace (application/zip) ─────────────────────────────────────────────────────────
    ..\test-results\entities.crud-Entity-CRUD--3b010-uld-handle-empty-list-state-chromium-retry1\trace.zip
    Usage:

        npx playwright show-trace ..\test-results\entities.crud-Entity-CRUD--3b010-uld-handle-empty-list-state-chromium-retry1\trace.zip

    ────────────────────────────────────────────────────────────────────────────────────────────────
]]>
</failure>
<system-out>
<![CDATA[
[[ATTACHMENT|..\test-results\entities.crud-Entity-CRUD--3b010-uld-handle-empty-list-state-chromium\test-failed-1.png]]

[[ATTACHMENT|..\test-results\entities.crud-Entity-CRUD--3b010-uld-handle-empty-list-state-chromium\error-context.md]]

[[ATTACHMENT|..\test-results\entities.crud-Entity-CRUD--3b010-uld-handle-empty-list-state-chromium\trace.zip]]

[[ATTACHMENT|..\test-results\entities.crud-Entity-CRUD--3b010-uld-handle-empty-list-state-chromium-retry1\test-failed-1.png]]

[[ATTACHMENT|..\test-results\entities.crud-Entity-CRUD--3b010-uld-handle-empty-list-state-chromium-retry1\error-context.md]]

[[ATTACHMENT|..\test-results\entities.crud-Entity-CRUD--3b010-uld-handle-empty-list-state-chromium-retry1\trace.zip]]
]]>
</system-out>
</testcase>
<testcase name="Entity CRUD Operations › Update Entity › should update existing entity successfully" classname="entities.crud.spec.ts" time="26.811">
<failure message="entities.crud.spec.ts:125:13 should update existing entity successfully" type="FAILURE">
<![CDATA[  [chromium] › entities.crud.spec.ts:125:13 › Entity CRUD Operations › Update Entity › should update existing entity successfully 

    Error: expect(received).toBe(expected) // Object.is equality

    Expected: true
    Received: false

      24 |         // TODO: Skip login if test doesn't require authentication
      25 |         await authPage.login();
    > 26 |         expect(await authPage.isLoggedIn()).toBe(true);
         |                                             ^
      27 |     });
      28 |
      29 |     test.describe('Create Entity', () => {
        at C:\Users\Carlo\qa-assessment-fastapi-playwright-carlos-daniel\tests\entities.crud.spec.ts:26:45

    attachment #1: screenshot (image/png) ──────────────────────────────────────────────────────────
    ..\test-results\entities.crud-Entity-CRUD--327c2-xisting-entity-successfully-chromium\test-failed-1.png
    ────────────────────────────────────────────────────────────────────────────────────────────────

    Error Context: ..\test-results\entities.crud-Entity-CRUD--327c2-xisting-entity-successfully-chromium\error-context.md

    attachment #3: trace (application/zip) ─────────────────────────────────────────────────────────
    ..\test-results\entities.crud-Entity-CRUD--327c2-xisting-entity-successfully-chromium\trace.zip
    Usage:

        npx playwright show-trace ..\test-results\entities.crud-Entity-CRUD--327c2-xisting-entity-successfully-chromium\trace.zip

    ────────────────────────────────────────────────────────────────────────────────────────────────

    Retry #1 ───────────────────────────────────────────────────────────────────────────────────────

    Error: expect(received).toBe(expected) // Object.is equality

    Expected: true
    Received: false

      24 |         // TODO: Skip login if test doesn't require authentication
      25 |         await authPage.login();
    > 26 |         expect(await authPage.isLoggedIn()).toBe(true);
         |                                             ^
      27 |     });
      28 |
      29 |     test.describe('Create Entity', () => {
        at C:\Users\Carlo\qa-assessment-fastapi-playwright-carlos-daniel\tests\entities.crud.spec.ts:26:45

    attachment #1: screenshot (image/png) ──────────────────────────────────────────────────────────
    ..\test-results\entities.crud-Entity-CRUD--327c2-xisting-entity-successfully-chromium-retry1\test-failed-1.png
    ────────────────────────────────────────────────────────────────────────────────────────────────

    Error Context: ..\test-results\entities.crud-Entity-CRUD--327c2-xisting-entity-successfully-chromium-retry1\error-context.md

    attachment #3: trace (application/zip) ─────────────────────────────────────────────────────────
    ..\test-results\entities.crud-Entity-CRUD--327c2-xisting-entity-successfully-chromium-retry1\trace.zip
    Usage:

        npx playwright show-trace ..\test-results\entities.crud-Entity-CRUD--327c2-xisting-entity-successfully-chromium-retry1\trace.zip

    ────────────────────────────────────────────────────────────────────────────────────────────────
]]>
</failure>
<system-out>
<![CDATA[
[[ATTACHMENT|..\test-results\entities.crud-Entity-CRUD--327c2-xisting-entity-successfully-chromium\test-failed-1.png]]

[[ATTACHMENT|..\test-results\entities.crud-Entity-CRUD--327c2-xisting-entity-successfully-chromium\error-context.md]]

[[ATTACHMENT|..\test-results\entities.crud-Entity-CRUD--327c2-xisting-entity-successfully-chromium\trace.zip]]

[[ATTACHMENT|..\test-results\entities.crud-Entity-CRUD--327c2-xisting-entity-successfully-chromium-retry1\test-failed-1.png]]

[[ATTACHMENT|..\test-results\entities.crud-Entity-CRUD--327c2-xisting-entity-successfully-chromium-retry1\error-context.md]]

[[ATTACHMENT|..\test-results\entities.crud-Entity-CRUD--327c2-xisting-entity-successfully-chromium-retry1\trace.zip]]
]]>
</system-out>
</testcase>
<testcase name="Entity CRUD Operations › Update Entity › should validate fields on update" classname="entities.crud.spec.ts" time="26.866">
<failure message="entities.crud.spec.ts:146:13 should validate fields on update" type="FAILURE">
<![CDATA[  [chromium] › entities.crud.spec.ts:146:13 › Entity CRUD Operations › Update Entity › should validate fields on update 

    Error: expect(received).toBe(expected) // Object.is equality

    Expected: true
    Received: false

      24 |         // TODO: Skip login if test doesn't require authentication
      25 |         await authPage.login();
    > 26 |         expect(await authPage.isLoggedIn()).toBe(true);
         |                                             ^
      27 |     });
      28 |
      29 |     test.describe('Create Entity', () => {
        at C:\Users\Carlo\qa-assessment-fastapi-playwright-carlos-daniel\tests\entities.crud.spec.ts:26:45

    attachment #1: screenshot (image/png) ──────────────────────────────────────────────────────────
    ..\test-results\entities.crud-Entity-CRUD--93140-d-validate-fields-on-update-chromium\test-failed-1.png
    ────────────────────────────────────────────────────────────────────────────────────────────────

    Error Context: ..\test-results\entities.crud-Entity-CRUD--93140-d-validate-fields-on-update-chromium\error-context.md

    attachment #3: trace (application/zip) ─────────────────────────────────────────────────────────
    ..\test-results\entities.crud-Entity-CRUD--93140-d-validate-fields-on-update-chromium\trace.zip
    Usage:

        npx playwright show-trace ..\test-results\entities.crud-Entity-CRUD--93140-d-validate-fields-on-update-chromium\trace.zip

    ────────────────────────────────────────────────────────────────────────────────────────────────

    Retry #1 ───────────────────────────────────────────────────────────────────────────────────────

    Error: expect(received).toBe(expected) // Object.is equality

    Expected: true
    Received: false

      24 |         // TODO: Skip login if test doesn't require authentication
      25 |         await authPage.login();
    > 26 |         expect(await authPage.isLoggedIn()).toBe(true);
         |                                             ^
      27 |     });
      28 |
      29 |     test.describe('Create Entity', () => {
        at C:\Users\Carlo\qa-assessment-fastapi-playwright-carlos-daniel\tests\entities.crud.spec.ts:26:45

    attachment #1: screenshot (image/png) ──────────────────────────────────────────────────────────
    ..\test-results\entities.crud-Entity-CRUD--93140-d-validate-fields-on-update-chromium-retry1\test-failed-1.png
    ────────────────────────────────────────────────────────────────────────────────────────────────

    Error Context: ..\test-results\entities.crud-Entity-CRUD--93140-d-validate-fields-on-update-chromium-retry1\error-context.md

    attachment #3: trace (application/zip) ─────────────────────────────────────────────────────────
    ..\test-results\entities.crud-Entity-CRUD--93140-d-validate-fields-on-update-chromium-retry1\trace.zip
    Usage:

        npx playwright show-trace ..\test-results\entities.crud-Entity-CRUD--93140-d-validate-fields-on-update-chromium-retry1\trace.zip

    ────────────────────────────────────────────────────────────────────────────────────────────────
]]>
</failure>
<system-out>
<![CDATA[
[[ATTACHMENT|..\test-results\entities.crud-Entity-CRUD--93140-d-validate-fields-on-update-chromium\test-failed-1.png]]

[[ATTACHMENT|..\test-results\entities.crud-Entity-CRUD--93140-d-validate-fields-on-update-chromium\error-context.md]]

[[ATTACHMENT|..\test-results\entities.crud-Entity-CRUD--93140-d-validate-fields-on-update-chromium\trace.zip]]

[[ATTACHMENT|..\test-results\entities.crud-Entity-CRUD--93140-d-validate-fields-on-update-chromium-retry1\test-failed-1.png]]

[[ATTACHMENT|..\test-results\entities.crud-Entity-CRUD--93140-d-validate-fields-on-update-chromium-retry1\error-context.md]]

[[ATTACHMENT|..\test-results\entities.crud-Entity-CRUD--93140-d-validate-fields-on-update-chromium-retry1\trace.zip]]
]]>
</system-out>
</testcase>
<testcase name="Entity CRUD Operations › Update Entity › should handle update form cancellation" classname="entities.crud.spec.ts" time="26.816">
<failure message="entities.crud.spec.ts:166:13 should handle update form cancellation" type="FAILURE">
<![CDATA[  [chromium] › entities.crud.spec.ts:166:13 › Entity CRUD Operations › Update Entity › should handle update form cancellation 

    Error: expect(received).toBe(expected) // Object.is equality

    Expected: true
    Received: false

      24 |         // TODO: Skip login if test doesn't require authentication
      25 |         await authPage.login();
    > 26 |         expect(await authPage.isLoggedIn()).toBe(true);
         |                                             ^
      27 |     });
      28 |
      29 |     test.describe('Create Entity', () => {
        at C:\Users\Carlo\qa-assessment-fastapi-playwright-carlos-daniel\tests\entities.crud.spec.ts:26:45

    attachment #1: screenshot (image/png) ──────────────────────────────────────────────────────────
    ..\test-results\entities.crud-Entity-CRUD--aec55-le-update-form-cancellation-chromium\test-failed-1.png
    ────────────────────────────────────────────────────────────────────────────────────────────────

    Error Context: ..\test-results\entities.crud-Entity-CRUD--aec55-le-update-form-cancellation-chromium\error-context.md

    attachment #3: trace (application/zip) ─────────────────────────────────────────────────────────
    ..\test-results\entities.crud-Entity-CRUD--aec55-le-update-form-cancellation-chromium\trace.zip
    Usage:

        npx playwright show-trace ..\test-results\entities.crud-Entity-CRUD--aec55-le-update-form-cancellation-chromium\trace.zip

    ────────────────────────────────────────────────────────────────────────────────────────────────

    Retry #1 ───────────────────────────────────────────────────────────────────────────────────────

    Error: expect(received).toBe(expected) // Object.is equality

    Expected: true
    Received: false

      24 |         // TODO: Skip login if test doesn't require authentication
      25 |         await authPage.login();
    > 26 |         expect(await authPage.isLoggedIn()).toBe(true);
         |                                             ^
      27 |     });
      28 |
      29 |     test.describe('Create Entity', () => {
        at C:\Users\Carlo\qa-assessment-fastapi-playwright-carlos-daniel\tests\entities.crud.spec.ts:26:45

    attachment #1: screenshot (image/png) ──────────────────────────────────────────────────────────
    ..\test-results\entities.crud-Entity-CRUD--aec55-le-update-form-cancellation-chromium-retry1\test-failed-1.png
    ────────────────────────────────────────────────────────────────────────────────────────────────

    Error Context: ..\test-results\entities.crud-Entity-CRUD--aec55-le-update-form-cancellation-chromium-retry1\error-context.md

    attachment #3: trace (application/zip) ─────────────────────────────────────────────────────────
    ..\test-results\entities.crud-Entity-CRUD--aec55-le-update-form-cancellation-chromium-retry1\trace.zip
    Usage:

        npx playwright show-trace ..\test-results\entities.crud-Entity-CRUD--aec55-le-update-form-cancellation-chromium-retry1\trace.zip

    ────────────────────────────────────────────────────────────────────────────────────────────────
]]>
</failure>
<system-out>
<![CDATA[
[[ATTACHMENT|..\test-results\entities.crud-Entity-CRUD--aec55-le-update-form-cancellation-chromium\test-failed-1.png]]

[[ATTACHMENT|..\test-results\entities.crud-Entity-CRUD--aec55-le-update-form-cancellation-chromium\error-context.md]]

[[ATTACHMENT|..\test-results\entities.crud-Entity-CRUD--aec55-le-update-form-cancellation-chromium\trace.zip]]

[[ATTACHMENT|..\test-results\entities.crud-Entity-CRUD--aec55-le-update-form-cancellation-chromium-retry1\test-failed-1.png]]

[[ATTACHMENT|..\test-results\entities.crud-Entity-CRUD--aec55-le-update-form-cancellation-chromium-retry1\error-context.md]]

[[ATTACHMENT|..\test-results\entities.crud-Entity-CRUD--aec55-le-update-form-cancellation-chromium-retry1\trace.zip]]
]]>
</system-out>
</testcase>
<testcase name="Entity CRUD Operations › Delete Entity › should delete entity successfully" classname="entities.crud.spec.ts" time="27.111">
<failure message="entities.crud.spec.ts:190:13 should delete entity successfully" type="FAILURE">
<![CDATA[  [chromium] › entities.crud.spec.ts:190:13 › Entity CRUD Operations › Delete Entity › should delete entity successfully 

    Error: expect(received).toBe(expected) // Object.is equality

    Expected: true
    Received: false

      24 |         // TODO: Skip login if test doesn't require authentication
      25 |         await authPage.login();
    > 26 |         expect(await authPage.isLoggedIn()).toBe(true);
         |                                             ^
      27 |     });
      28 |
      29 |     test.describe('Create Entity', () => {
        at C:\Users\Carlo\qa-assessment-fastapi-playwright-carlos-daniel\tests\entities.crud.spec.ts:26:45

    attachment #1: screenshot (image/png) ──────────────────────────────────────────────────────────
    ..\test-results\entities.crud-Entity-CRUD--30e74--delete-entity-successfully-chromium\test-failed-1.png
    ────────────────────────────────────────────────────────────────────────────────────────────────

    Error Context: ..\test-results\entities.crud-Entity-CRUD--30e74--delete-entity-successfully-chromium\error-context.md

    attachment #3: trace (application/zip) ─────────────────────────────────────────────────────────
    ..\test-results\entities.crud-Entity-CRUD--30e74--delete-entity-successfully-chromium\trace.zip
    Usage:

        npx playwright show-trace ..\test-results\entities.crud-Entity-CRUD--30e74--delete-entity-successfully-chromium\trace.zip

    ────────────────────────────────────────────────────────────────────────────────────────────────

    Retry #1 ───────────────────────────────────────────────────────────────────────────────────────

    Error: expect(received).toBe(expected) // Object.is equality

    Expected: true
    Received: false

      24 |         // TODO: Skip login if test doesn't require authentication
      25 |         await authPage.login();
    > 26 |         expect(await authPage.isLoggedIn()).toBe(true);
         |                                             ^
      27 |     });
      28 |
      29 |     test.describe('Create Entity', () => {
        at C:\Users\Carlo\qa-assessment-fastapi-playwright-carlos-daniel\tests\entities.crud.spec.ts:26:45

    attachment #1: screenshot (image/png) ──────────────────────────────────────────────────────────
    ..\test-results\entities.crud-Entity-CRUD--30e74--delete-entity-successfully-chromium-retry1\test-failed-1.png
    ────────────────────────────────────────────────────────────────────────────────────────────────

    Error Context: ..\test-results\entities.crud-Entity-CRUD--30e74--delete-entity-successfully-chromium-retry1\error-context.md

    attachment #3: trace (application/zip) ─────────────────────────────────────────────────────────
    ..\test-results\entities.crud-Entity-CRUD--30e74--delete-entity-successfully-chromium-retry1\trace.zip
    Usage:

        npx playwright show-trace ..\test-results\entities.crud-Entity-CRUD--30e74--delete-entity-successfully-chromium-retry1\trace.zip

    ────────────────────────────────────────────────────────────────────────────────────────────────
]]>
</failure>
<system-out>
<![CDATA[
[[ATTACHMENT|..\test-results\entities.crud-Entity-CRUD--30e74--delete-entity-successfully-chromium\test-failed-1.png]]

[[ATTACHMENT|..\test-results\entities.crud-Entity-CRUD--30e74--delete-entity-successfully-chromium\error-context.md]]

[[ATTACHMENT|..\test-results\entities.crud-Entity-CRUD--30e74--delete-entity-successfully-chromium\trace.zip]]

[[ATTACHMENT|..\test-results\entities.crud-Entity-CRUD--30e74--delete-entity-successfully-chromium-retry1\test-failed-1.png]]

[[ATTACHMENT|..\test-results\entities.crud-Entity-CRUD--30e74--delete-entity-successfully-chromium-retry1\error-context.md]]

[[ATTACHMENT|..\test-results\entities.crud-Entity-CRUD--30e74--delete-entity-successfully-chromium-retry1\trace.zip]]
]]>
</system-out>
</testcase>
<testcase name="Entity CRUD Operations › Delete Entity › should handle delete confirmation dialog" classname="entities.crud.spec.ts" time="27.79">
<failure message="entities.crud.spec.ts:214:13 should handle delete confirmation dialog" type="FAILURE">
<![CDATA[  [chromium] › entities.crud.spec.ts:214:13 › Entity CRUD Operations › Delete Entity › should handle delete confirmation dialog 

    Error: expect(received).toBe(expected) // Object.is equality

    Expected: true
    Received: false

      24 |         // TODO: Skip login if test doesn't require authentication
      25 |         await authPage.login();
    > 26 |         expect(await authPage.isLoggedIn()).toBe(true);
         |                                             ^
      27 |     });
      28 |
      29 |     test.describe('Create Entity', () => {
        at C:\Users\Carlo\qa-assessment-fastapi-playwright-carlos-daniel\tests\entities.crud.spec.ts:26:45

    attachment #1: screenshot (image/png) ──────────────────────────────────────────────────────────
    ..\test-results\entities.crud-Entity-CRUD--16ecf--delete-confirmation-dialog-chromium\test-failed-1.png
    ────────────────────────────────────────────────────────────────────────────────────────────────

    Error Context: ..\test-results\entities.crud-Entity-CRUD--16ecf--delete-confirmation-dialog-chromium\error-context.md

    attachment #3: trace (application/zip) ─────────────────────────────────────────────────────────
    ..\test-results\entities.crud-Entity-CRUD--16ecf--delete-confirmation-dialog-chromium\trace.zip
    Usage:

        npx playwright show-trace ..\test-results\entities.crud-Entity-CRUD--16ecf--delete-confirmation-dialog-chromium\trace.zip

    ────────────────────────────────────────────────────────────────────────────────────────────────

    Retry #1 ───────────────────────────────────────────────────────────────────────────────────────

    Error: expect(received).toBe(expected) // Object.is equality

    Expected: true
    Received: false

      24 |         // TODO: Skip login if test doesn't require authentication
      25 |         await authPage.login();
    > 26 |         expect(await authPage.isLoggedIn()).toBe(true);
         |                                             ^
      27 |     });
      28 |
      29 |     test.describe('Create Entity', () => {
        at C:\Users\Carlo\qa-assessment-fastapi-playwright-carlos-daniel\tests\entities.crud.spec.ts:26:45

    attachment #1: screenshot (image/png) ──────────────────────────────────────────────────────────
    ..\test-results\entities.crud-Entity-CRUD--16ecf--delete-confirmation-dialog-chromium-retry1\test-failed-1.png
    ────────────────────────────────────────────────────────────────────────────────────────────────

    Error Context: ..\test-results\entities.crud-Entity-CRUD--16ecf--delete-confirmation-dialog-chromium-retry1\error-context.md

    attachment #3: trace (application/zip) ─────────────────────────────────────────────────────────
    ..\test-results\entities.crud-Entity-CRUD--16ecf--delete-confirmation-dialog-chromium-retry1\trace.zip
    Usage:

        npx playwright show-trace ..\test-results\entities.crud-Entity-CRUD--16ecf--delete-confirmation-dialog-chromium-retry1\trace.zip

    ────────────────────────────────────────────────────────────────────────────────────────────────
]]>
</failure>
<system-out>
<![CDATA[
[[ATTACHMENT|..\test-results\entities.crud-Entity-CRUD--16ecf--delete-confirmation-dialog-chromium\test-failed-1.png]]

[[ATTACHMENT|..\test-results\entities.crud-Entity-CRUD--16ecf--delete-confirmation-dialog-chromium\error-context.md]]

[[ATTACHMENT|..\test-results\entities.crud-Entity-CRUD--16ecf--delete-confirmation-dialog-chromium\trace.zip]]

[[ATTACHMENT|..\test-results\entities.crud-Entity-CRUD--16ecf--delete-confirmation-dialog-chromium-retry1\test-failed-1.png]]

[[ATTACHMENT|..\test-results\entities.crud-Entity-CRUD--16ecf--delete-confirmation-dialog-chromium-retry1\error-context.md]]

[[ATTACHMENT|..\test-results\entities.crud-Entity-CRUD--16ecf--delete-confirmation-dialog-chromium-retry1\trace.zip]]
]]>
</system-out>
</testcase>
<testcase name="Entity CRUD Operations › Delete Entity › should prevent deletion of non-existent entity" classname="entities.crud.spec.ts" time="27.276">
<failure message="entities.crud.spec.ts:235:13 should prevent deletion of non-existent entity" type="FAILURE">
<![CDATA[  [chromium] › entities.crud.spec.ts:235:13 › Entity CRUD Operations › Delete Entity › should prevent deletion of non-existent entity 

    Error: expect(received).toBe(expected) // Object.is equality

    Expected: true
    Received: false

      24 |         // TODO: Skip login if test doesn't require authentication
      25 |         await authPage.login();
    > 26 |         expect(await authPage.isLoggedIn()).toBe(true);
         |                                             ^
      27 |     });
      28 |
      29 |     test.describe('Create Entity', () => {
        at C:\Users\Carlo\qa-assessment-fastapi-playwright-carlos-daniel\tests\entities.crud.spec.ts:26:45

    attachment #1: screenshot (image/png) ──────────────────────────────────────────────────────────
    ..\test-results\entities.crud-Entity-CRUD--1489c-tion-of-non-existent-entity-chromium\test-failed-1.png
    ────────────────────────────────────────────────────────────────────────────────────────────────

    Error Context: ..\test-results\entities.crud-Entity-CRUD--1489c-tion-of-non-existent-entity-chromium\error-context.md

    attachment #3: trace (application/zip) ─────────────────────────────────────────────────────────
    ..\test-results\entities.crud-Entity-CRUD--1489c-tion-of-non-existent-entity-chromium\trace.zip
    Usage:

        npx playwright show-trace ..\test-results\entities.crud-Entity-CRUD--1489c-tion-of-non-existent-entity-chromium\trace.zip

    ────────────────────────────────────────────────────────────────────────────────────────────────

    Retry #1 ───────────────────────────────────────────────────────────────────────────────────────

    Error: expect(received).toBe(expected) // Object.is equality

    Expected: true
    Received: false

      24 |         // TODO: Skip login if test doesn't require authentication
      25 |         await authPage.login();
    > 26 |         expect(await authPage.isLoggedIn()).toBe(true);
         |                                             ^
      27 |     });
      28 |
      29 |     test.describe('Create Entity', () => {
        at C:\Users\Carlo\qa-assessment-fastapi-playwright-carlos-daniel\tests\entities.crud.spec.ts:26:45

    attachment #1: screenshot (image/png) ──────────────────────────────────────────────────────────
    ..\test-results\entities.crud-Entity-CRUD--1489c-tion-of-non-existent-entity-chromium-retry1\test-failed-1.png
    ────────────────────────────────────────────────────────────────────────────────────────────────

    Error Context: ..\test-results\entities.crud-Entity-CRUD--1489c-tion-of-non-existent-entity-chromium-retry1\error-context.md

    attachment #3: trace (application/zip) ─────────────────────────────────────────────────────────
    ..\test-results\entities.crud-Entity-CRUD--1489c-tion-of-non-existent-entity-chromium-retry1\trace.zip
    Usage:

        npx playwright show-trace ..\test-results\entities.crud-Entity-CRUD--1489c-tion-of-non-existent-entity-chromium-retry1\trace.zip

    ────────────────────────────────────────────────────────────────────────────────────────────────
]]>
</failure>
<system-out>
<![CDATA[
[[ATTACHMENT|..\test-results\entities.crud-Entity-CRUD--1489c-tion-of-non-existent-entity-chromium\test-failed-1.png]]

[[ATTACHMENT|..\test-results\entities.crud-Entity-CRUD--1489c-tion-of-non-existent-entity-chromium\error-context.md]]

[[ATTACHMENT|..\test-results\entities.crud-Entity-CRUD--1489c-tion-of-non-existent-entity-chromium\trace.zip]]

[[ATTACHMENT|..\test-results\entities.crud-Entity-CRUD--1489c-tion-of-non-existent-entity-chromium-retry1\test-failed-1.png]]

[[ATTACHMENT|..\test-results\entities.crud-Entity-CRUD--1489c-tion-of-non-existent-entity-chromium-retry1\error-context.md]]

[[ATTACHMENT|..\test-results\entities.crud-Entity-CRUD--1489c-tion-of-non-existent-entity-chromium-retry1\trace.zip]]
]]>
</system-out>
</testcase>
<testcase name="Entity CRUD Operations › Entity List Features › should support search/filter functionality" classname="entities.crud.spec.ts" time="26.896">
<failure message="entities.crud.spec.ts:246:13 should support search/filter functionality" type="FAILURE">
<![CDATA[  [chromium] › entities.crud.spec.ts:246:13 › Entity CRUD Operations › Entity List Features › should support search/filter functionality 

    Error: expect(received).toBe(expected) // Object.is equality

    Expected: true
    Received: false

      24 |         // TODO: Skip login if test doesn't require authentication
      25 |         await authPage.login();
    > 26 |         expect(await authPage.isLoggedIn()).toBe(true);
         |                                             ^
      27 |     });
      28 |
      29 |     test.describe('Create Entity', () => {
        at C:\Users\Carlo\qa-assessment-fastapi-playwright-carlos-daniel\tests\entities.crud.spec.ts:26:45

    attachment #1: screenshot (image/png) ──────────────────────────────────────────────────────────
    ..\test-results\entities.crud-Entity-CRUD--f1a60-search-filter-functionality-chromium\test-failed-1.png
    ────────────────────────────────────────────────────────────────────────────────────────────────

    Error Context: ..\test-results\entities.crud-Entity-CRUD--f1a60-search-filter-functionality-chromium\error-context.md

    attachment #3: trace (application/zip) ─────────────────────────────────────────────────────────
    ..\test-results\entities.crud-Entity-CRUD--f1a60-search-filter-functionality-chromium\trace.zip
    Usage:

        npx playwright show-trace ..\test-results\entities.crud-Entity-CRUD--f1a60-search-filter-functionality-chromium\trace.zip

    ────────────────────────────────────────────────────────────────────────────────────────────────

    Retry #1 ───────────────────────────────────────────────────────────────────────────────────────

    Error: expect(received).toBe(expected) // Object.is equality

    Expected: true
    Received: false

      24 |         // TODO: Skip login if test doesn't require authentication
      25 |         await authPage.login();
    > 26 |         expect(await authPage.isLoggedIn()).toBe(true);
         |                                             ^
      27 |     });
      28 |
      29 |     test.describe('Create Entity', () => {
        at C:\Users\Carlo\qa-assessment-fastapi-playwright-carlos-daniel\tests\entities.crud.spec.ts:26:45

    attachment #1: screenshot (image/png) ──────────────────────────────────────────────────────────
    ..\test-results\entities.crud-Entity-CRUD--f1a60-search-filter-functionality-chromium-retry1\test-failed-1.png
    ────────────────────────────────────────────────────────────────────────────────────────────────

    Error Context: ..\test-results\entities.crud-Entity-CRUD--f1a60-search-filter-functionality-chromium-retry1\error-context.md

    attachment #3: trace (application/zip) ─────────────────────────────────────────────────────────
    ..\test-results\entities.crud-Entity-CRUD--f1a60-search-filter-functionality-chromium-retry1\trace.zip
    Usage:

        npx playwright show-trace ..\test-results\entities.crud-Entity-CRUD--f1a60-search-filter-functionality-chromium-retry1\trace.zip

    ────────────────────────────────────────────────────────────────────────────────────────────────
]]>
</failure>
<system-out>
<![CDATA[
[[ATTACHMENT|..\test-results\entities.crud-Entity-CRUD--f1a60-search-filter-functionality-chromium\test-failed-1.png]]

[[ATTACHMENT|..\test-results\entities.crud-Entity-CRUD--f1a60-search-filter-functionality-chromium\error-context.md]]

[[ATTACHMENT|..\test-results\entities.crud-Entity-CRUD--f1a60-search-filter-functionality-chromium\trace.zip]]

[[ATTACHMENT|..\test-results\entities.crud-Entity-CRUD--f1a60-search-filter-functionality-chromium-retry1\test-failed-1.png]]

[[ATTACHMENT|..\test-results\entities.crud-Entity-CRUD--f1a60-search-filter-functionality-chromium-retry1\error-context.md]]

[[ATTACHMENT|..\test-results\entities.crud-Entity-CRUD--f1a60-search-filter-functionality-chromium-retry1\trace.zip]]
]]>
</system-out>
</testcase>
<testcase name="Entity CRUD Operations › Entity List Features › should support pagination if applicable" classname="entities.crud.spec.ts" time="27.4">
<failure message="entities.crud.spec.ts:268:13 should support pagination if applicable" type="FAILURE">
<![CDATA[  [chromium] › entities.crud.spec.ts:268:13 › Entity CRUD Operations › Entity List Features › should support pagination if applicable 

    Error: expect(received).toBe(expected) // Object.is equality

    Expected: true
    Received: false

      24 |         // TODO: Skip login if test doesn't require authentication
      25 |         await authPage.login();
    > 26 |         expect(await authPage.isLoggedIn()).toBe(true);
         |                                             ^
      27 |     });
      28 |
      29 |     test.describe('Create Entity', () => {
        at C:\Users\Carlo\qa-assessment-fastapi-playwright-carlos-daniel\tests\entities.crud.spec.ts:26:45

    attachment #1: screenshot (image/png) ──────────────────────────────────────────────────────────
    ..\test-results\entities.crud-Entity-CRUD--2faf0-rt-pagination-if-applicable-chromium\test-failed-1.png
    ────────────────────────────────────────────────────────────────────────────────────────────────

    Error Context: ..\test-results\entities.crud-Entity-CRUD--2faf0-rt-pagination-if-applicable-chromium\error-context.md

    attachment #3: trace (application/zip) ─────────────────────────────────────────────────────────
    ..\test-results\entities.crud-Entity-CRUD--2faf0-rt-pagination-if-applicable-chromium\trace.zip
    Usage:

        npx playwright show-trace ..\test-results\entities.crud-Entity-CRUD--2faf0-rt-pagination-if-applicable-chromium\trace.zip

    ────────────────────────────────────────────────────────────────────────────────────────────────

    Retry #1 ───────────────────────────────────────────────────────────────────────────────────────

    Error: expect(received).toBe(expected) // Object.is equality

    Expected: true
    Received: false

      24 |         // TODO: Skip login if test doesn't require authentication
      25 |         await authPage.login();
    > 26 |         expect(await authPage.isLoggedIn()).toBe(true);
         |                                             ^
      27 |     });
      28 |
      29 |     test.describe('Create Entity', () => {
        at C:\Users\Carlo\qa-assessment-fastapi-playwright-carlos-daniel\tests\entities.crud.spec.ts:26:45

    attachment #1: screenshot (image/png) ──────────────────────────────────────────────────────────
    ..\test-results\entities.crud-Entity-CRUD--2faf0-rt-pagination-if-applicable-chromium-retry1\test-failed-1.png
    ────────────────────────────────────────────────────────────────────────────────────────────────

    Error Context: ..\test-results\entities.crud-Entity-CRUD--2faf0-rt-pagination-if-applicable-chromium-retry1\error-context.md

    attachment #3: trace (application/zip) ─────────────────────────────────────────────────────────
    ..\test-results\entities.crud-Entity-CRUD--2faf0-rt-pagination-if-applicable-chromium-retry1\trace.zip
    Usage:

        npx playwright show-trace ..\test-results\entities.crud-Entity-CRUD--2faf0-rt-pagination-if-applicable-chromium-retry1\trace.zip

    ────────────────────────────────────────────────────────────────────────────────────────────────
]]>
</failure>
<system-out>
<![CDATA[
[[ATTACHMENT|..\test-results\entities.crud-Entity-CRUD--2faf0-rt-pagination-if-applicable-chromium\test-failed-1.png]]

[[ATTACHMENT|..\test-results\entities.crud-Entity-CRUD--2faf0-rt-pagination-if-applicable-chromium\error-context.md]]

[[ATTACHMENT|..\test-results\entities.crud-Entity-CRUD--2faf0-rt-pagination-if-applicable-chromium\trace.zip]]

[[ATTACHMENT|..\test-results\entities.crud-Entity-CRUD--2faf0-rt-pagination-if-applicable-chromium-retry1\test-failed-1.png]]

[[ATTACHMENT|..\test-results\entities.crud-Entity-CRUD--2faf0-rt-pagination-if-applicable-chromium-retry1\error-context.md]]

[[ATTACHMENT|..\test-results\entities.crud-Entity-CRUD--2faf0-rt-pagination-if-applicable-chromium-retry1\trace.zip]]
]]>
</system-out>
</testcase>
<testcase name="Entity CRUD Operations › Entity List Features › should support sorting if applicable" classname="entities.crud.spec.ts" time="27.442">
<failure message="entities.crud.spec.ts:279:13 should support sorting if applicable" type="FAILURE">
<![CDATA[  [chromium] › entities.crud.spec.ts:279:13 › Entity CRUD Operations › Entity List Features › should support sorting if applicable 

    Error: expect(received).toBe(expected) // Object.is equality

    Expected: true
    Received: false

      24 |         // TODO: Skip login if test doesn't require authentication
      25 |         await authPage.login();
    > 26 |         expect(await authPage.isLoggedIn()).toBe(true);
         |                                             ^
      27 |     });
      28 |
      29 |     test.describe('Create Entity', () => {
        at C:\Users\Carlo\qa-assessment-fastapi-playwright-carlos-daniel\tests\entities.crud.spec.ts:26:45

    attachment #1: screenshot (image/png) ──────────────────────────────────────────────────────────
    ..\test-results\entities.crud-Entity-CRUD--97f06-pport-sorting-if-applicable-chromium\test-failed-1.png
    ────────────────────────────────────────────────────────────────────────────────────────────────

    Error Context: ..\test-results\entities.crud-Entity-CRUD--97f06-pport-sorting-if-applicable-chromium\error-context.md

    attachment #3: trace (application/zip) ─────────────────────────────────────────────────────────
    ..\test-results\entities.crud-Entity-CRUD--97f06-pport-sorting-if-applicable-chromium\trace.zip
    Usage:

        npx playwright show-trace ..\test-results\entities.crud-Entity-CRUD--97f06-pport-sorting-if-applicable-chromium\trace.zip

    ────────────────────────────────────────────────────────────────────────────────────────────────

    Retry #1 ───────────────────────────────────────────────────────────────────────────────────────

    Error: expect(received).toBe(expected) // Object.is equality

    Expected: true
    Received: false

      24 |         // TODO: Skip login if test doesn't require authentication
      25 |         await authPage.login();
    > 26 |         expect(await authPage.isLoggedIn()).toBe(true);
         |                                             ^
      27 |     });
      28 |
      29 |     test.describe('Create Entity', () => {
        at C:\Users\Carlo\qa-assessment-fastapi-playwright-carlos-daniel\tests\entities.crud.spec.ts:26:45

    attachment #1: screenshot (image/png) ──────────────────────────────────────────────────────────
    ..\test-results\entities.crud-Entity-CRUD--97f06-pport-sorting-if-applicable-chromium-retry1\test-failed-1.png
    ────────────────────────────────────────────────────────────────────────────────────────────────

    Error Context: ..\test-results\entities.crud-Entity-CRUD--97f06-pport-sorting-if-applicable-chromium-retry1\error-context.md

    attachment #3: trace (application/zip) ─────────────────────────────────────────────────────────
    ..\test-results\entities.crud-Entity-CRUD--97f06-pport-sorting-if-applicable-chromium-retry1\trace.zip
    Usage:

        npx playwright show-trace ..\test-results\entities.crud-Entity-CRUD--97f06-pport-sorting-if-applicable-chromium-retry1\trace.zip

    ────────────────────────────────────────────────────────────────────────────────────────────────
]]>
</failure>
<system-out>
<![CDATA[
[[ATTACHMENT|..\test-results\entities.crud-Entity-CRUD--97f06-pport-sorting-if-applicable-chromium\test-failed-1.png]]

[[ATTACHMENT|..\test-results\entities.crud-Entity-CRUD--97f06-pport-sorting-if-applicable-chromium\error-context.md]]

[[ATTACHMENT|..\test-results\entities.crud-Entity-CRUD--97f06-pport-sorting-if-applicable-chromium\trace.zip]]

[[ATTACHMENT|..\test-results\entities.crud-Entity-CRUD--97f06-pport-sorting-if-applicable-chromium-retry1\test-failed-1.png]]

[[ATTACHMENT|..\test-results\entities.crud-Entity-CRUD--97f06-pport-sorting-if-applicable-chromium-retry1\error-context.md]]

[[ATTACHMENT|..\test-results\entities.crud-Entity-CRUD--97f06-pport-sorting-if-applicable-chromium-retry1\trace.zip]]
]]>
</system-out>
</testcase>
</testsuite>
<testsuite name="access.control.spec.ts" timestamp="2025-09-06T20:39:18.478Z" hostname="firefox" tests="14" failures="12" skipped="0" time="445.417" errors="0">
<testcase name="Access Control &amp; Authorization › Protected Route Access › should redirect to login when accessing protected route without authentication" classname="access.control.spec.ts" time="19.01">
<failure message="access.control.spec.ts:13:13 should redirect to login when accessing protected route without authentication" type="FAILURE">
<![CDATA[  [firefox] › access.control.spec.ts:13:13 › Access Control & Authorization › Protected Route Access › should redirect to login when accessing protected route without authentication 

    Error: expect(received).toBe(expected) // Object.is equality

    Expected: true
    Received: false

      28 |
      29 |                 // Should be redirected to login page
    > 30 |                 expect(await authPage.isOnLoginPage()).toBe(true);
         |                                                        ^
      31 |
      32 |                 // TODO: Verify URL contains login path or query parameter
      33 |                 // expect(page.url()).toMatch(/login/);
        at C:\Users\Carlo\qa-assessment-fastapi-playwright-carlos-daniel\tests\access.control.spec.ts:30:56

    attachment #1: screenshot (image/png) ──────────────────────────────────────────────────────────
    ..\test-results\access.control-Access-Cont-42358-oute-without-authentication-firefox\test-failed-1.png
    ────────────────────────────────────────────────────────────────────────────────────────────────

    Error Context: ..\test-results\access.control-Access-Cont-42358-oute-without-authentication-firefox\error-context.md

    attachment #3: trace (application/zip) ─────────────────────────────────────────────────────────
    ..\test-results\access.control-Access-Cont-42358-oute-without-authentication-firefox\trace.zip
    Usage:

        npx playwright show-trace ..\test-results\access.control-Access-Cont-42358-oute-without-authentication-firefox\trace.zip

    ────────────────────────────────────────────────────────────────────────────────────────────────

    Retry #1 ───────────────────────────────────────────────────────────────────────────────────────

    Error: expect(received).toBe(expected) // Object.is equality

    Expected: true
    Received: false

      28 |
      29 |                 // Should be redirected to login page
    > 30 |                 expect(await authPage.isOnLoginPage()).toBe(true);
         |                                                        ^
      31 |
      32 |                 // TODO: Verify URL contains login path or query parameter
      33 |                 // expect(page.url()).toMatch(/login/);
        at C:\Users\Carlo\qa-assessment-fastapi-playwright-carlos-daniel\tests\access.control.spec.ts:30:56

    attachment #1: screenshot (image/png) ──────────────────────────────────────────────────────────
    ..\test-results\access.control-Access-Cont-42358-oute-without-authentication-firefox-retry1\test-failed-1.png
    ────────────────────────────────────────────────────────────────────────────────────────────────

    Error Context: ..\test-results\access.control-Access-Cont-42358-oute-without-authentication-firefox-retry1\error-context.md

    attachment #3: trace (application/zip) ─────────────────────────────────────────────────────────
    ..\test-results\access.control-Access-Cont-42358-oute-without-authentication-firefox-retry1\trace.zip
    Usage:

        npx playwright show-trace ..\test-results\access.control-Access-Cont-42358-oute-without-authentication-firefox-retry1\trace.zip

    ────────────────────────────────────────────────────────────────────────────────────────────────
]]>
</failure>
<system-out>
<![CDATA[
[[ATTACHMENT|..\test-results\access.control-Access-Cont-42358-oute-without-authentication-firefox\test-failed-1.png]]

[[ATTACHMENT|..\test-results\access.control-Access-Cont-42358-oute-without-authentication-firefox\error-context.md]]

[[ATTACHMENT|..\test-results\access.control-Access-Cont-42358-oute-without-authentication-firefox\trace.zip]]

[[ATTACHMENT|..\test-results\access.control-Access-Cont-42358-oute-without-authentication-firefox-retry1\test-failed-1.png]]

[[ATTACHMENT|..\test-results\access.control-Access-Cont-42358-oute-without-authentication-firefox-retry1\error-context.md]]

[[ATTACHMENT|..\test-results\access.control-Access-Cont-42358-oute-without-authentication-firefox-retry1\trace.zip]]
]]>
</system-out>
</testcase>
<testcase name="Access Control &amp; Authorization › Protected Route Access › should allow access to protected routes after authentication" classname="access.control.spec.ts" time="29.917">
<failure message="access.control.spec.ts:39:13 should allow access to protected routes after authentication" type="FAILURE">
<![CDATA[  [firefox] › access.control.spec.ts:39:13 › Access Control & Authorization › Protected Route Access › should allow access to protected routes after authentication 

    Error: expect(received).toBe(expected) // Object.is equality

    Expected: true
    Received: false

      40 |             // Login first
      41 |             await authPage.login();
    > 42 |             expect(await authPage.isLoggedIn()).toBe(true);
         |                                                 ^
      43 |
      44 |             // TODO: Test access to various protected routes
      45 |             const protectedRoutes = [
        at C:\Users\Carlo\qa-assessment-fastapi-playwright-carlos-daniel\tests\access.control.spec.ts:42:49

    attachment #1: screenshot (image/png) ──────────────────────────────────────────────────────────
    ..\test-results\access.control-Access-Cont-db59f-routes-after-authentication-firefox\test-failed-1.png
    ────────────────────────────────────────────────────────────────────────────────────────────────

    Error Context: ..\test-results\access.control-Access-Cont-db59f-routes-after-authentication-firefox\error-context.md

    attachment #3: trace (application/zip) ─────────────────────────────────────────────────────────
    ..\test-results\access.control-Access-Cont-db59f-routes-after-authentication-firefox\trace.zip
    Usage:

        npx playwright show-trace ..\test-results\access.control-Access-Cont-db59f-routes-after-authentication-firefox\trace.zip

    ────────────────────────────────────────────────────────────────────────────────────────────────

    Retry #1 ───────────────────────────────────────────────────────────────────────────────────────

    Error: expect(received).toBe(expected) // Object.is equality

    Expected: true
    Received: false

      40 |             // Login first
      41 |             await authPage.login();
    > 42 |             expect(await authPage.isLoggedIn()).toBe(true);
         |                                                 ^
      43 |
      44 |             // TODO: Test access to various protected routes
      45 |             const protectedRoutes = [
        at C:\Users\Carlo\qa-assessment-fastapi-playwright-carlos-daniel\tests\access.control.spec.ts:42:49

    attachment #1: screenshot (image/png) ──────────────────────────────────────────────────────────
    ..\test-results\access.control-Access-Cont-db59f-routes-after-authentication-firefox-retry1\test-failed-1.png
    ────────────────────────────────────────────────────────────────────────────────────────────────

    Error Context: ..\test-results\access.control-Access-Cont-db59f-routes-after-authentication-firefox-retry1\error-context.md

    attachment #3: trace (application/zip) ─────────────────────────────────────────────────────────
    ..\test-results\access.control-Access-Cont-db59f-routes-after-authentication-firefox-retry1\trace.zip
    Usage:

        npx playwright show-trace ..\test-results\access.control-Access-Cont-db59f-routes-after-authentication-firefox-retry1\trace.zip

    ────────────────────────────────────────────────────────────────────────────────────────────────
]]>
</failure>
<system-out>
<![CDATA[
[[ATTACHMENT|..\test-results\access.control-Access-Cont-db59f-routes-after-authentication-firefox\test-failed-1.png]]

[[ATTACHMENT|..\test-results\access.control-Access-Cont-db59f-routes-after-authentication-firefox\error-context.md]]

[[ATTACHMENT|..\test-results\access.control-Access-Cont-db59f-routes-after-authentication-firefox\trace.zip]]

[[ATTACHMENT|..\test-results\access.control-Access-Cont-db59f-routes-after-authentication-firefox-retry1\test-failed-1.png]]

[[ATTACHMENT|..\test-results\access.control-Access-Cont-db59f-routes-after-authentication-firefox-retry1\error-context.md]]

[[ATTACHMENT|..\test-results\access.control-Access-Cont-db59f-routes-after-authentication-firefox-retry1\trace.zip]]
]]>
</system-out>
</testcase>
<testcase name="Access Control &amp; Authorization › Protected Route Access › should handle session expiration gracefully" classname="access.control.spec.ts" time="28.662">
<failure message="access.control.spec.ts:64:13 should handle session expiration gracefully" type="FAILURE">
<![CDATA[  [firefox] › access.control.spec.ts:64:13 › Access Control & Authorization › Protected Route Access › should handle session expiration gracefully 

    Error: expect(received).toBe(expected) // Object.is equality

    Expected: true
    Received: false

      65 |             // Login first
      66 |             await authPage.login();
    > 67 |             expect(await authPage.isLoggedIn()).toBe(true);
         |                                                 ^
      68 |
      69 |             // TODO: Simulate session expiration
      70 |             // This depends on how the app handles sessions
        at C:\Users\Carlo\qa-assessment-fastapi-playwright-carlos-daniel\tests\access.control.spec.ts:67:49

    attachment #1: screenshot (image/png) ──────────────────────────────────────────────────────────
    ..\test-results\access.control-Access-Cont-fe139-ssion-expiration-gracefully-firefox\test-failed-1.png
    ────────────────────────────────────────────────────────────────────────────────────────────────

    Error Context: ..\test-results\access.control-Access-Cont-fe139-ssion-expiration-gracefully-firefox\error-context.md

    attachment #3: trace (application/zip) ─────────────────────────────────────────────────────────
    ..\test-results\access.control-Access-Cont-fe139-ssion-expiration-gracefully-firefox\trace.zip
    Usage:

        npx playwright show-trace ..\test-results\access.control-Access-Cont-fe139-ssion-expiration-gracefully-firefox\trace.zip

    ────────────────────────────────────────────────────────────────────────────────────────────────

    Retry #1 ───────────────────────────────────────────────────────────────────────────────────────

    Error: expect(received).toBe(expected) // Object.is equality

    Expected: true
    Received: false

      65 |             // Login first
      66 |             await authPage.login();
    > 67 |             expect(await authPage.isLoggedIn()).toBe(true);
         |                                                 ^
      68 |
      69 |             // TODO: Simulate session expiration
      70 |             // This depends on how the app handles sessions
        at C:\Users\Carlo\qa-assessment-fastapi-playwright-carlos-daniel\tests\access.control.spec.ts:67:49

    attachment #1: screenshot (image/png) ──────────────────────────────────────────────────────────
    ..\test-results\access.control-Access-Cont-fe139-ssion-expiration-gracefully-firefox-retry1\test-failed-1.png
    ────────────────────────────────────────────────────────────────────────────────────────────────

    Error Context: ..\test-results\access.control-Access-Cont-fe139-ssion-expiration-gracefully-firefox-retry1\error-context.md

    attachment #3: trace (application/zip) ─────────────────────────────────────────────────────────
    ..\test-results\access.control-Access-Cont-fe139-ssion-expiration-gracefully-firefox-retry1\trace.zip
    Usage:

        npx playwright show-trace ..\test-results\access.control-Access-Cont-fe139-ssion-expiration-gracefully-firefox-retry1\trace.zip

    ────────────────────────────────────────────────────────────────────────────────────────────────
]]>
</failure>
<system-out>
<![CDATA[
[[ATTACHMENT|..\test-results\access.control-Access-Cont-fe139-ssion-expiration-gracefully-firefox\test-failed-1.png]]

[[ATTACHMENT|..\test-results\access.control-Access-Cont-fe139-ssion-expiration-gracefully-firefox\error-context.md]]

[[ATTACHMENT|..\test-results\access.control-Access-Cont-fe139-ssion-expiration-gracefully-firefox\trace.zip]]

[[ATTACHMENT|..\test-results\access.control-Access-Cont-fe139-ssion-expiration-gracefully-firefox-retry1\test-failed-1.png]]

[[ATTACHMENT|..\test-results\access.control-Access-Cont-fe139-ssion-expiration-gracefully-firefox-retry1\error-context.md]]

[[ATTACHMENT|..\test-results\access.control-Access-Cont-fe139-ssion-expiration-gracefully-firefox-retry1\trace.zip]]
]]>
</system-out>
</testcase>
<testcase name="Access Control &amp; Authorization › Protected Route Access › should prevent access to admin routes for non-admin users" classname="access.control.spec.ts" time="45.224">
<system-out>
<![CDATA[
[[ATTACHMENT|..\test-results\access.control-Access-Cont-e839f--routes-for-non-admin-users-firefox\test-failed-1.png]]

[[ATTACHMENT|..\test-results\access.control-Access-Cont-e839f--routes-for-non-admin-users-firefox\error-context.md]]

[[ATTACHMENT|..\test-results\access.control-Access-Cont-e839f--routes-for-non-admin-users-firefox\trace.zip]]
]]>
</system-out>
</testcase>
<testcase name="Access Control &amp; Authorization › Logout Behavior › should logout successfully and clear session" classname="access.control.spec.ts" time="29.231">
<failure message="access.control.spec.ts:122:13 should logout successfully and clear session" type="FAILURE">
<![CDATA[  [firefox] › access.control.spec.ts:122:13 › Access Control & Authorization › Logout Behavior › should logout successfully and clear session 

    Error: expect(received).toBe(expected) // Object.is equality

    Expected: true
    Received: false

      123 |             // Login first
      124 |             await authPage.login();
    > 125 |             expect(await authPage.isLoggedIn()).toBe(true);
          |                                                 ^
      126 |
      127 |             // Logout
      128 |             await authPage.logout();
        at C:\Users\Carlo\qa-assessment-fastapi-playwright-carlos-daniel\tests\access.control.spec.ts:125:49

    attachment #1: screenshot (image/png) ──────────────────────────────────────────────────────────
    ..\test-results\access.control-Access-Cont-04b09-cessfully-and-clear-session-firefox\test-failed-1.png
    ────────────────────────────────────────────────────────────────────────────────────────────────

    Error Context: ..\test-results\access.control-Access-Cont-04b09-cessfully-and-clear-session-firefox\error-context.md

    attachment #3: trace (application/zip) ─────────────────────────────────────────────────────────
    ..\test-results\access.control-Access-Cont-04b09-cessfully-and-clear-session-firefox\trace.zip
    Usage:

        npx playwright show-trace ..\test-results\access.control-Access-Cont-04b09-cessfully-and-clear-session-firefox\trace.zip

    ────────────────────────────────────────────────────────────────────────────────────────────────

    Retry #1 ───────────────────────────────────────────────────────────────────────────────────────

    Error: expect(received).toBe(expected) // Object.is equality

    Expected: true
    Received: false

      123 |             // Login first
      124 |             await authPage.login();
    > 125 |             expect(await authPage.isLoggedIn()).toBe(true);
          |                                                 ^
      126 |
      127 |             // Logout
      128 |             await authPage.logout();
        at C:\Users\Carlo\qa-assessment-fastapi-playwright-carlos-daniel\tests\access.control.spec.ts:125:49

    attachment #1: screenshot (image/png) ──────────────────────────────────────────────────────────
    ..\test-results\access.control-Access-Cont-04b09-cessfully-and-clear-session-firefox-retry1\test-failed-1.png
    ────────────────────────────────────────────────────────────────────────────────────────────────

    Error Context: ..\test-results\access.control-Access-Cont-04b09-cessfully-and-clear-session-firefox-retry1\error-context.md

    attachment #3: trace (application/zip) ─────────────────────────────────────────────────────────
    ..\test-results\access.control-Access-Cont-04b09-cessfully-and-clear-session-firefox-retry1\trace.zip
    Usage:

        npx playwright show-trace ..\test-results\access.control-Access-Cont-04b09-cessfully-and-clear-session-firefox-retry1\trace.zip

    ────────────────────────────────────────────────────────────────────────────────────────────────
]]>
</failure>
<system-out>
<![CDATA[
[[ATTACHMENT|..\test-results\access.control-Access-Cont-04b09-cessfully-and-clear-session-firefox\test-failed-1.png]]

[[ATTACHMENT|..\test-results\access.control-Access-Cont-04b09-cessfully-and-clear-session-firefox\error-context.md]]

[[ATTACHMENT|..\test-results\access.control-Access-Cont-04b09-cessfully-and-clear-session-firefox\trace.zip]]

[[ATTACHMENT|..\test-results\access.control-Access-Cont-04b09-cessfully-and-clear-session-firefox-retry1\test-failed-1.png]]

[[ATTACHMENT|..\test-results\access.control-Access-Cont-04b09-cessfully-and-clear-session-firefox-retry1\error-context.md]]

[[ATTACHMENT|..\test-results\access.control-Access-Cont-04b09-cessfully-and-clear-session-firefox-retry1\trace.zip]]
]]>
</system-out>
</testcase>
<testcase name="Access Control &amp; Authorization › Logout Behavior › should prevent back button access to protected pages after logout" classname="access.control.spec.ts" time="31.2">
<failure message="access.control.spec.ts:140:13 should prevent back button access to protected pages after logout" type="FAILURE">
<![CDATA[  [firefox] › access.control.spec.ts:140:13 › Access Control & Authorization › Logout Behavior › should prevent back button access to protected pages after logout 

    Error: expect(received).toBe(expected) // Object.is equality

    Expected: true
    Received: false

      143 |             await page.goto('/dashboard');
      144 |             await authPage.waitForPageLoad();
    > 145 |             expect(await authPage.isLoggedIn()).toBe(true);
          |                                                 ^
      146 |
      147 |             // Logout
      148 |             await authPage.logout();
        at C:\Users\Carlo\qa-assessment-fastapi-playwright-carlos-daniel\tests\access.control.spec.ts:145:49

    attachment #1: screenshot (image/png) ──────────────────────────────────────────────────────────
    ..\test-results\access.control-Access-Cont-3613f-rotected-pages-after-logout-firefox\test-failed-1.png
    ────────────────────────────────────────────────────────────────────────────────────────────────

    Error Context: ..\test-results\access.control-Access-Cont-3613f-rotected-pages-after-logout-firefox\error-context.md

    attachment #3: trace (application/zip) ─────────────────────────────────────────────────────────
    ..\test-results\access.control-Access-Cont-3613f-rotected-pages-after-logout-firefox\trace.zip
    Usage:

        npx playwright show-trace ..\test-results\access.control-Access-Cont-3613f-rotected-pages-after-logout-firefox\trace.zip

    ────────────────────────────────────────────────────────────────────────────────────────────────

    Retry #1 ───────────────────────────────────────────────────────────────────────────────────────

    Error: expect(received).toBe(expected) // Object.is equality

    Expected: true
    Received: false

      143 |             await page.goto('/dashboard');
      144 |             await authPage.waitForPageLoad();
    > 145 |             expect(await authPage.isLoggedIn()).toBe(true);
          |                                                 ^
      146 |
      147 |             // Logout
      148 |             await authPage.logout();
        at C:\Users\Carlo\qa-assessment-fastapi-playwright-carlos-daniel\tests\access.control.spec.ts:145:49

    attachment #1: screenshot (image/png) ──────────────────────────────────────────────────────────
    ..\test-results\access.control-Access-Cont-3613f-rotected-pages-after-logout-firefox-retry1\test-failed-1.png
    ────────────────────────────────────────────────────────────────────────────────────────────────

    Error Context: ..\test-results\access.control-Access-Cont-3613f-rotected-pages-after-logout-firefox-retry1\error-context.md

    attachment #3: trace (application/zip) ─────────────────────────────────────────────────────────
    ..\test-results\access.control-Access-Cont-3613f-rotected-pages-after-logout-firefox-retry1\trace.zip
    Usage:

        npx playwright show-trace ..\test-results\access.control-Access-Cont-3613f-rotected-pages-after-logout-firefox-retry1\trace.zip

    ────────────────────────────────────────────────────────────────────────────────────────────────
]]>
</failure>
<system-out>
<![CDATA[
[[ATTACHMENT|..\test-results\access.control-Access-Cont-3613f-rotected-pages-after-logout-firefox\test-failed-1.png]]

[[ATTACHMENT|..\test-results\access.control-Access-Cont-3613f-rotected-pages-after-logout-firefox\error-context.md]]

[[ATTACHMENT|..\test-results\access.control-Access-Cont-3613f-rotected-pages-after-logout-firefox\trace.zip]]

[[ATTACHMENT|..\test-results\access.control-Access-Cont-3613f-rotected-pages-after-logout-firefox-retry1\test-failed-1.png]]

[[ATTACHMENT|..\test-results\access.control-Access-Cont-3613f-rotected-pages-after-logout-firefox-retry1\error-context.md]]

[[ATTACHMENT|..\test-results\access.control-Access-Cont-3613f-rotected-pages-after-logout-firefox-retry1\trace.zip]]
]]>
</system-out>
</testcase>
<testcase name="Access Control &amp; Authorization › Logout Behavior › should handle logout from multiple tabs/windows" classname="access.control.spec.ts" time="29.551">
<failure message="access.control.spec.ts:164:13 should handle logout from multiple tabs/windows" type="FAILURE">
<![CDATA[  [firefox] › access.control.spec.ts:164:13 › Access Control & Authorization › Logout Behavior › should handle logout from multiple tabs/windows 

    Error: expect(received).toBe(expected) // Object.is equality

    Expected: true
    Received: false

      165 |             // Login in first tab
      166 |             await authPage.login();
    > 167 |             expect(await authPage.isLoggedIn()).toBe(true);
          |                                                 ^
      168 |
      169 |             // Open second tab/page
      170 |             const secondPage = await context.newPage();
        at C:\Users\Carlo\qa-assessment-fastapi-playwright-carlos-daniel\tests\access.control.spec.ts:167:49

    attachment #1: screenshot (image/png) ──────────────────────────────────────────────────────────
    ..\test-results\access.control-Access-Cont-516df--from-multiple-tabs-windows-firefox\test-failed-1.png
    ────────────────────────────────────────────────────────────────────────────────────────────────

    Error Context: ..\test-results\access.control-Access-Cont-516df--from-multiple-tabs-windows-firefox\error-context.md

    attachment #3: trace (application/zip) ─────────────────────────────────────────────────────────
    ..\test-results\access.control-Access-Cont-516df--from-multiple-tabs-windows-firefox\trace.zip
    Usage:

        npx playwright show-trace ..\test-results\access.control-Access-Cont-516df--from-multiple-tabs-windows-firefox\trace.zip

    ────────────────────────────────────────────────────────────────────────────────────────────────

    Retry #1 ───────────────────────────────────────────────────────────────────────────────────────

    Error: expect(received).toBe(expected) // Object.is equality

    Expected: true
    Received: false

      165 |             // Login in first tab
      166 |             await authPage.login();
    > 167 |             expect(await authPage.isLoggedIn()).toBe(true);
          |                                                 ^
      168 |
      169 |             // Open second tab/page
      170 |             const secondPage = await context.newPage();
        at C:\Users\Carlo\qa-assessment-fastapi-playwright-carlos-daniel\tests\access.control.spec.ts:167:49

    attachment #1: screenshot (image/png) ──────────────────────────────────────────────────────────
    ..\test-results\access.control-Access-Cont-516df--from-multiple-tabs-windows-firefox-retry1\test-failed-1.png
    ────────────────────────────────────────────────────────────────────────────────────────────────

    Error Context: ..\test-results\access.control-Access-Cont-516df--from-multiple-tabs-windows-firefox-retry1\error-context.md

    attachment #3: trace (application/zip) ─────────────────────────────────────────────────────────
    ..\test-results\access.control-Access-Cont-516df--from-multiple-tabs-windows-firefox-retry1\trace.zip
    Usage:

        npx playwright show-trace ..\test-results\access.control-Access-Cont-516df--from-multiple-tabs-windows-firefox-retry1\trace.zip

    ────────────────────────────────────────────────────────────────────────────────────────────────
]]>
</failure>
<system-out>
<![CDATA[
[[ATTACHMENT|..\test-results\access.control-Access-Cont-516df--from-multiple-tabs-windows-firefox\test-failed-1.png]]

[[ATTACHMENT|..\test-results\access.control-Access-Cont-516df--from-multiple-tabs-windows-firefox\error-context.md]]

[[ATTACHMENT|..\test-results\access.control-Access-Cont-516df--from-multiple-tabs-windows-firefox\trace.zip]]

[[ATTACHMENT|..\test-results\access.control-Access-Cont-516df--from-multiple-tabs-windows-firefox-retry1\test-failed-1.png]]

[[ATTACHMENT|..\test-results\access.control-Access-Cont-516df--from-multiple-tabs-windows-firefox-retry1\error-context.md]]

[[ATTACHMENT|..\test-results\access.control-Access-Cont-516df--from-multiple-tabs-windows-firefox-retry1\trace.zip]]
]]>
</system-out>
</testcase>
<testcase name="Access Control &amp; Authorization › Logout Behavior › should handle logout when already logged out" classname="access.control.spec.ts" time="15.436">
<system-out>
<![CDATA[Direct logout URL not available
]]>
</system-out>
</testcase>
<testcase name="Access Control &amp; Authorization › Session Management › should maintain session across page navigation" classname="access.control.spec.ts" time="29.58">
<failure message="access.control.spec.ts:218:13 should maintain session across page navigation" type="FAILURE">
<![CDATA[  [firefox] › access.control.spec.ts:218:13 › Access Control & Authorization › Session Management › should maintain session across page navigation 

    Error: expect(received).toBe(expected) // Object.is equality

    Expected: true
    Received: false

      219 |             // Login
      220 |             await authPage.login();
    > 221 |             expect(await authPage.isLoggedIn()).toBe(true);
          |                                                 ^
      222 |
      223 |             // Navigate to different pages
      224 |             const pages = ['/dashboard', '/profile', '/settings', '/'];
        at C:\Users\Carlo\qa-assessment-fastapi-playwright-carlos-daniel\tests\access.control.spec.ts:221:49

    attachment #1: screenshot (image/png) ──────────────────────────────────────────────────────────
    ..\test-results\access.control-Access-Cont-98be1-sion-across-page-navigation-firefox\test-failed-1.png
    ────────────────────────────────────────────────────────────────────────────────────────────────

    Error Context: ..\test-results\access.control-Access-Cont-98be1-sion-across-page-navigation-firefox\error-context.md

    attachment #3: trace (application/zip) ─────────────────────────────────────────────────────────
    ..\test-results\access.control-Access-Cont-98be1-sion-across-page-navigation-firefox\trace.zip
    Usage:

        npx playwright show-trace ..\test-results\access.control-Access-Cont-98be1-sion-across-page-navigation-firefox\trace.zip

    ────────────────────────────────────────────────────────────────────────────────────────────────

    Retry #1 ───────────────────────────────────────────────────────────────────────────────────────

    Error: expect(received).toBe(expected) // Object.is equality

    Expected: true
    Received: false

      219 |             // Login
      220 |             await authPage.login();
    > 221 |             expect(await authPage.isLoggedIn()).toBe(true);
          |                                                 ^
      222 |
      223 |             // Navigate to different pages
      224 |             const pages = ['/dashboard', '/profile', '/settings', '/'];
        at C:\Users\Carlo\qa-assessment-fastapi-playwright-carlos-daniel\tests\access.control.spec.ts:221:49

    attachment #1: screenshot (image/png) ──────────────────────────────────────────────────────────
    ..\test-results\access.control-Access-Cont-98be1-sion-across-page-navigation-firefox-retry1\test-failed-1.png
    ────────────────────────────────────────────────────────────────────────────────────────────────

    Error Context: ..\test-results\access.control-Access-Cont-98be1-sion-across-page-navigation-firefox-retry1\error-context.md

    attachment #3: trace (application/zip) ─────────────────────────────────────────────────────────
    ..\test-results\access.control-Access-Cont-98be1-sion-across-page-navigation-firefox-retry1\trace.zip
    Usage:

        npx playwright show-trace ..\test-results\access.control-Access-Cont-98be1-sion-across-page-navigation-firefox-retry1\trace.zip

    ────────────────────────────────────────────────────────────────────────────────────────────────
]]>
</failure>
<system-out>
<![CDATA[
[[ATTACHMENT|..\test-results\access.control-Access-Cont-98be1-sion-across-page-navigation-firefox\test-failed-1.png]]

[[ATTACHMENT|..\test-results\access.control-Access-Cont-98be1-sion-across-page-navigation-firefox\error-context.md]]

[[ATTACHMENT|..\test-results\access.control-Access-Cont-98be1-sion-across-page-navigation-firefox\trace.zip]]

[[ATTACHMENT|..\test-results\access.control-Access-Cont-98be1-sion-across-page-navigation-firefox-retry1\test-failed-1.png]]

[[ATTACHMENT|..\test-results\access.control-Access-Cont-98be1-sion-across-page-navigation-firefox-retry1\error-context.md]]

[[ATTACHMENT|..\test-results\access.control-Access-Cont-98be1-sion-across-page-navigation-firefox-retry1\trace.zip]]
]]>
</system-out>
</testcase>
<testcase name="Access Control &amp; Authorization › Session Management › should handle page refresh while logged in" classname="access.control.spec.ts" time="28.32">
<failure message="access.control.spec.ts:236:13 should handle page refresh while logged in" type="FAILURE">
<![CDATA[  [firefox] › access.control.spec.ts:236:13 › Access Control & Authorization › Session Management › should handle page refresh while logged in 

    Error: expect(received).toBe(expected) // Object.is equality

    Expected: true
    Received: false

      238 |             await authPage.login();
      239 |             await page.goto('/dashboard');
    > 240 |             expect(await authPage.isLoggedIn()).toBe(true);
          |                                                 ^
      241 |
      242 |             // Refresh page multiple times
      243 |             for (let i = 0; i < 3; i++) {
        at C:\Users\Carlo\qa-assessment-fastapi-playwright-carlos-daniel\tests\access.control.spec.ts:240:49

    attachment #1: screenshot (image/png) ──────────────────────────────────────────────────────────
    ..\test-results\access.control-Access-Cont-57a54-age-refresh-while-logged-in-firefox\test-failed-1.png
    ────────────────────────────────────────────────────────────────────────────────────────────────

    Error Context: ..\test-results\access.control-Access-Cont-57a54-age-refresh-while-logged-in-firefox\error-context.md

    attachment #3: trace (application/zip) ─────────────────────────────────────────────────────────
    ..\test-results\access.control-Access-Cont-57a54-age-refresh-while-logged-in-firefox\trace.zip
    Usage:

        npx playwright show-trace ..\test-results\access.control-Access-Cont-57a54-age-refresh-while-logged-in-firefox\trace.zip

    ────────────────────────────────────────────────────────────────────────────────────────────────

    Retry #1 ───────────────────────────────────────────────────────────────────────────────────────

    Error: expect(received).toBe(expected) // Object.is equality

    Expected: true
    Received: false

      238 |             await authPage.login();
      239 |             await page.goto('/dashboard');
    > 240 |             expect(await authPage.isLoggedIn()).toBe(true);
          |                                                 ^
      241 |
      242 |             // Refresh page multiple times
      243 |             for (let i = 0; i < 3; i++) {
        at C:\Users\Carlo\qa-assessment-fastapi-playwright-carlos-daniel\tests\access.control.spec.ts:240:49

    attachment #1: screenshot (image/png) ──────────────────────────────────────────────────────────
    ..\test-results\access.control-Access-Cont-57a54-age-refresh-while-logged-in-firefox-retry1\test-failed-1.png
    ────────────────────────────────────────────────────────────────────────────────────────────────

    Error Context: ..\test-results\access.control-Access-Cont-57a54-age-refresh-while-logged-in-firefox-retry1\error-context.md

    attachment #3: trace (application/zip) ─────────────────────────────────────────────────────────
    ..\test-results\access.control-Access-Cont-57a54-age-refresh-while-logged-in-firefox-retry1\trace.zip
    Usage:

        npx playwright show-trace ..\test-results\access.control-Access-Cont-57a54-age-refresh-while-logged-in-firefox-retry1\trace.zip

    ────────────────────────────────────────────────────────────────────────────────────────────────
]]>
</failure>
<system-out>
<![CDATA[
[[ATTACHMENT|..\test-results\access.control-Access-Cont-57a54-age-refresh-while-logged-in-firefox\test-failed-1.png]]

[[ATTACHMENT|..\test-results\access.control-Access-Cont-57a54-age-refresh-while-logged-in-firefox\error-context.md]]

[[ATTACHMENT|..\test-results\access.control-Access-Cont-57a54-age-refresh-while-logged-in-firefox\trace.zip]]

[[ATTACHMENT|..\test-results\access.control-Access-Cont-57a54-age-refresh-while-logged-in-firefox-retry1\test-failed-1.png]]

[[ATTACHMENT|..\test-results\access.control-Access-Cont-57a54-age-refresh-while-logged-in-firefox-retry1\error-context.md]]

[[ATTACHMENT|..\test-results\access.control-Access-Cont-57a54-age-refresh-while-logged-in-firefox-retry1\trace.zip]]
]]>
</system-out>
</testcase>
<testcase name="Access Control &amp; Authorization › Session Management › should handle network interruption gracefully" classname="access.control.spec.ts" time="30.893">
<failure message="access.control.spec.ts:253:13 should handle network interruption gracefully" type="FAILURE">
<![CDATA[  [firefox] › access.control.spec.ts:253:13 › Access Control & Authorization › Session Management › should handle network interruption gracefully 

    Error: expect(received).toBe(expected) // Object.is equality

    Expected: true
    Received: false

      254 |             // Login first
      255 |             await authPage.login();
    > 256 |             expect(await authPage.isLoggedIn()).toBe(true);
          |                                                 ^
      257 |
      258 |             // TODO: Simulate network interruption
      259 |             // This is complex and might require special setup
        at C:\Users\Carlo\qa-assessment-fastapi-playwright-carlos-daniel\tests\access.control.spec.ts:256:49

    attachment #1: screenshot (image/png) ──────────────────────────────────────────────────────────
    ..\test-results\access.control-Access-Cont-5a2f3-ork-interruption-gracefully-firefox\test-failed-1.png
    ────────────────────────────────────────────────────────────────────────────────────────────────

    Error Context: ..\test-results\access.control-Access-Cont-5a2f3-ork-interruption-gracefully-firefox\error-context.md

    attachment #3: trace (application/zip) ─────────────────────────────────────────────────────────
    ..\test-results\access.control-Access-Cont-5a2f3-ork-interruption-gracefully-firefox\trace.zip
    Usage:

        npx playwright show-trace ..\test-results\access.control-Access-Cont-5a2f3-ork-interruption-gracefully-firefox\trace.zip

    ────────────────────────────────────────────────────────────────────────────────────────────────

    Retry #1 ───────────────────────────────────────────────────────────────────────────────────────

    Error: expect(received).toBe(expected) // Object.is equality

    Expected: true
    Received: false

      254 |             // Login first
      255 |             await authPage.login();
    > 256 |             expect(await authPage.isLoggedIn()).toBe(true);
          |                                                 ^
      257 |
      258 |             // TODO: Simulate network interruption
      259 |             // This is complex and might require special setup
        at C:\Users\Carlo\qa-assessment-fastapi-playwright-carlos-daniel\tests\access.control.spec.ts:256:49

    attachment #1: screenshot (image/png) ──────────────────────────────────────────────────────────
    ..\test-results\access.control-Access-Cont-5a2f3-ork-interruption-gracefully-firefox-retry1\test-failed-1.png
    ────────────────────────────────────────────────────────────────────────────────────────────────

    Error Context: ..\test-results\access.control-Access-Cont-5a2f3-ork-interruption-gracefully-firefox-retry1\error-context.md

    attachment #3: trace (application/zip) ─────────────────────────────────────────────────────────
    ..\test-results\access.control-Access-Cont-5a2f3-ork-interruption-gracefully-firefox-retry1\trace.zip
    Usage:

        npx playwright show-trace ..\test-results\access.control-Access-Cont-5a2f3-ork-interruption-gracefully-firefox-retry1\trace.zip

    ────────────────────────────────────────────────────────────────────────────────────────────────
]]>
</failure>
<system-out>
<![CDATA[
[[ATTACHMENT|..\test-results\access.control-Access-Cont-5a2f3-ork-interruption-gracefully-firefox\test-failed-1.png]]

[[ATTACHMENT|..\test-results\access.control-Access-Cont-5a2f3-ork-interruption-gracefully-firefox\error-context.md]]

[[ATTACHMENT|..\test-results\access.control-Access-Cont-5a2f3-ork-interruption-gracefully-firefox\trace.zip]]

[[ATTACHMENT|..\test-results\access.control-Access-Cont-5a2f3-ork-interruption-gracefully-firefox-retry1\test-failed-1.png]]

[[ATTACHMENT|..\test-results\access.control-Access-Cont-5a2f3-ork-interruption-gracefully-firefox-retry1\error-context.md]]

[[ATTACHMENT|..\test-results\access.control-Access-Cont-5a2f3-ork-interruption-gracefully-firefox-retry1\trace.zip]]
]]>
</system-out>
</testcase>
<testcase name="Access Control &amp; Authorization › Authentication State Edge Cases › should handle concurrent login attempts" classname="access.control.spec.ts" time="57.147">
<failure message="access.control.spec.ts:274:13 should handle concurrent login attempts" type="FAILURE">
<![CDATA[  [firefox] › access.control.spec.ts:274:13 › Access Control & Authorization › Authentication State Edge Cases › should handle concurrent login attempts 

    Test timeout of 30000ms exceeded.

    Error: page.waitForLoadState: Test timeout of 30000ms exceeded.

       at helpers\pageObjects.ts:20

      18 |      */
      19 |     async waitForPageLoad(): Promise<void> {
    > 20 |         await this.page.waitForLoadState('networkidle');
         |                         ^
      21 |     }
      22 |
      23 |     /**
        at AuthPage.waitForPageLoad (C:\Users\Carlo\qa-assessment-fastapi-playwright-carlos-daniel\tests\helpers\pageObjects.ts:20:25)
        at AuthPage.goto (C:\Users\Carlo\qa-assessment-fastapi-playwright-carlos-daniel\tests\helpers\pageObjects.ts:59:20)
        at AuthPage.gotoLogin (C:\Users\Carlo\qa-assessment-fastapi-playwright-carlos-daniel\tests\helpers\pageObjects.ts:75:9)
        at C:\Users\Carlo\qa-assessment-fastapi-playwright-carlos-daniel\tests\access.control.spec.ts:284:13

    attachment #1: screenshot (image/png) ──────────────────────────────────────────────────────────
    ..\test-results\access.control-Access-Cont-c36de-e-concurrent-login-attempts-firefox\test-failed-1.png
    ────────────────────────────────────────────────────────────────────────────────────────────────

    attachment #2: screenshot (image/png) ──────────────────────────────────────────────────────────
    ..\test-results\access.control-Access-Cont-c36de-e-concurrent-login-attempts-firefox\test-failed-3.png
    ────────────────────────────────────────────────────────────────────────────────────────────────

    attachment #3: screenshot (image/png) ──────────────────────────────────────────────────────────
    ..\test-results\access.control-Access-Cont-c36de-e-concurrent-login-attempts-firefox\test-failed-2.png
    ────────────────────────────────────────────────────────────────────────────────────────────────

    attachment #4: trace (application/zip) ─────────────────────────────────────────────────────────
    ..\test-results\access.control-Access-Cont-c36de-e-concurrent-login-attempts-firefox\trace.zip
    Usage:

        npx playwright show-trace ..\test-results\access.control-Access-Cont-c36de-e-concurrent-login-attempts-firefox\trace.zip

    ────────────────────────────────────────────────────────────────────────────────────────────────

    Retry #1 ───────────────────────────────────────────────────────────────────────────────────────

    Error: expect(received).toBe(expected) // Object.is equality

    Expected: true
    Received: false

      293 |
      294 |             // Both should be logged in
    > 295 |             expect(await authPage1.isLoggedIn()).toBe(true);
          |                                                  ^
      296 |             expect(await authPage2.isLoggedIn()).toBe(true);
      297 |
      298 |             await page1.close();
        at C:\Users\Carlo\qa-assessment-fastapi-playwright-carlos-daniel\tests\access.control.spec.ts:295:50

    attachment #1: screenshot (image/png) ──────────────────────────────────────────────────────────
    ..\test-results\access.control-Access-Cont-c36de-e-concurrent-login-attempts-firefox-retry1\test-failed-2.png
    ────────────────────────────────────────────────────────────────────────────────────────────────

    attachment #2: screenshot (image/png) ──────────────────────────────────────────────────────────
    ..\test-results\access.control-Access-Cont-c36de-e-concurrent-login-attempts-firefox-retry1\test-failed-3.png
    ────────────────────────────────────────────────────────────────────────────────────────────────

    attachment #3: screenshot (image/png) ──────────────────────────────────────────────────────────
    ..\test-results\access.control-Access-Cont-c36de-e-concurrent-login-attempts-firefox-retry1\test-failed-1.png
    ────────────────────────────────────────────────────────────────────────────────────────────────

    attachment #4: trace (application/zip) ─────────────────────────────────────────────────────────
    ..\test-results\access.control-Access-Cont-c36de-e-concurrent-login-attempts-firefox-retry1\trace.zip
    Usage:

        npx playwright show-trace ..\test-results\access.control-Access-Cont-c36de-e-concurrent-login-attempts-firefox-retry1\trace.zip

    ────────────────────────────────────────────────────────────────────────────────────────────────
]]>
</failure>
<system-out>
<![CDATA[
[[ATTACHMENT|..\test-results\access.control-Access-Cont-c36de-e-concurrent-login-attempts-firefox\test-failed-1.png]]

[[ATTACHMENT|..\test-results\access.control-Access-Cont-c36de-e-concurrent-login-attempts-firefox\test-failed-3.png]]

[[ATTACHMENT|..\test-results\access.control-Access-Cont-c36de-e-concurrent-login-attempts-firefox\test-failed-2.png]]

[[ATTACHMENT|..\test-results\access.control-Access-Cont-c36de-e-concurrent-login-attempts-firefox\trace.zip]]

[[ATTACHMENT|..\test-results\access.control-Access-Cont-c36de-e-concurrent-login-attempts-firefox-retry1\test-failed-2.png]]

[[ATTACHMENT|..\test-results\access.control-Access-Cont-c36de-e-concurrent-login-attempts-firefox-retry1\test-failed-3.png]]

[[ATTACHMENT|..\test-results\access.control-Access-Cont-c36de-e-concurrent-login-attempts-firefox-retry1\test-failed-1.png]]

[[ATTACHMENT|..\test-results\access.control-Access-Cont-c36de-e-concurrent-login-attempts-firefox-retry1\trace.zip]]
]]>
</system-out>
</testcase>
<testcase name="Access Control &amp; Authorization › Authentication State Edge Cases › should redirect to original destination after login" classname="access.control.spec.ts" time="20.987">
<failure message="access.control.spec.ts:302:13 should redirect to original destination after login" type="FAILURE">
<![CDATA[  [firefox] › access.control.spec.ts:302:13 › Access Control & Authorization › Authentication State Edge Cases › should redirect to original destination after login 

    Error: expect(received).toBe(expected) // Object.is equality

    Expected: true
    Received: false

      307 |             // Should be redirected to login
      308 |             await authPage.waitForPageLoad();
    > 309 |             expect(await authPage.isOnLoginPage()).toBe(true);
          |                                                    ^
      310 |
      311 |             // Login
      312 |             await authPage.login();
        at C:\Users\Carlo\qa-assessment-fastapi-playwright-carlos-daniel\tests\access.control.spec.ts:309:52

    attachment #1: screenshot (image/png) ──────────────────────────────────────────────────────────
    ..\test-results\access.control-Access-Cont-73912-nal-destination-after-login-firefox\test-failed-1.png
    ────────────────────────────────────────────────────────────────────────────────────────────────

    Error Context: ..\test-results\access.control-Access-Cont-73912-nal-destination-after-login-firefox\error-context.md

    attachment #3: trace (application/zip) ─────────────────────────────────────────────────────────
    ..\test-results\access.control-Access-Cont-73912-nal-destination-after-login-firefox\trace.zip
    Usage:

        npx playwright show-trace ..\test-results\access.control-Access-Cont-73912-nal-destination-after-login-firefox\trace.zip

    ────────────────────────────────────────────────────────────────────────────────────────────────

    Retry #1 ───────────────────────────────────────────────────────────────────────────────────────

    Error: expect(received).toBe(expected) // Object.is equality

    Expected: true
    Received: false

      307 |             // Should be redirected to login
      308 |             await authPage.waitForPageLoad();
    > 309 |             expect(await authPage.isOnLoginPage()).toBe(true);
          |                                                    ^
      310 |
      311 |             // Login
      312 |             await authPage.login();
        at C:\Users\Carlo\qa-assessment-fastapi-playwright-carlos-daniel\tests\access.control.spec.ts:309:52

    attachment #1: screenshot (image/png) ──────────────────────────────────────────────────────────
    ..\test-results\access.control-Access-Cont-73912-nal-destination-after-login-firefox-retry1\test-failed-1.png
    ────────────────────────────────────────────────────────────────────────────────────────────────

    Error Context: ..\test-results\access.control-Access-Cont-73912-nal-destination-after-login-firefox-retry1\error-context.md

    attachment #3: trace (application/zip) ─────────────────────────────────────────────────────────
    ..\test-results\access.control-Access-Cont-73912-nal-destination-after-login-firefox-retry1\trace.zip
    Usage:

        npx playwright show-trace ..\test-results\access.control-Access-Cont-73912-nal-destination-after-login-firefox-retry1\trace.zip

    ────────────────────────────────────────────────────────────────────────────────────────────────
]]>
</failure>
<system-out>
<![CDATA[
[[ATTACHMENT|..\test-results\access.control-Access-Cont-73912-nal-destination-after-login-firefox\test-failed-1.png]]

[[ATTACHMENT|..\test-results\access.control-Access-Cont-73912-nal-destination-after-login-firefox\error-context.md]]

[[ATTACHMENT|..\test-results\access.control-Access-Cont-73912-nal-destination-after-login-firefox\trace.zip]]

[[ATTACHMENT|..\test-results\access.control-Access-Cont-73912-nal-destination-after-login-firefox-retry1\test-failed-1.png]]

[[ATTACHMENT|..\test-results\access.control-Access-Cont-73912-nal-destination-after-login-firefox-retry1\error-context.md]]

[[ATTACHMENT|..\test-results\access.control-Access-Cont-73912-nal-destination-after-login-firefox-retry1\trace.zip]]
]]>
</system-out>
</testcase>
<testcase name="Access Control &amp; Authorization › Authentication State Edge Cases › should handle malformed authentication tokens" classname="access.control.spec.ts" time="50.259">
<failure message="access.control.spec.ts:322:13 should handle malformed authentication tokens" type="FAILURE">
<![CDATA[  [firefox] › access.control.spec.ts:322:13 › Access Control & Authorization › Authentication State Edge Cases › should handle malformed authentication tokens 

    Error: expect(received).toBe(expected) // Object.is equality

    Expected: true
    Received: false

      323 |             // Login first to get valid session
      324 |             await authPage.login();
    > 325 |             expect(await authPage.isLoggedIn()).toBe(true);
          |                                                 ^
      326 |
      327 |             // TODO: Corrupt the authentication token
      328 |             // This depends on how the app stores auth tokens
        at C:\Users\Carlo\qa-assessment-fastapi-playwright-carlos-daniel\tests\access.control.spec.ts:325:49

    attachment #1: screenshot (image/png) ──────────────────────────────────────────────────────────
    ..\test-results\access.control-Access-Cont-3ecbd-ormed-authentication-tokens-firefox\test-failed-1.png
    ────────────────────────────────────────────────────────────────────────────────────────────────

    Error Context: ..\test-results\access.control-Access-Cont-3ecbd-ormed-authentication-tokens-firefox\error-context.md

    attachment #3: trace (application/zip) ─────────────────────────────────────────────────────────
    ..\test-results\access.control-Access-Cont-3ecbd-ormed-authentication-tokens-firefox\trace.zip
    Usage:

        npx playwright show-trace ..\test-results\access.control-Access-Cont-3ecbd-ormed-authentication-tokens-firefox\trace.zip

    ────────────────────────────────────────────────────────────────────────────────────────────────

    Retry #1 ───────────────────────────────────────────────────────────────────────────────────────

    Test timeout of 30000ms exceeded.

    Error: page.waitForLoadState: Test timeout of 30000ms exceeded.

       at helpers\pageObjects.ts:20

      18 |      */
      19 |     async waitForPageLoad(): Promise<void> {
    > 20 |         await this.page.waitForLoadState('networkidle');
         |                         ^
      21 |     }
      22 |
      23 |     /**
        at AuthPage.waitForPageLoad (C:\Users\Carlo\qa-assessment-fastapi-playwright-carlos-daniel\tests\helpers\pageObjects.ts:20:25)
        at AuthPage.goto (C:\Users\Carlo\qa-assessment-fastapi-playwright-carlos-daniel\tests\helpers\pageObjects.ts:59:20)
        at AuthPage.gotoLogin (C:\Users\Carlo\qa-assessment-fastapi-playwright-carlos-daniel\tests\helpers\pageObjects.ts:75:9)
        at AuthPage.login (C:\Users\Carlo\qa-assessment-fastapi-playwright-carlos-daniel\tests\helpers\pageObjects.ts:82:9)
        at C:\Users\Carlo\qa-assessment-fastapi-playwright-carlos-daniel\tests\access.control.spec.ts:324:13

    attachment #1: screenshot (image/png) ──────────────────────────────────────────────────────────
    ..\test-results\access.control-Access-Cont-3ecbd-ormed-authentication-tokens-firefox-retry1\test-failed-1.png
    ────────────────────────────────────────────────────────────────────────────────────────────────

    Error Context: ..\test-results\access.control-Access-Cont-3ecbd-ormed-authentication-tokens-firefox-retry1\error-context.md

    attachment #3: trace (application/zip) ─────────────────────────────────────────────────────────
    ..\test-results\access.control-Access-Cont-3ecbd-ormed-authentication-tokens-firefox-retry1\trace.zip
    Usage:

        npx playwright show-trace ..\test-results\access.control-Access-Cont-3ecbd-ormed-authentication-tokens-firefox-retry1\trace.zip

    ────────────────────────────────────────────────────────────────────────────────────────────────
]]>
</failure>
<system-out>
<![CDATA[
[[ATTACHMENT|..\test-results\access.control-Access-Cont-3ecbd-ormed-authentication-tokens-firefox\test-failed-1.png]]

[[ATTACHMENT|..\test-results\access.control-Access-Cont-3ecbd-ormed-authentication-tokens-firefox\error-context.md]]

[[ATTACHMENT|..\test-results\access.control-Access-Cont-3ecbd-ormed-authentication-tokens-firefox\trace.zip]]

[[ATTACHMENT|..\test-results\access.control-Access-Cont-3ecbd-ormed-authentication-tokens-firefox-retry1\test-failed-1.png]]

[[ATTACHMENT|..\test-results\access.control-Access-Cont-3ecbd-ormed-authentication-tokens-firefox-retry1\error-context.md]]

[[ATTACHMENT|..\test-results\access.control-Access-Cont-3ecbd-ormed-authentication-tokens-firefox-retry1\trace.zip]]
]]>
</system-out>
</testcase>
</testsuite>
<testsuite name="auth.login.spec.ts" timestamp="2025-09-06T20:39:18.478Z" hostname="firefox" tests="10" failures="4" skipped="0" time="192.099" errors="0">
<testcase name="Authentication - Login › Positive Login Tests › should login successfully with valid admin credentials" classname="auth.login.spec.ts" time="30.809">
<failure message="auth.login.spec.ts:13:13 should login successfully with valid admin credentials" type="FAILURE">
<![CDATA[  [firefox] › auth.login.spec.ts:13:13 › Authentication - Login › Positive Login Tests › should login successfully with valid admin credentials 

    Error: expect(received).toBe(expected) // Object.is equality

    Expected: true
    Received: false

      26 |             // 2. Presence of logout button or user menu
      27 |             // 3. Absence of login form
    > 28 |             expect(await authPage.isLoggedIn()).toBe(true);
         |                                                 ^
      29 |             expect(await authPage.isOnLoginPage()).toBe(false);
      30 |
      31 |             // TODO: Verify specific post-login elements exist
        at C:\Users\Carlo\qa-assessment-fastapi-playwright-carlos-daniel\tests\auth.login.spec.ts:28:49

    attachment #1: screenshot (image/png) ──────────────────────────────────────────────────────────
    ..\test-results\auth.login-Authentication--21bc4-ith-valid-admin-credentials-firefox\test-failed-1.png
    ────────────────────────────────────────────────────────────────────────────────────────────────

    Error Context: ..\test-results\auth.login-Authentication--21bc4-ith-valid-admin-credentials-firefox\error-context.md

    attachment #3: trace (application/zip) ─────────────────────────────────────────────────────────
    ..\test-results\auth.login-Authentication--21bc4-ith-valid-admin-credentials-firefox\trace.zip
    Usage:

        npx playwright show-trace ..\test-results\auth.login-Authentication--21bc4-ith-valid-admin-credentials-firefox\trace.zip

    ────────────────────────────────────────────────────────────────────────────────────────────────

    Retry #1 ───────────────────────────────────────────────────────────────────────────────────────

    Error: expect(received).toBe(expected) // Object.is equality

    Expected: true
    Received: false

      26 |             // 2. Presence of logout button or user menu
      27 |             // 3. Absence of login form
    > 28 |             expect(await authPage.isLoggedIn()).toBe(true);
         |                                                 ^
      29 |             expect(await authPage.isOnLoginPage()).toBe(false);
      30 |
      31 |             // TODO: Verify specific post-login elements exist
        at C:\Users\Carlo\qa-assessment-fastapi-playwright-carlos-daniel\tests\auth.login.spec.ts:28:49

    attachment #1: screenshot (image/png) ──────────────────────────────────────────────────────────
    ..\test-results\auth.login-Authentication--21bc4-ith-valid-admin-credentials-firefox-retry1\test-failed-1.png
    ────────────────────────────────────────────────────────────────────────────────────────────────

    Error Context: ..\test-results\auth.login-Authentication--21bc4-ith-valid-admin-credentials-firefox-retry1\error-context.md

    attachment #3: trace (application/zip) ─────────────────────────────────────────────────────────
    ..\test-results\auth.login-Authentication--21bc4-ith-valid-admin-credentials-firefox-retry1\trace.zip
    Usage:

        npx playwright show-trace ..\test-results\auth.login-Authentication--21bc4-ith-valid-admin-credentials-firefox-retry1\trace.zip

    ────────────────────────────────────────────────────────────────────────────────────────────────
]]>
</failure>
<system-out>
<![CDATA[
[[ATTACHMENT|..\test-results\auth.login-Authentication--21bc4-ith-valid-admin-credentials-firefox\test-failed-1.png]]

[[ATTACHMENT|..\test-results\auth.login-Authentication--21bc4-ith-valid-admin-credentials-firefox\error-context.md]]

[[ATTACHMENT|..\test-results\auth.login-Authentication--21bc4-ith-valid-admin-credentials-firefox\trace.zip]]

[[ATTACHMENT|..\test-results\auth.login-Authentication--21bc4-ith-valid-admin-credentials-firefox-retry1\test-failed-1.png]]

[[ATTACHMENT|..\test-results\auth.login-Authentication--21bc4-ith-valid-admin-credentials-firefox-retry1\error-context.md]]

[[ATTACHMENT|..\test-results\auth.login-Authentication--21bc4-ith-valid-admin-credentials-firefox-retry1\trace.zip]]
]]>
</system-out>
</testcase>
<testcase name="Authentication - Login › Positive Login Tests › should maintain session after page refresh" classname="auth.login.spec.ts" time="31.068">
<failure message="auth.login.spec.ts:38:13 should maintain session after page refresh" type="FAILURE">
<![CDATA[  [firefox] › auth.login.spec.ts:38:13 › Authentication - Login › Positive Login Tests › should maintain session after page refresh 

    Error: expect(received).toBe(expected) // Object.is equality

    Expected: true
    Received: false

      39 |             // Login first
      40 |             await authPage.login();
    > 41 |             expect(await authPage.isLoggedIn()).toBe(true);
         |                                                 ^
      42 |
      43 |             // Refresh page
      44 |             await page.reload();
        at C:\Users\Carlo\qa-assessment-fastapi-playwright-carlos-daniel\tests\auth.login.spec.ts:41:49

    attachment #1: screenshot (image/png) ──────────────────────────────────────────────────────────
    ..\test-results\auth.login-Authentication--cce55--session-after-page-refresh-firefox\test-failed-1.png
    ────────────────────────────────────────────────────────────────────────────────────────────────

    Error Context: ..\test-results\auth.login-Authentication--cce55--session-after-page-refresh-firefox\error-context.md

    attachment #3: trace (application/zip) ─────────────────────────────────────────────────────────
    ..\test-results\auth.login-Authentication--cce55--session-after-page-refresh-firefox\trace.zip
    Usage:

        npx playwright show-trace ..\test-results\auth.login-Authentication--cce55--session-after-page-refresh-firefox\trace.zip

    ────────────────────────────────────────────────────────────────────────────────────────────────

    Retry #1 ───────────────────────────────────────────────────────────────────────────────────────

    Error: expect(received).toBe(expected) // Object.is equality

    Expected: true
    Received: false

      39 |             // Login first
      40 |             await authPage.login();
    > 41 |             expect(await authPage.isLoggedIn()).toBe(true);
         |                                                 ^
      42 |
      43 |             // Refresh page
      44 |             await page.reload();
        at C:\Users\Carlo\qa-assessment-fastapi-playwright-carlos-daniel\tests\auth.login.spec.ts:41:49

    attachment #1: screenshot (image/png) ──────────────────────────────────────────────────────────
    ..\test-results\auth.login-Authentication--cce55--session-after-page-refresh-firefox-retry1\test-failed-1.png
    ────────────────────────────────────────────────────────────────────────────────────────────────

    Error Context: ..\test-results\auth.login-Authentication--cce55--session-after-page-refresh-firefox-retry1\error-context.md

    attachment #3: trace (application/zip) ─────────────────────────────────────────────────────────
    ..\test-results\auth.login-Authentication--cce55--session-after-page-refresh-firefox-retry1\trace.zip
    Usage:

        npx playwright show-trace ..\test-results\auth.login-Authentication--cce55--session-after-page-refresh-firefox-retry1\trace.zip

    ────────────────────────────────────────────────────────────────────────────────────────────────
]]>
</failure>
<system-out>
<![CDATA[
[[ATTACHMENT|..\test-results\auth.login-Authentication--cce55--session-after-page-refresh-firefox\test-failed-1.png]]

[[ATTACHMENT|..\test-results\auth.login-Authentication--cce55--session-after-page-refresh-firefox\error-context.md]]

[[ATTACHMENT|..\test-results\auth.login-Authentication--cce55--session-after-page-refresh-firefox\trace.zip]]

[[ATTACHMENT|..\test-results\auth.login-Authentication--cce55--session-after-page-refresh-firefox-retry1\test-failed-1.png]]

[[ATTACHMENT|..\test-results\auth.login-Authentication--cce55--session-after-page-refresh-firefox-retry1\error-context.md]]

[[ATTACHMENT|..\test-results\auth.login-Authentication--cce55--session-after-page-refresh-firefox-retry1\trace.zip]]
]]>
</system-out>
</testcase>
<testcase name="Authentication - Login › Positive Login Tests › should redirect to intended page after login" classname="auth.login.spec.ts" time="9.71">
</testcase>
<testcase name="Authentication - Login › Negative Login Tests › should show error for invalid email and password" classname="auth.login.spec.ts" time="32.135">
<failure message="auth.login.spec.ts:69:13 should show error for invalid email and password" type="FAILURE">
<![CDATA[  [firefox] › auth.login.spec.ts:69:13 › Authentication - Login › Negative Login Tests › should show error for invalid email and password 

    Error: expect(received).toBe(expected) // Object.is equality

    Expected: true
    Received: false

      74 |             // Verify login failed
      75 |             expect(await authPage.isLoggedIn()).toBe(false);
    > 76 |             expect(await authPage.hasLoginError()).toBe(true);
         |                                                    ^
      77 |
      78 |             // TODO: Verify specific error message based on actual app behavior
      79 |             const errorMessage = await authPage.getLoginError();
        at C:\Users\Carlo\qa-assessment-fastapi-playwright-carlos-daniel\tests\auth.login.spec.ts:76:52

    attachment #1: screenshot (image/png) ──────────────────────────────────────────────────────────
    ..\test-results\auth.login-Authentication--7a610--invalid-email-and-password-firefox\test-failed-1.png
    ────────────────────────────────────────────────────────────────────────────────────────────────

    Error Context: ..\test-results\auth.login-Authentication--7a610--invalid-email-and-password-firefox\error-context.md

    attachment #3: trace (application/zip) ─────────────────────────────────────────────────────────
    ..\test-results\auth.login-Authentication--7a610--invalid-email-and-password-firefox\trace.zip
    Usage:

        npx playwright show-trace ..\test-results\auth.login-Authentication--7a610--invalid-email-and-password-firefox\trace.zip

    ────────────────────────────────────────────────────────────────────────────────────────────────

    Retry #1 ───────────────────────────────────────────────────────────────────────────────────────

    Error: expect(received).toBe(expected) // Object.is equality

    Expected: true
    Received: false

      74 |             // Verify login failed
      75 |             expect(await authPage.isLoggedIn()).toBe(false);
    > 76 |             expect(await authPage.hasLoginError()).toBe(true);
         |                                                    ^
      77 |
      78 |             // TODO: Verify specific error message based on actual app behavior
      79 |             const errorMessage = await authPage.getLoginError();
        at C:\Users\Carlo\qa-assessment-fastapi-playwright-carlos-daniel\tests\auth.login.spec.ts:76:52

    attachment #1: screenshot (image/png) ──────────────────────────────────────────────────────────
    ..\test-results\auth.login-Authentication--7a610--invalid-email-and-password-firefox-retry1\test-failed-1.png
    ────────────────────────────────────────────────────────────────────────────────────────────────

    Error Context: ..\test-results\auth.login-Authentication--7a610--invalid-email-and-password-firefox-retry1\error-context.md

    attachment #3: trace (application/zip) ─────────────────────────────────────────────────────────
    ..\test-results\auth.login-Authentication--7a610--invalid-email-and-password-firefox-retry1\trace.zip
    Usage:

        npx playwright show-trace ..\test-results\auth.login-Authentication--7a610--invalid-email-and-password-firefox-retry1\trace.zip

    ────────────────────────────────────────────────────────────────────────────────────────────────
]]>
</failure>
<system-out>
<![CDATA[
[[ATTACHMENT|..\test-results\auth.login-Authentication--7a610--invalid-email-and-password-firefox\test-failed-1.png]]

[[ATTACHMENT|..\test-results\auth.login-Authentication--7a610--invalid-email-and-password-firefox\error-context.md]]

[[ATTACHMENT|..\test-results\auth.login-Authentication--7a610--invalid-email-and-password-firefox\trace.zip]]

[[ATTACHMENT|..\test-results\auth.login-Authentication--7a610--invalid-email-and-password-firefox-retry1\test-failed-1.png]]

[[ATTACHMENT|..\test-results\auth.login-Authentication--7a610--invalid-email-and-password-firefox-retry1\error-context.md]]

[[ATTACHMENT|..\test-results\auth.login-Authentication--7a610--invalid-email-and-password-firefox-retry1\trace.zip]]
]]>
</system-out>
</testcase>
<testcase name="Authentication - Login › Negative Login Tests › should show error for malformed email" classname="auth.login.spec.ts" time="14.99">
</testcase>
<testcase name="Authentication - Login › Negative Login Tests › should show error for empty credentials" classname="auth.login.spec.ts" time="14.901">
</testcase>
<testcase name="Authentication - Login › Negative Login Tests › should show error for correct email but wrong password" classname="auth.login.spec.ts" time="35.566">
<failure message="auth.login.spec.ts:113:13 should show error for correct email but wrong password" type="FAILURE">
<![CDATA[  [firefox] › auth.login.spec.ts:113:13 › Authentication - Login › Negative Login Tests › should show error for correct email but wrong password 

    Error: expect(received).toBe(expected) // Object.is equality

    Expected: true
    Received: false

      121 |             // Verify login failed with specific error
      122 |             expect(await authPage.isLoggedIn()).toBe(false);
    > 123 |             expect(await authPage.hasLoginError()).toBe(true);
          |                                                    ^
      124 |
      125 |             const errorMessage = await authPage.getLoginError();
      126 |             // TODO: Adjust based on actual error message
        at C:\Users\Carlo\qa-assessment-fastapi-playwright-carlos-daniel\tests\auth.login.spec.ts:123:52

    attachment #1: screenshot (image/png) ──────────────────────────────────────────────────────────
    ..\test-results\auth.login-Authentication--14f8e-ct-email-but-wrong-password-firefox\test-failed-1.png
    ────────────────────────────────────────────────────────────────────────────────────────────────

    Error Context: ..\test-results\auth.login-Authentication--14f8e-ct-email-but-wrong-password-firefox\error-context.md

    attachment #3: trace (application/zip) ─────────────────────────────────────────────────────────
    ..\test-results\auth.login-Authentication--14f8e-ct-email-but-wrong-password-firefox\trace.zip
    Usage:

        npx playwright show-trace ..\test-results\auth.login-Authentication--14f8e-ct-email-but-wrong-password-firefox\trace.zip

    ────────────────────────────────────────────────────────────────────────────────────────────────

    Retry #1 ───────────────────────────────────────────────────────────────────────────────────────

    Error: expect(received).toBe(expected) // Object.is equality

    Expected: true
    Received: false

      121 |             // Verify login failed with specific error
      122 |             expect(await authPage.isLoggedIn()).toBe(false);
    > 123 |             expect(await authPage.hasLoginError()).toBe(true);
          |                                                    ^
      124 |
      125 |             const errorMessage = await authPage.getLoginError();
      126 |             // TODO: Adjust based on actual error message
        at C:\Users\Carlo\qa-assessment-fastapi-playwright-carlos-daniel\tests\auth.login.spec.ts:123:52

    attachment #1: screenshot (image/png) ──────────────────────────────────────────────────────────
    ..\test-results\auth.login-Authentication--14f8e-ct-email-but-wrong-password-firefox-retry1\test-failed-1.png
    ────────────────────────────────────────────────────────────────────────────────────────────────

    Error Context: ..\test-results\auth.login-Authentication--14f8e-ct-email-but-wrong-password-firefox-retry1\error-context.md

    attachment #3: trace (application/zip) ─────────────────────────────────────────────────────────
    ..\test-results\auth.login-Authentication--14f8e-ct-email-but-wrong-password-firefox-retry1\trace.zip
    Usage:

        npx playwright show-trace ..\test-results\auth.login-Authentication--14f8e-ct-email-but-wrong-password-firefox-retry1\trace.zip

    ────────────────────────────────────────────────────────────────────────────────────────────────
]]>
</failure>
<system-out>
<![CDATA[
[[ATTACHMENT|..\test-results\auth.login-Authentication--14f8e-ct-email-but-wrong-password-firefox\test-failed-1.png]]

[[ATTACHMENT|..\test-results\auth.login-Authentication--14f8e-ct-email-but-wrong-password-firefox\error-context.md]]

[[ATTACHMENT|..\test-results\auth.login-Authentication--14f8e-ct-email-but-wrong-password-firefox\trace.zip]]

[[ATTACHMENT|..\test-results\auth.login-Authentication--14f8e-ct-email-but-wrong-password-firefox-retry1\test-failed-1.png]]

[[ATTACHMENT|..\test-results\auth.login-Authentication--14f8e-ct-email-but-wrong-password-firefox-retry1\error-context.md]]

[[ATTACHMENT|..\test-results\auth.login-Authentication--14f8e-ct-email-but-wrong-password-firefox-retry1\trace.zip]]
]]>
</system-out>
</testcase>
<testcase name="Authentication - Login › Login Form Behavior › should focus email field on page load" classname="auth.login.spec.ts" time="6.673">
</testcase>
<testcase name="Authentication - Login › Login Form Behavior › should allow tab navigation between fields" classname="auth.login.spec.ts" time="7.641">
</testcase>
<testcase name="Authentication - Login › Login Form Behavior › should submit form on Enter key" classname="auth.login.spec.ts" time="8.606">
</testcase>
</testsuite>
<testsuite name="entities.crud.spec.ts" timestamp="2025-09-06T20:39:18.478Z" hostname="firefox" tests="14" failures="14" skipped="0" time="669.027" errors="0">
<testcase name="Entity CRUD Operations › Create Entity › should create new entity successfully" classname="entities.crud.spec.ts" time="78.173">
<failure message="entities.crud.spec.ts:30:13 should create new entity successfully" type="FAILURE">
<![CDATA[  [firefox] › entities.crud.spec.ts:30:13 › Entity CRUD Operations › Create Entity › should create new entity successfully 

    Error: expect(received).toBe(expected) // Object.is equality

    Expected: true
    Received: false

      24 |         // TODO: Skip login if test doesn't require authentication
      25 |         await authPage.login();
    > 26 |         expect(await authPage.isLoggedIn()).toBe(true);
         |                                             ^
      27 |     });
      28 |
      29 |     test.describe('Create Entity', () => {
        at C:\Users\Carlo\qa-assessment-fastapi-playwright-carlos-daniel\tests\entities.crud.spec.ts:26:45

    Test timeout of 30000ms exceeded while running "afterEach" hook.

      290 |     });
      291 |
    > 292 |     test.afterEach(async ({ page }) => {
          |          ^
      293 |         // Cleanup: delete test items if they exist
      294 |         try {
      295 |             if (await entityPage.itemExists(testItemData.name)) {
        at C:\Users\Carlo\qa-assessment-fastapi-playwright-carlos-daniel\tests\entities.crud.spec.ts:292:10

    Error: page.waitForLoadState: Test ended.

       at helpers\pageObjects.ts:20

      18 |      */
      19 |     async waitForPageLoad(): Promise<void> {
    > 20 |         await this.page.waitForLoadState('networkidle');
         |                         ^
      21 |     }
      22 |
      23 |     /**
        at AuthPage.waitForPageLoad (C:\Users\Carlo\qa-assessment-fastapi-playwright-carlos-daniel\tests\helpers\pageObjects.ts:20:25)
        at AuthPage.logout (C:\Users\Carlo\qa-assessment-fastapi-playwright-carlos-daniel\tests\helpers\pageObjects.ts:119:20)
        at C:\Users\Carlo\qa-assessment-fastapi-playwright-carlos-daniel\tests\entities.crud.spec.ts:307:9

    attachment #1: screenshot (image/png) ──────────────────────────────────────────────────────────
    ..\test-results\entities.crud-Entity-CRUD--3f5a8-ate-new-entity-successfully-firefox\test-failed-1.png
    ────────────────────────────────────────────────────────────────────────────────────────────────

    Error Context: ..\test-results\entities.crud-Entity-CRUD--3f5a8-ate-new-entity-successfully-firefox\error-context.md

    attachment #3: trace (application/zip) ─────────────────────────────────────────────────────────
    ..\test-results\entities.crud-Entity-CRUD--3f5a8-ate-new-entity-successfully-firefox\trace.zip
    Usage:

        npx playwright show-trace ..\test-results\entities.crud-Entity-CRUD--3f5a8-ate-new-entity-successfully-firefox\trace.zip

    ────────────────────────────────────────────────────────────────────────────────────────────────

    Retry #1 ───────────────────────────────────────────────────────────────────────────────────────

    Error: expect(received).toBe(expected) // Object.is equality

    Expected: true
    Received: false

      24 |         // TODO: Skip login if test doesn't require authentication
      25 |         await authPage.login();
    > 26 |         expect(await authPage.isLoggedIn()).toBe(true);
         |                                             ^
      27 |     });
      28 |
      29 |     test.describe('Create Entity', () => {
        at C:\Users\Carlo\qa-assessment-fastapi-playwright-carlos-daniel\tests\entities.crud.spec.ts:26:45

    Test timeout of 30000ms exceeded while running "afterEach" hook.

      290 |     });
      291 |
    > 292 |     test.afterEach(async ({ page }) => {
          |          ^
      293 |         // Cleanup: delete test items if they exist
      294 |         try {
      295 |             if (await entityPage.itemExists(testItemData.name)) {
        at C:\Users\Carlo\qa-assessment-fastapi-playwright-carlos-daniel\tests\entities.crud.spec.ts:292:10

    Error: page.waitForLoadState: Test ended.

       at helpers\pageObjects.ts:20

      18 |      */
      19 |     async waitForPageLoad(): Promise<void> {
    > 20 |         await this.page.waitForLoadState('networkidle');
         |                         ^
      21 |     }
      22 |
      23 |     /**
        at AuthPage.waitForPageLoad (C:\Users\Carlo\qa-assessment-fastapi-playwright-carlos-daniel\tests\helpers\pageObjects.ts:20:25)
        at AuthPage.logout (C:\Users\Carlo\qa-assessment-fastapi-playwright-carlos-daniel\tests\helpers\pageObjects.ts:119:20)
        at C:\Users\Carlo\qa-assessment-fastapi-playwright-carlos-daniel\tests\entities.crud.spec.ts:307:9

    attachment #1: screenshot (image/png) ──────────────────────────────────────────────────────────
    ..\test-results\entities.crud-Entity-CRUD--3f5a8-ate-new-entity-successfully-firefox-retry1\test-failed-1.png
    ────────────────────────────────────────────────────────────────────────────────────────────────

    Error Context: ..\test-results\entities.crud-Entity-CRUD--3f5a8-ate-new-entity-successfully-firefox-retry1\error-context.md

    attachment #3: trace (application/zip) ─────────────────────────────────────────────────────────
    ..\test-results\entities.crud-Entity-CRUD--3f5a8-ate-new-entity-successfully-firefox-retry1\trace.zip
    Usage:

        npx playwright show-trace ..\test-results\entities.crud-Entity-CRUD--3f5a8-ate-new-entity-successfully-firefox-retry1\trace.zip

    ────────────────────────────────────────────────────────────────────────────────────────────────
]]>
</failure>
<system-out>
<![CDATA[Cleanup error: page.waitForLoadState: Test ended.
    at EntityPage.waitForPageLoad [90m(C:\Users\Carlo\qa-assessment-fastapi-playwright-carlos-daniel\[39mtests\helpers\pageObjects.ts:20:25[90m)[39m
    at EntityPage.goto [90m(C:\Users\Carlo\qa-assessment-fastapi-playwright-carlos-daniel\[39mtests\helpers\pageObjects.ts:59:20[90m)[39m
    at EntityPage.gotoList [90m(C:\Users\Carlo\qa-assessment-fastapi-playwright-carlos-daniel\[39mtests\helpers\pageObjects.ts:167:9[90m)[39m
    at EntityPage.itemExists [90m(C:\Users\Carlo\qa-assessment-fastapi-playwright-carlos-daniel\[39mtests\helpers\pageObjects.ts:277:9[90m)[39m
    at [90mC:\Users\Carlo\qa-assessment-fastapi-playwright-carlos-daniel\[39mtests\entities.crud.spec.ts:298:17

[[ATTACHMENT|..\test-results\entities.crud-Entity-CRUD--3f5a8-ate-new-entity-successfully-firefox\test-failed-1.png]]

[[ATTACHMENT|..\test-results\entities.crud-Entity-CRUD--3f5a8-ate-new-entity-successfully-firefox\error-context.md]]

[[ATTACHMENT|..\test-results\entities.crud-Entity-CRUD--3f5a8-ate-new-entity-successfully-firefox\trace.zip]]
Cleanup error: page.waitForLoadState: Test ended.
    at EntityPage.waitForPageLoad [90m(C:\Users\Carlo\qa-assessment-fastapi-playwright-carlos-daniel\[39mtests\helpers\pageObjects.ts:20:25[90m)[39m
    at EntityPage.goto [90m(C:\Users\Carlo\qa-assessment-fastapi-playwright-carlos-daniel\[39mtests\helpers\pageObjects.ts:59:20[90m)[39m
    at EntityPage.gotoList [90m(C:\Users\Carlo\qa-assessment-fastapi-playwright-carlos-daniel\[39mtests\helpers\pageObjects.ts:167:9[90m)[39m
    at EntityPage.itemExists [90m(C:\Users\Carlo\qa-assessment-fastapi-playwright-carlos-daniel\[39mtests\helpers\pageObjects.ts:277:9[90m)[39m
    at [90mC:\Users\Carlo\qa-assessment-fastapi-playwright-carlos-daniel\[39mtests\entities.crud.spec.ts:295:17

[[ATTACHMENT|..\test-results\entities.crud-Entity-CRUD--3f5a8-ate-new-entity-successfully-firefox-retry1\test-failed-1.png]]

[[ATTACHMENT|..\test-results\entities.crud-Entity-CRUD--3f5a8-ate-new-entity-successfully-firefox-retry1\error-context.md]]

[[ATTACHMENT|..\test-results\entities.crud-Entity-CRUD--3f5a8-ate-new-entity-successfully-firefox-retry1\trace.zip]]
]]>
</system-out>
</testcase>
<testcase name="Entity CRUD Operations › Create Entity › should validate required fields on create" classname="entities.crud.spec.ts" time="35.019">
<failure message="entities.crud.spec.ts:53:13 should validate required fields on create" type="FAILURE">
<![CDATA[  [firefox] › entities.crud.spec.ts:53:13 › Entity CRUD Operations › Create Entity › should validate required fields on create 

    Error: expect(received).toBe(expected) // Object.is equality

    Expected: true
    Received: false

      24 |         // TODO: Skip login if test doesn't require authentication
      25 |         await authPage.login();
    > 26 |         expect(await authPage.isLoggedIn()).toBe(true);
         |                                             ^
      27 |     });
      28 |
      29 |     test.describe('Create Entity', () => {
        at C:\Users\Carlo\qa-assessment-fastapi-playwright-carlos-daniel\tests\entities.crud.spec.ts:26:45

    attachment #1: screenshot (image/png) ──────────────────────────────────────────────────────────
    ..\test-results\entities.crud-Entity-CRUD--0fdb0-e-required-fields-on-create-firefox\test-failed-1.png
    ────────────────────────────────────────────────────────────────────────────────────────────────

    Error Context: ..\test-results\entities.crud-Entity-CRUD--0fdb0-e-required-fields-on-create-firefox\error-context.md

    attachment #3: trace (application/zip) ─────────────────────────────────────────────────────────
    ..\test-results\entities.crud-Entity-CRUD--0fdb0-e-required-fields-on-create-firefox\trace.zip
    Usage:

        npx playwright show-trace ..\test-results\entities.crud-Entity-CRUD--0fdb0-e-required-fields-on-create-firefox\trace.zip

    ────────────────────────────────────────────────────────────────────────────────────────────────

    Retry #1 ───────────────────────────────────────────────────────────────────────────────────────

    Error: expect(received).toBe(expected) // Object.is equality

    Expected: true
    Received: false

      24 |         // TODO: Skip login if test doesn't require authentication
      25 |         await authPage.login();
    > 26 |         expect(await authPage.isLoggedIn()).toBe(true);
         |                                             ^
      27 |     });
      28 |
      29 |     test.describe('Create Entity', () => {
        at C:\Users\Carlo\qa-assessment-fastapi-playwright-carlos-daniel\tests\entities.crud.spec.ts:26:45

    attachment #1: screenshot (image/png) ──────────────────────────────────────────────────────────
    ..\test-results\entities.crud-Entity-CRUD--0fdb0-e-required-fields-on-create-firefox-retry1\test-failed-1.png
    ────────────────────────────────────────────────────────────────────────────────────────────────

    Error Context: ..\test-results\entities.crud-Entity-CRUD--0fdb0-e-required-fields-on-create-firefox-retry1\error-context.md

    attachment #3: trace (application/zip) ─────────────────────────────────────────────────────────
    ..\test-results\entities.crud-Entity-CRUD--0fdb0-e-required-fields-on-create-firefox-retry1\trace.zip
    Usage:

        npx playwright show-trace ..\test-results\entities.crud-Entity-CRUD--0fdb0-e-required-fields-on-create-firefox-retry1\trace.zip

    ────────────────────────────────────────────────────────────────────────────────────────────────
]]>
</failure>
<system-out>
<![CDATA[
[[ATTACHMENT|..\test-results\entities.crud-Entity-CRUD--0fdb0-e-required-fields-on-create-firefox\test-failed-1.png]]

[[ATTACHMENT|..\test-results\entities.crud-Entity-CRUD--0fdb0-e-required-fields-on-create-firefox\error-context.md]]

[[ATTACHMENT|..\test-results\entities.crud-Entity-CRUD--0fdb0-e-required-fields-on-create-firefox\trace.zip]]

[[ATTACHMENT|..\test-results\entities.crud-Entity-CRUD--0fdb0-e-required-fields-on-create-firefox-retry1\test-failed-1.png]]

[[ATTACHMENT|..\test-results\entities.crud-Entity-CRUD--0fdb0-e-required-fields-on-create-firefox-retry1\error-context.md]]

[[ATTACHMENT|..\test-results\entities.crud-Entity-CRUD--0fdb0-e-required-fields-on-create-firefox-retry1\trace.zip]]
]]>
</system-out>
</testcase>
<testcase name="Entity CRUD Operations › Create Entity › should handle create form cancellation" classname="entities.crud.spec.ts" time="30.774">
<failure message="entities.crud.spec.ts:71:13 should handle create form cancellation" type="FAILURE">
<![CDATA[  [firefox] › entities.crud.spec.ts:71:13 › Entity CRUD Operations › Create Entity › should handle create form cancellation 

    Error: expect(received).toBe(expected) // Object.is equality

    Expected: true
    Received: false

      24 |         // TODO: Skip login if test doesn't require authentication
      25 |         await authPage.login();
    > 26 |         expect(await authPage.isLoggedIn()).toBe(true);
         |                                             ^
      27 |     });
      28 |
      29 |     test.describe('Create Entity', () => {
        at C:\Users\Carlo\qa-assessment-fastapi-playwright-carlos-daniel\tests\entities.crud.spec.ts:26:45

    attachment #1: screenshot (image/png) ──────────────────────────────────────────────────────────
    ..\test-results\entities.crud-Entity-CRUD--7ba47-le-create-form-cancellation-firefox\test-failed-1.png
    ────────────────────────────────────────────────────────────────────────────────────────────────

    Error Context: ..\test-results\entities.crud-Entity-CRUD--7ba47-le-create-form-cancellation-firefox\error-context.md

    attachment #3: trace (application/zip) ─────────────────────────────────────────────────────────
    ..\test-results\entities.crud-Entity-CRUD--7ba47-le-create-form-cancellation-firefox\trace.zip
    Usage:

        npx playwright show-trace ..\test-results\entities.crud-Entity-CRUD--7ba47-le-create-form-cancellation-firefox\trace.zip

    ────────────────────────────────────────────────────────────────────────────────────────────────

    Retry #1 ───────────────────────────────────────────────────────────────────────────────────────

    Error: expect(received).toBe(expected) // Object.is equality

    Expected: true
    Received: false

      24 |         // TODO: Skip login if test doesn't require authentication
      25 |         await authPage.login();
    > 26 |         expect(await authPage.isLoggedIn()).toBe(true);
         |                                             ^
      27 |     });
      28 |
      29 |     test.describe('Create Entity', () => {
        at C:\Users\Carlo\qa-assessment-fastapi-playwright-carlos-daniel\tests\entities.crud.spec.ts:26:45

    attachment #1: screenshot (image/png) ──────────────────────────────────────────────────────────
    ..\test-results\entities.crud-Entity-CRUD--7ba47-le-create-form-cancellation-firefox-retry1\test-failed-1.png
    ────────────────────────────────────────────────────────────────────────────────────────────────

    Error Context: ..\test-results\entities.crud-Entity-CRUD--7ba47-le-create-form-cancellation-firefox-retry1\error-context.md

    attachment #3: trace (application/zip) ─────────────────────────────────────────────────────────
    ..\test-results\entities.crud-Entity-CRUD--7ba47-le-create-form-cancellation-firefox-retry1\trace.zip
    Usage:

        npx playwright show-trace ..\test-results\entities.crud-Entity-CRUD--7ba47-le-create-form-cancellation-firefox-retry1\trace.zip

    ────────────────────────────────────────────────────────────────────────────────────────────────
]]>
</failure>
<system-out>
<![CDATA[
[[ATTACHMENT|..\test-results\entities.crud-Entity-CRUD--7ba47-le-create-form-cancellation-firefox\test-failed-1.png]]

[[ATTACHMENT|..\test-results\entities.crud-Entity-CRUD--7ba47-le-create-form-cancellation-firefox\error-context.md]]

[[ATTACHMENT|..\test-results\entities.crud-Entity-CRUD--7ba47-le-create-form-cancellation-firefox\trace.zip]]

[[ATTACHMENT|..\test-results\entities.crud-Entity-CRUD--7ba47-le-create-form-cancellation-firefox-retry1\test-failed-1.png]]

[[ATTACHMENT|..\test-results\entities.crud-Entity-CRUD--7ba47-le-create-form-cancellation-firefox-retry1\error-context.md]]

[[ATTACHMENT|..\test-results\entities.crud-Entity-CRUD--7ba47-le-create-form-cancellation-firefox-retry1\trace.zip]]
]]>
</system-out>
</testcase>
<testcase name="Entity CRUD Operations › Read/View Entity › should display entity list" classname="entities.crud.spec.ts" time="33.714">
<failure message="entities.crud.spec.ts:94:13 should display entity list" type="FAILURE">
<![CDATA[  [firefox] › entities.crud.spec.ts:94:13 › Entity CRUD Operations › Read/View Entity › should display entity list 

    Error: expect(received).toBe(expected) // Object.is equality

    Expected: true
    Received: false

      24 |         // TODO: Skip login if test doesn't require authentication
      25 |         await authPage.login();
    > 26 |         expect(await authPage.isLoggedIn()).toBe(true);
         |                                             ^
      27 |     });
      28 |
      29 |     test.describe('Create Entity', () => {
        at C:\Users\Carlo\qa-assessment-fastapi-playwright-carlos-daniel\tests\entities.crud.spec.ts:26:45

    attachment #1: screenshot (image/png) ──────────────────────────────────────────────────────────
    ..\test-results\entities.crud-Entity-CRUD--84584--should-display-entity-list-firefox\test-failed-1.png
    ────────────────────────────────────────────────────────────────────────────────────────────────

    Error Context: ..\test-results\entities.crud-Entity-CRUD--84584--should-display-entity-list-firefox\error-context.md

    attachment #3: trace (application/zip) ─────────────────────────────────────────────────────────
    ..\test-results\entities.crud-Entity-CRUD--84584--should-display-entity-list-firefox\trace.zip
    Usage:

        npx playwright show-trace ..\test-results\entities.crud-Entity-CRUD--84584--should-display-entity-list-firefox\trace.zip

    ────────────────────────────────────────────────────────────────────────────────────────────────

    Retry #1 ───────────────────────────────────────────────────────────────────────────────────────

    Error: expect(received).toBe(expected) // Object.is equality

    Expected: true
    Received: false

      24 |         // TODO: Skip login if test doesn't require authentication
      25 |         await authPage.login();
    > 26 |         expect(await authPage.isLoggedIn()).toBe(true);
         |                                             ^
      27 |     });
      28 |
      29 |     test.describe('Create Entity', () => {
        at C:\Users\Carlo\qa-assessment-fastapi-playwright-carlos-daniel\tests\entities.crud.spec.ts:26:45

    attachment #1: screenshot (image/png) ──────────────────────────────────────────────────────────
    ..\test-results\entities.crud-Entity-CRUD--84584--should-display-entity-list-firefox-retry1\test-failed-1.png
    ────────────────────────────────────────────────────────────────────────────────────────────────

    Error Context: ..\test-results\entities.crud-Entity-CRUD--84584--should-display-entity-list-firefox-retry1\error-context.md

    attachment #3: trace (application/zip) ─────────────────────────────────────────────────────────
    ..\test-results\entities.crud-Entity-CRUD--84584--should-display-entity-list-firefox-retry1\trace.zip
    Usage:

        npx playwright show-trace ..\test-results\entities.crud-Entity-CRUD--84584--should-display-entity-list-firefox-retry1\trace.zip

    ────────────────────────────────────────────────────────────────────────────────────────────────
]]>
</failure>
<system-out>
<![CDATA[
[[ATTACHMENT|..\test-results\entities.crud-Entity-CRUD--84584--should-display-entity-list-firefox\test-failed-1.png]]

[[ATTACHMENT|..\test-results\entities.crud-Entity-CRUD--84584--should-display-entity-list-firefox\error-context.md]]

[[ATTACHMENT|..\test-results\entities.crud-Entity-CRUD--84584--should-display-entity-list-firefox\trace.zip]]

[[ATTACHMENT|..\test-results\entities.crud-Entity-CRUD--84584--should-display-entity-list-firefox-retry1\test-failed-1.png]]

[[ATTACHMENT|..\test-results\entities.crud-Entity-CRUD--84584--should-display-entity-list-firefox-retry1\error-context.md]]

[[ATTACHMENT|..\test-results\entities.crud-Entity-CRUD--84584--should-display-entity-list-firefox-retry1\trace.zip]]
]]>
</system-out>
</testcase>
<testcase name="Entity CRUD Operations › Read/View Entity › should handle empty list state" classname="entities.crud.spec.ts" time="79.47">
<failure message="entities.crud.spec.ts:110:13 should handle empty list state" type="FAILURE">
<![CDATA[  [firefox] › entities.crud.spec.ts:110:13 › Entity CRUD Operations › Read/View Entity › should handle empty list state 

    Error: expect(received).toBe(expected) // Object.is equality

    Expected: true
    Received: false

      24 |         // TODO: Skip login if test doesn't require authentication
      25 |         await authPage.login();
    > 26 |         expect(await authPage.isLoggedIn()).toBe(true);
         |                                             ^
      27 |     });
      28 |
      29 |     test.describe('Create Entity', () => {
        at C:\Users\Carlo\qa-assessment-fastapi-playwright-carlos-daniel\tests\entities.crud.spec.ts:26:45

    Test timeout of 30000ms exceeded while running "afterEach" hook.

      290 |     });
      291 |
    > 292 |     test.afterEach(async ({ page }) => {
          |          ^
      293 |         // Cleanup: delete test items if they exist
      294 |         try {
      295 |             if (await entityPage.itemExists(testItemData.name)) {
        at C:\Users\Carlo\qa-assessment-fastapi-playwright-carlos-daniel\tests\entities.crud.spec.ts:292:10

    Error: page.waitForLoadState: Test ended.

       at helpers\pageObjects.ts:20

      18 |      */
      19 |     async waitForPageLoad(): Promise<void> {
    > 20 |         await this.page.waitForLoadState('networkidle');
         |                         ^
      21 |     }
      22 |
      23 |     /**
        at AuthPage.waitForPageLoad (C:\Users\Carlo\qa-assessment-fastapi-playwright-carlos-daniel\tests\helpers\pageObjects.ts:20:25)
        at AuthPage.logout (C:\Users\Carlo\qa-assessment-fastapi-playwright-carlos-daniel\tests\helpers\pageObjects.ts:119:20)
        at C:\Users\Carlo\qa-assessment-fastapi-playwright-carlos-daniel\tests\entities.crud.spec.ts:307:9

    attachment #1: screenshot (image/png) ──────────────────────────────────────────────────────────
    ..\test-results\entities.crud-Entity-CRUD--3b010-uld-handle-empty-list-state-firefox\test-failed-1.png
    ────────────────────────────────────────────────────────────────────────────────────────────────

    Error Context: ..\test-results\entities.crud-Entity-CRUD--3b010-uld-handle-empty-list-state-firefox\error-context.md

    attachment #3: trace (application/zip) ─────────────────────────────────────────────────────────
    ..\test-results\entities.crud-Entity-CRUD--3b010-uld-handle-empty-list-state-firefox\trace.zip
    Usage:

        npx playwright show-trace ..\test-results\entities.crud-Entity-CRUD--3b010-uld-handle-empty-list-state-firefox\trace.zip

    ────────────────────────────────────────────────────────────────────────────────────────────────

    Retry #1 ───────────────────────────────────────────────────────────────────────────────────────

    Error: expect(received).toBe(expected) // Object.is equality

    Expected: true
    Received: false

      24 |         // TODO: Skip login if test doesn't require authentication
      25 |         await authPage.login();
    > 26 |         expect(await authPage.isLoggedIn()).toBe(true);
         |                                             ^
      27 |     });
      28 |
      29 |     test.describe('Create Entity', () => {
        at C:\Users\Carlo\qa-assessment-fastapi-playwright-carlos-daniel\tests\entities.crud.spec.ts:26:45

    Test timeout of 30000ms exceeded while running "afterEach" hook.

      290 |     });
      291 |
    > 292 |     test.afterEach(async ({ page }) => {
          |          ^
      293 |         // Cleanup: delete test items if they exist
      294 |         try {
      295 |             if (await entityPage.itemExists(testItemData.name)) {
        at C:\Users\Carlo\qa-assessment-fastapi-playwright-carlos-daniel\tests\entities.crud.spec.ts:292:10

    Error: page.waitForLoadState: Test ended.

       at helpers\pageObjects.ts:20

      18 |      */
      19 |     async waitForPageLoad(): Promise<void> {
    > 20 |         await this.page.waitForLoadState('networkidle');
         |                         ^
      21 |     }
      22 |
      23 |     /**
        at AuthPage.waitForPageLoad (C:\Users\Carlo\qa-assessment-fastapi-playwright-carlos-daniel\tests\helpers\pageObjects.ts:20:25)
        at AuthPage.logout (C:\Users\Carlo\qa-assessment-fastapi-playwright-carlos-daniel\tests\helpers\pageObjects.ts:119:20)
        at C:\Users\Carlo\qa-assessment-fastapi-playwright-carlos-daniel\tests\entities.crud.spec.ts:307:9

    attachment #1: screenshot (image/png) ──────────────────────────────────────────────────────────
    ..\test-results\entities.crud-Entity-CRUD--3b010-uld-handle-empty-list-state-firefox-retry1\test-failed-1.png
    ────────────────────────────────────────────────────────────────────────────────────────────────

    Error Context: ..\test-results\entities.crud-Entity-CRUD--3b010-uld-handle-empty-list-state-firefox-retry1\error-context.md

    attachment #3: trace (application/zip) ─────────────────────────────────────────────────────────
    ..\test-results\entities.crud-Entity-CRUD--3b010-uld-handle-empty-list-state-firefox-retry1\trace.zip
    Usage:

        npx playwright show-trace ..\test-results\entities.crud-Entity-CRUD--3b010-uld-handle-empty-list-state-firefox-retry1\trace.zip

    ────────────────────────────────────────────────────────────────────────────────────────────────
]]>
</failure>
<system-out>
<![CDATA[Cleanup error: page.waitForLoadState: Test ended.
    at EntityPage.waitForPageLoad [90m(C:\Users\Carlo\qa-assessment-fastapi-playwright-carlos-daniel\[39mtests\helpers\pageObjects.ts:20:25[90m)[39m
    at EntityPage.goto [90m(C:\Users\Carlo\qa-assessment-fastapi-playwright-carlos-daniel\[39mtests\helpers\pageObjects.ts:59:20[90m)[39m
    at EntityPage.gotoList [90m(C:\Users\Carlo\qa-assessment-fastapi-playwright-carlos-daniel\[39mtests\helpers\pageObjects.ts:167:9[90m)[39m
    at EntityPage.itemExists [90m(C:\Users\Carlo\qa-assessment-fastapi-playwright-carlos-daniel\[39mtests\helpers\pageObjects.ts:277:9[90m)[39m
    at [90mC:\Users\Carlo\qa-assessment-fastapi-playwright-carlos-daniel\[39mtests\entities.crud.spec.ts:295:17

[[ATTACHMENT|..\test-results\entities.crud-Entity-CRUD--3b010-uld-handle-empty-list-state-firefox\test-failed-1.png]]

[[ATTACHMENT|..\test-results\entities.crud-Entity-CRUD--3b010-uld-handle-empty-list-state-firefox\error-context.md]]

[[ATTACHMENT|..\test-results\entities.crud-Entity-CRUD--3b010-uld-handle-empty-list-state-firefox\trace.zip]]
Cleanup error: page.waitForLoadState: Test ended.
    at EntityPage.waitForPageLoad [90m(C:\Users\Carlo\qa-assessment-fastapi-playwright-carlos-daniel\[39mtests\helpers\pageObjects.ts:20:25[90m)[39m
    at EntityPage.goto [90m(C:\Users\Carlo\qa-assessment-fastapi-playwright-carlos-daniel\[39mtests\helpers\pageObjects.ts:59:20[90m)[39m
    at EntityPage.gotoList [90m(C:\Users\Carlo\qa-assessment-fastapi-playwright-carlos-daniel\[39mtests\helpers\pageObjects.ts:167:9[90m)[39m
    at EntityPage.itemExists [90m(C:\Users\Carlo\qa-assessment-fastapi-playwright-carlos-daniel\[39mtests\helpers\pageObjects.ts:277:9[90m)[39m
    at [90mC:\Users\Carlo\qa-assessment-fastapi-playwright-carlos-daniel\[39mtests\entities.crud.spec.ts:295:17

[[ATTACHMENT|..\test-results\entities.crud-Entity-CRUD--3b010-uld-handle-empty-list-state-firefox-retry1\test-failed-1.png]]

[[ATTACHMENT|..\test-results\entities.crud-Entity-CRUD--3b010-uld-handle-empty-list-state-firefox-retry1\error-context.md]]

[[ATTACHMENT|..\test-results\entities.crud-Entity-CRUD--3b010-uld-handle-empty-list-state-firefox-retry1\trace.zip]]
]]>
</system-out>
</testcase>
<testcase name="Entity CRUD Operations › Update Entity › should update existing entity successfully" classname="entities.crud.spec.ts" time="79.729">
<failure message="entities.crud.spec.ts:125:13 should update existing entity successfully" type="FAILURE">
<![CDATA[  [firefox] › entities.crud.spec.ts:125:13 › Entity CRUD Operations › Update Entity › should update existing entity successfully 

    Error: expect(received).toBe(expected) // Object.is equality

    Expected: true
    Received: false

      24 |         // TODO: Skip login if test doesn't require authentication
      25 |         await authPage.login();
    > 26 |         expect(await authPage.isLoggedIn()).toBe(true);
         |                                             ^
      27 |     });
      28 |
      29 |     test.describe('Create Entity', () => {
        at C:\Users\Carlo\qa-assessment-fastapi-playwright-carlos-daniel\tests\entities.crud.spec.ts:26:45

    Test timeout of 30000ms exceeded while running "afterEach" hook.

      290 |     });
      291 |
    > 292 |     test.afterEach(async ({ page }) => {
          |          ^
      293 |         // Cleanup: delete test items if they exist
      294 |         try {
      295 |             if (await entityPage.itemExists(testItemData.name)) {
        at C:\Users\Carlo\qa-assessment-fastapi-playwright-carlos-daniel\tests\entities.crud.spec.ts:292:10

    Error: page.waitForLoadState: Test ended.

       at helpers\pageObjects.ts:20

      18 |      */
      19 |     async waitForPageLoad(): Promise<void> {
    > 20 |         await this.page.waitForLoadState('networkidle');
         |                         ^
      21 |     }
      22 |
      23 |     /**
        at AuthPage.waitForPageLoad (C:\Users\Carlo\qa-assessment-fastapi-playwright-carlos-daniel\tests\helpers\pageObjects.ts:20:25)
        at AuthPage.logout (C:\Users\Carlo\qa-assessment-fastapi-playwright-carlos-daniel\tests\helpers\pageObjects.ts:119:20)
        at C:\Users\Carlo\qa-assessment-fastapi-playwright-carlos-daniel\tests\entities.crud.spec.ts:307:9

    attachment #1: screenshot (image/png) ──────────────────────────────────────────────────────────
    ..\test-results\entities.crud-Entity-CRUD--327c2-xisting-entity-successfully-firefox\test-failed-1.png
    ────────────────────────────────────────────────────────────────────────────────────────────────

    Error Context: ..\test-results\entities.crud-Entity-CRUD--327c2-xisting-entity-successfully-firefox\error-context.md

    attachment #3: trace (application/zip) ─────────────────────────────────────────────────────────
    ..\test-results\entities.crud-Entity-CRUD--327c2-xisting-entity-successfully-firefox\trace.zip
    Usage:

        npx playwright show-trace ..\test-results\entities.crud-Entity-CRUD--327c2-xisting-entity-successfully-firefox\trace.zip

    ────────────────────────────────────────────────────────────────────────────────────────────────

    Retry #1 ───────────────────────────────────────────────────────────────────────────────────────

    Error: expect(received).toBe(expected) // Object.is equality

    Expected: true
    Received: false

      24 |         // TODO: Skip login if test doesn't require authentication
      25 |         await authPage.login();
    > 26 |         expect(await authPage.isLoggedIn()).toBe(true);
         |                                             ^
      27 |     });
      28 |
      29 |     test.describe('Create Entity', () => {
        at C:\Users\Carlo\qa-assessment-fastapi-playwright-carlos-daniel\tests\entities.crud.spec.ts:26:45

    Test timeout of 30000ms exceeded while running "afterEach" hook.

      290 |     });
      291 |
    > 292 |     test.afterEach(async ({ page }) => {
          |          ^
      293 |         // Cleanup: delete test items if they exist
      294 |         try {
      295 |             if (await entityPage.itemExists(testItemData.name)) {
        at C:\Users\Carlo\qa-assessment-fastapi-playwright-carlos-daniel\tests\entities.crud.spec.ts:292:10

    Error: page.waitForLoadState: Test ended.

       at helpers\pageObjects.ts:20

      18 |      */
      19 |     async waitForPageLoad(): Promise<void> {
    > 20 |         await this.page.waitForLoadState('networkidle');
         |                         ^
      21 |     }
      22 |
      23 |     /**
        at AuthPage.waitForPageLoad (C:\Users\Carlo\qa-assessment-fastapi-playwright-carlos-daniel\tests\helpers\pageObjects.ts:20:25)
        at AuthPage.logout (C:\Users\Carlo\qa-assessment-fastapi-playwright-carlos-daniel\tests\helpers\pageObjects.ts:119:20)
        at C:\Users\Carlo\qa-assessment-fastapi-playwright-carlos-daniel\tests\entities.crud.spec.ts:307:9

    attachment #1: screenshot (image/png) ──────────────────────────────────────────────────────────
    ..\test-results\entities.crud-Entity-CRUD--327c2-xisting-entity-successfully-firefox-retry1\test-failed-1.png
    ────────────────────────────────────────────────────────────────────────────────────────────────

    Error Context: ..\test-results\entities.crud-Entity-CRUD--327c2-xisting-entity-successfully-firefox-retry1\error-context.md

    attachment #3: trace (application/zip) ─────────────────────────────────────────────────────────
    ..\test-results\entities.crud-Entity-CRUD--327c2-xisting-entity-successfully-firefox-retry1\trace.zip
    Usage:

        npx playwright show-trace ..\test-results\entities.crud-Entity-CRUD--327c2-xisting-entity-successfully-firefox-retry1\trace.zip

    ────────────────────────────────────────────────────────────────────────────────────────────────
]]>
</failure>
<system-out>
<![CDATA[Cleanup error: page.waitForLoadState: Test ended.
    at EntityPage.waitForPageLoad [90m(C:\Users\Carlo\qa-assessment-fastapi-playwright-carlos-daniel\[39mtests\helpers\pageObjects.ts:20:25[90m)[39m
    at EntityPage.goto [90m(C:\Users\Carlo\qa-assessment-fastapi-playwright-carlos-daniel\[39mtests\helpers\pageObjects.ts:59:20[90m)[39m
    at EntityPage.gotoList [90m(C:\Users\Carlo\qa-assessment-fastapi-playwright-carlos-daniel\[39mtests\helpers\pageObjects.ts:167:9[90m)[39m
    at EntityPage.itemExists [90m(C:\Users\Carlo\qa-assessment-fastapi-playwright-carlos-daniel\[39mtests\helpers\pageObjects.ts:277:9[90m)[39m
    at [90mC:\Users\Carlo\qa-assessment-fastapi-playwright-carlos-daniel\[39mtests\entities.crud.spec.ts:298:17

[[ATTACHMENT|..\test-results\entities.crud-Entity-CRUD--327c2-xisting-entity-successfully-firefox\test-failed-1.png]]

[[ATTACHMENT|..\test-results\entities.crud-Entity-CRUD--327c2-xisting-entity-successfully-firefox\error-context.md]]

[[ATTACHMENT|..\test-results\entities.crud-Entity-CRUD--327c2-xisting-entity-successfully-firefox\trace.zip]]
Cleanup error: page.waitForLoadState: Test ended.
    at EntityPage.waitForPageLoad [90m(C:\Users\Carlo\qa-assessment-fastapi-playwright-carlos-daniel\[39mtests\helpers\pageObjects.ts:20:25[90m)[39m
    at EntityPage.goto [90m(C:\Users\Carlo\qa-assessment-fastapi-playwright-carlos-daniel\[39mtests\helpers\pageObjects.ts:59:20[90m)[39m
    at EntityPage.gotoList [90m(C:\Users\Carlo\qa-assessment-fastapi-playwright-carlos-daniel\[39mtests\helpers\pageObjects.ts:167:9[90m)[39m
    at EntityPage.itemExists [90m(C:\Users\Carlo\qa-assessment-fastapi-playwright-carlos-daniel\[39mtests\helpers\pageObjects.ts:277:9[90m)[39m
    at [90mC:\Users\Carlo\qa-assessment-fastapi-playwright-carlos-daniel\[39mtests\entities.crud.spec.ts:298:17

[[ATTACHMENT|..\test-results\entities.crud-Entity-CRUD--327c2-xisting-entity-successfully-firefox-retry1\test-failed-1.png]]

[[ATTACHMENT|..\test-results\entities.crud-Entity-CRUD--327c2-xisting-entity-successfully-firefox-retry1\error-context.md]]

[[ATTACHMENT|..\test-results\entities.crud-Entity-CRUD--327c2-xisting-entity-successfully-firefox-retry1\trace.zip]]
]]>
</system-out>
</testcase>
<testcase name="Entity CRUD Operations › Update Entity › should validate fields on update" classname="entities.crud.spec.ts" time="55.886">
<failure message="entities.crud.spec.ts:146:13 should validate fields on update" type="FAILURE">
<![CDATA[  [firefox] › entities.crud.spec.ts:146:13 › Entity CRUD Operations › Update Entity › should validate fields on update 

    Error: expect(received).toBe(expected) // Object.is equality

    Expected: true
    Received: false

      24 |         // TODO: Skip login if test doesn't require authentication
      25 |         await authPage.login();
    > 26 |         expect(await authPage.isLoggedIn()).toBe(true);
         |                                             ^
      27 |     });
      28 |
      29 |     test.describe('Create Entity', () => {
        at C:\Users\Carlo\qa-assessment-fastapi-playwright-carlos-daniel\tests\entities.crud.spec.ts:26:45

    attachment #1: screenshot (image/png) ──────────────────────────────────────────────────────────
    ..\test-results\entities.crud-Entity-CRUD--93140-d-validate-fields-on-update-firefox\test-failed-1.png
    ────────────────────────────────────────────────────────────────────────────────────────────────

    Error Context: ..\test-results\entities.crud-Entity-CRUD--93140-d-validate-fields-on-update-firefox\error-context.md

    attachment #3: trace (application/zip) ─────────────────────────────────────────────────────────
    ..\test-results\entities.crud-Entity-CRUD--93140-d-validate-fields-on-update-firefox\trace.zip
    Usage:

        npx playwright show-trace ..\test-results\entities.crud-Entity-CRUD--93140-d-validate-fields-on-update-firefox\trace.zip

    ────────────────────────────────────────────────────────────────────────────────────────────────

    Retry #1 ───────────────────────────────────────────────────────────────────────────────────────

    Error: expect(received).toBe(expected) // Object.is equality

    Expected: true
    Received: false

      24 |         // TODO: Skip login if test doesn't require authentication
      25 |         await authPage.login();
    > 26 |         expect(await authPage.isLoggedIn()).toBe(true);
         |                                             ^
      27 |     });
      28 |
      29 |     test.describe('Create Entity', () => {
        at C:\Users\Carlo\qa-assessment-fastapi-playwright-carlos-daniel\tests\entities.crud.spec.ts:26:45

    Test timeout of 30000ms exceeded while running "afterEach" hook.

      290 |     });
      291 |
    > 292 |     test.afterEach(async ({ page }) => {
          |          ^
      293 |         // Cleanup: delete test items if they exist
      294 |         try {
      295 |             if (await entityPage.itemExists(testItemData.name)) {
        at C:\Users\Carlo\qa-assessment-fastapi-playwright-carlos-daniel\tests\entities.crud.spec.ts:292:10

    Error: page.waitForLoadState: Test ended.

       at helpers\pageObjects.ts:20

      18 |      */
      19 |     async waitForPageLoad(): Promise<void> {
    > 20 |         await this.page.waitForLoadState('networkidle');
         |                         ^
      21 |     }
      22 |
      23 |     /**
        at AuthPage.waitForPageLoad (C:\Users\Carlo\qa-assessment-fastapi-playwright-carlos-daniel\tests\helpers\pageObjects.ts:20:25)
        at AuthPage.logout (C:\Users\Carlo\qa-assessment-fastapi-playwright-carlos-daniel\tests\helpers\pageObjects.ts:119:20)
        at C:\Users\Carlo\qa-assessment-fastapi-playwright-carlos-daniel\tests\entities.crud.spec.ts:307:9

    attachment #1: screenshot (image/png) ──────────────────────────────────────────────────────────
    ..\test-results\entities.crud-Entity-CRUD--93140-d-validate-fields-on-update-firefox-retry1\test-failed-1.png
    ────────────────────────────────────────────────────────────────────────────────────────────────

    Error Context: ..\test-results\entities.crud-Entity-CRUD--93140-d-validate-fields-on-update-firefox-retry1\error-context.md

    attachment #3: trace (application/zip) ─────────────────────────────────────────────────────────
    ..\test-results\entities.crud-Entity-CRUD--93140-d-validate-fields-on-update-firefox-retry1\trace.zip
    Usage:

        npx playwright show-trace ..\test-results\entities.crud-Entity-CRUD--93140-d-validate-fields-on-update-firefox-retry1\trace.zip

    ────────────────────────────────────────────────────────────────────────────────────────────────
]]>
</failure>
<system-out>
<![CDATA[
[[ATTACHMENT|..\test-results\entities.crud-Entity-CRUD--93140-d-validate-fields-on-update-firefox\test-failed-1.png]]

[[ATTACHMENT|..\test-results\entities.crud-Entity-CRUD--93140-d-validate-fields-on-update-firefox\error-context.md]]

[[ATTACHMENT|..\test-results\entities.crud-Entity-CRUD--93140-d-validate-fields-on-update-firefox\trace.zip]]
Cleanup error: page.waitForLoadState: Test ended.
    at EntityPage.waitForPageLoad [90m(C:\Users\Carlo\qa-assessment-fastapi-playwright-carlos-daniel\[39mtests\helpers\pageObjects.ts:20:25[90m)[39m
    at EntityPage.goto [90m(C:\Users\Carlo\qa-assessment-fastapi-playwright-carlos-daniel\[39mtests\helpers\pageObjects.ts:59:20[90m)[39m
    at EntityPage.gotoList [90m(C:\Users\Carlo\qa-assessment-fastapi-playwright-carlos-daniel\[39mtests\helpers\pageObjects.ts:167:9[90m)[39m
    at EntityPage.itemExists [90m(C:\Users\Carlo\qa-assessment-fastapi-playwright-carlos-daniel\[39mtests\helpers\pageObjects.ts:277:9[90m)[39m
    at [90mC:\Users\Carlo\qa-assessment-fastapi-playwright-carlos-daniel\[39mtests\entities.crud.spec.ts:295:17

[[ATTACHMENT|..\test-results\entities.crud-Entity-CRUD--93140-d-validate-fields-on-update-firefox-retry1\test-failed-1.png]]

[[ATTACHMENT|..\test-results\entities.crud-Entity-CRUD--93140-d-validate-fields-on-update-firefox-retry1\error-context.md]]

[[ATTACHMENT|..\test-results\entities.crud-Entity-CRUD--93140-d-validate-fields-on-update-firefox-retry1\trace.zip]]
]]>
</system-out>
</testcase>
<testcase name="Entity CRUD Operations › Update Entity › should handle update form cancellation" classname="entities.crud.spec.ts" time="36.677">
<failure message="entities.crud.spec.ts:166:13 should handle update form cancellation" type="FAILURE">
<![CDATA[  [firefox] › entities.crud.spec.ts:166:13 › Entity CRUD Operations › Update Entity › should handle update form cancellation 

    Error: expect(received).toBe(expected) // Object.is equality

    Expected: true
    Received: false

      24 |         // TODO: Skip login if test doesn't require authentication
      25 |         await authPage.login();
    > 26 |         expect(await authPage.isLoggedIn()).toBe(true);
         |                                             ^
      27 |     });
      28 |
      29 |     test.describe('Create Entity', () => {
        at C:\Users\Carlo\qa-assessment-fastapi-playwright-carlos-daniel\tests\entities.crud.spec.ts:26:45

    attachment #1: screenshot (image/png) ──────────────────────────────────────────────────────────
    ..\test-results\entities.crud-Entity-CRUD--aec55-le-update-form-cancellation-firefox\test-failed-1.png
    ────────────────────────────────────────────────────────────────────────────────────────────────

    Error Context: ..\test-results\entities.crud-Entity-CRUD--aec55-le-update-form-cancellation-firefox\error-context.md

    attachment #3: trace (application/zip) ─────────────────────────────────────────────────────────
    ..\test-results\entities.crud-Entity-CRUD--aec55-le-update-form-cancellation-firefox\trace.zip
    Usage:

        npx playwright show-trace ..\test-results\entities.crud-Entity-CRUD--aec55-le-update-form-cancellation-firefox\trace.zip

    ────────────────────────────────────────────────────────────────────────────────────────────────

    Retry #1 ───────────────────────────────────────────────────────────────────────────────────────

    Error: expect(received).toBe(expected) // Object.is equality

    Expected: true
    Received: false

      24 |         // TODO: Skip login if test doesn't require authentication
      25 |         await authPage.login();
    > 26 |         expect(await authPage.isLoggedIn()).toBe(true);
         |                                             ^
      27 |     });
      28 |
      29 |     test.describe('Create Entity', () => {
        at C:\Users\Carlo\qa-assessment-fastapi-playwright-carlos-daniel\tests\entities.crud.spec.ts:26:45

    attachment #1: screenshot (image/png) ──────────────────────────────────────────────────────────
    ..\test-results\entities.crud-Entity-CRUD--aec55-le-update-form-cancellation-firefox-retry1\test-failed-1.png
    ────────────────────────────────────────────────────────────────────────────────────────────────

    Error Context: ..\test-results\entities.crud-Entity-CRUD--aec55-le-update-form-cancellation-firefox-retry1\error-context.md

    attachment #3: trace (application/zip) ─────────────────────────────────────────────────────────
    ..\test-results\entities.crud-Entity-CRUD--aec55-le-update-form-cancellation-firefox-retry1\trace.zip
    Usage:

        npx playwright show-trace ..\test-results\entities.crud-Entity-CRUD--aec55-le-update-form-cancellation-firefox-retry1\trace.zip

    ────────────────────────────────────────────────────────────────────────────────────────────────
]]>
</failure>
<system-out>
<![CDATA[
[[ATTACHMENT|..\test-results\entities.crud-Entity-CRUD--aec55-le-update-form-cancellation-firefox\test-failed-1.png]]

[[ATTACHMENT|..\test-results\entities.crud-Entity-CRUD--aec55-le-update-form-cancellation-firefox\error-context.md]]

[[ATTACHMENT|..\test-results\entities.crud-Entity-CRUD--aec55-le-update-form-cancellation-firefox\trace.zip]]

[[ATTACHMENT|..\test-results\entities.crud-Entity-CRUD--aec55-le-update-form-cancellation-firefox-retry1\test-failed-1.png]]

[[ATTACHMENT|..\test-results\entities.crud-Entity-CRUD--aec55-le-update-form-cancellation-firefox-retry1\error-context.md]]

[[ATTACHMENT|..\test-results\entities.crud-Entity-CRUD--aec55-le-update-form-cancellation-firefox-retry1\trace.zip]]
]]>
</system-out>
</testcase>
<testcase name="Entity CRUD Operations › Delete Entity › should delete entity successfully" classname="entities.crud.spec.ts" time="36.167">
<failure message="entities.crud.spec.ts:190:13 should delete entity successfully" type="FAILURE">
<![CDATA[  [firefox] › entities.crud.spec.ts:190:13 › Entity CRUD Operations › Delete Entity › should delete entity successfully 

    Error: expect(received).toBe(expected) // Object.is equality

    Expected: true
    Received: false

      24 |         // TODO: Skip login if test doesn't require authentication
      25 |         await authPage.login();
    > 26 |         expect(await authPage.isLoggedIn()).toBe(true);
         |                                             ^
      27 |     });
      28 |
      29 |     test.describe('Create Entity', () => {
        at C:\Users\Carlo\qa-assessment-fastapi-playwright-carlos-daniel\tests\entities.crud.spec.ts:26:45

    attachment #1: screenshot (image/png) ──────────────────────────────────────────────────────────
    ..\test-results\entities.crud-Entity-CRUD--30e74--delete-entity-successfully-firefox\test-failed-1.png
    ────────────────────────────────────────────────────────────────────────────────────────────────

    Error Context: ..\test-results\entities.crud-Entity-CRUD--30e74--delete-entity-successfully-firefox\error-context.md

    attachment #3: trace (application/zip) ─────────────────────────────────────────────────────────
    ..\test-results\entities.crud-Entity-CRUD--30e74--delete-entity-successfully-firefox\trace.zip
    Usage:

        npx playwright show-trace ..\test-results\entities.crud-Entity-CRUD--30e74--delete-entity-successfully-firefox\trace.zip

    ────────────────────────────────────────────────────────────────────────────────────────────────

    Retry #1 ───────────────────────────────────────────────────────────────────────────────────────

    Error: expect(received).toBe(expected) // Object.is equality

    Expected: true
    Received: false

      24 |         // TODO: Skip login if test doesn't require authentication
      25 |         await authPage.login();
    > 26 |         expect(await authPage.isLoggedIn()).toBe(true);
         |                                             ^
      27 |     });
      28 |
      29 |     test.describe('Create Entity', () => {
        at C:\Users\Carlo\qa-assessment-fastapi-playwright-carlos-daniel\tests\entities.crud.spec.ts:26:45

    attachment #1: screenshot (image/png) ──────────────────────────────────────────────────────────
    ..\test-results\entities.crud-Entity-CRUD--30e74--delete-entity-successfully-firefox-retry1\test-failed-1.png
    ────────────────────────────────────────────────────────────────────────────────────────────────

    Error Context: ..\test-results\entities.crud-Entity-CRUD--30e74--delete-entity-successfully-firefox-retry1\error-context.md

    attachment #3: trace (application/zip) ─────────────────────────────────────────────────────────
    ..\test-results\entities.crud-Entity-CRUD--30e74--delete-entity-successfully-firefox-retry1\trace.zip
    Usage:

        npx playwright show-trace ..\test-results\entities.crud-Entity-CRUD--30e74--delete-entity-successfully-firefox-retry1\trace.zip

    ────────────────────────────────────────────────────────────────────────────────────────────────
]]>
</failure>
<system-out>
<![CDATA[
[[ATTACHMENT|..\test-results\entities.crud-Entity-CRUD--30e74--delete-entity-successfully-firefox\test-failed-1.png]]

[[ATTACHMENT|..\test-results\entities.crud-Entity-CRUD--30e74--delete-entity-successfully-firefox\error-context.md]]

[[ATTACHMENT|..\test-results\entities.crud-Entity-CRUD--30e74--delete-entity-successfully-firefox\trace.zip]]

[[ATTACHMENT|..\test-results\entities.crud-Entity-CRUD--30e74--delete-entity-successfully-firefox-retry1\test-failed-1.png]]

[[ATTACHMENT|..\test-results\entities.crud-Entity-CRUD--30e74--delete-entity-successfully-firefox-retry1\error-context.md]]

[[ATTACHMENT|..\test-results\entities.crud-Entity-CRUD--30e74--delete-entity-successfully-firefox-retry1\trace.zip]]
]]>
</system-out>
</testcase>
<testcase name="Entity CRUD Operations › Delete Entity › should handle delete confirmation dialog" classname="entities.crud.spec.ts" time="35.089">
<failure message="entities.crud.spec.ts:214:13 should handle delete confirmation dialog" type="FAILURE">
<![CDATA[  [firefox] › entities.crud.spec.ts:214:13 › Entity CRUD Operations › Delete Entity › should handle delete confirmation dialog 

    Error: expect(received).toBe(expected) // Object.is equality

    Expected: true
    Received: false

      24 |         // TODO: Skip login if test doesn't require authentication
      25 |         await authPage.login();
    > 26 |         expect(await authPage.isLoggedIn()).toBe(true);
         |                                             ^
      27 |     });
      28 |
      29 |     test.describe('Create Entity', () => {
        at C:\Users\Carlo\qa-assessment-fastapi-playwright-carlos-daniel\tests\entities.crud.spec.ts:26:45

    attachment #1: screenshot (image/png) ──────────────────────────────────────────────────────────
    ..\test-results\entities.crud-Entity-CRUD--16ecf--delete-confirmation-dialog-firefox\test-failed-1.png
    ────────────────────────────────────────────────────────────────────────────────────────────────

    Error Context: ..\test-results\entities.crud-Entity-CRUD--16ecf--delete-confirmation-dialog-firefox\error-context.md

    attachment #3: trace (application/zip) ─────────────────────────────────────────────────────────
    ..\test-results\entities.crud-Entity-CRUD--16ecf--delete-confirmation-dialog-firefox\trace.zip
    Usage:

        npx playwright show-trace ..\test-results\entities.crud-Entity-CRUD--16ecf--delete-confirmation-dialog-firefox\trace.zip

    ────────────────────────────────────────────────────────────────────────────────────────────────

    Retry #1 ───────────────────────────────────────────────────────────────────────────────────────

    Error: expect(received).toBe(expected) // Object.is equality

    Expected: true
    Received: false

      24 |         // TODO: Skip login if test doesn't require authentication
      25 |         await authPage.login();
    > 26 |         expect(await authPage.isLoggedIn()).toBe(true);
         |                                             ^
      27 |     });
      28 |
      29 |     test.describe('Create Entity', () => {
        at C:\Users\Carlo\qa-assessment-fastapi-playwright-carlos-daniel\tests\entities.crud.spec.ts:26:45

    attachment #1: screenshot (image/png) ──────────────────────────────────────────────────────────
    ..\test-results\entities.crud-Entity-CRUD--16ecf--delete-confirmation-dialog-firefox-retry1\test-failed-1.png
    ────────────────────────────────────────────────────────────────────────────────────────────────

    Error Context: ..\test-results\entities.crud-Entity-CRUD--16ecf--delete-confirmation-dialog-firefox-retry1\error-context.md

    attachment #3: trace (application/zip) ─────────────────────────────────────────────────────────
    ..\test-results\entities.crud-Entity-CRUD--16ecf--delete-confirmation-dialog-firefox-retry1\trace.zip
    Usage:

        npx playwright show-trace ..\test-results\entities.crud-Entity-CRUD--16ecf--delete-confirmation-dialog-firefox-retry1\trace.zip

    ────────────────────────────────────────────────────────────────────────────────────────────────
]]>
</failure>
<system-out>
<![CDATA[
[[ATTACHMENT|..\test-results\entities.crud-Entity-CRUD--16ecf--delete-confirmation-dialog-firefox\test-failed-1.png]]

[[ATTACHMENT|..\test-results\entities.crud-Entity-CRUD--16ecf--delete-confirmation-dialog-firefox\error-context.md]]

[[ATTACHMENT|..\test-results\entities.crud-Entity-CRUD--16ecf--delete-confirmation-dialog-firefox\trace.zip]]

[[ATTACHMENT|..\test-results\entities.crud-Entity-CRUD--16ecf--delete-confirmation-dialog-firefox-retry1\test-failed-1.png]]

[[ATTACHMENT|..\test-results\entities.crud-Entity-CRUD--16ecf--delete-confirmation-dialog-firefox-retry1\error-context.md]]

[[ATTACHMENT|..\test-results\entities.crud-Entity-CRUD--16ecf--delete-confirmation-dialog-firefox-retry1\trace.zip]]
]]>
</system-out>
</testcase>
<testcase name="Entity CRUD Operations › Delete Entity › should prevent deletion of non-existent entity" classname="entities.crud.spec.ts" time="57.147">
<failure message="entities.crud.spec.ts:235:13 should prevent deletion of non-existent entity" type="FAILURE">
<![CDATA[  [firefox] › entities.crud.spec.ts:235:13 › Entity CRUD Operations › Delete Entity › should prevent deletion of non-existent entity 

    Error: expect(received).toBe(expected) // Object.is equality

    Expected: true
    Received: false

      24 |         // TODO: Skip login if test doesn't require authentication
      25 |         await authPage.login();
    > 26 |         expect(await authPage.isLoggedIn()).toBe(true);
         |                                             ^
      27 |     });
      28 |
      29 |     test.describe('Create Entity', () => {
        at C:\Users\Carlo\qa-assessment-fastapi-playwright-carlos-daniel\tests\entities.crud.spec.ts:26:45

    attachment #1: screenshot (image/png) ──────────────────────────────────────────────────────────
    ..\test-results\entities.crud-Entity-CRUD--1489c-tion-of-non-existent-entity-firefox\test-failed-1.png
    ────────────────────────────────────────────────────────────────────────────────────────────────

    Error Context: ..\test-results\entities.crud-Entity-CRUD--1489c-tion-of-non-existent-entity-firefox\error-context.md

    attachment #3: trace (application/zip) ─────────────────────────────────────────────────────────
    ..\test-results\entities.crud-Entity-CRUD--1489c-tion-of-non-existent-entity-firefox\trace.zip
    Usage:

        npx playwright show-trace ..\test-results\entities.crud-Entity-CRUD--1489c-tion-of-non-existent-entity-firefox\trace.zip

    ────────────────────────────────────────────────────────────────────────────────────────────────

    Retry #1 ───────────────────────────────────────────────────────────────────────────────────────

    Error: expect(received).toBe(expected) // Object.is equality

    Expected: true
    Received: false

      24 |         // TODO: Skip login if test doesn't require authentication
      25 |         await authPage.login();
    > 26 |         expect(await authPage.isLoggedIn()).toBe(true);
         |                                             ^
      27 |     });
      28 |
      29 |     test.describe('Create Entity', () => {
        at C:\Users\Carlo\qa-assessment-fastapi-playwright-carlos-daniel\tests\entities.crud.spec.ts:26:45

    Test timeout of 30000ms exceeded while running "afterEach" hook.

      290 |     });
      291 |
    > 292 |     test.afterEach(async ({ page }) => {
          |          ^
      293 |         // Cleanup: delete test items if they exist
      294 |         try {
      295 |             if (await entityPage.itemExists(testItemData.name)) {
        at C:\Users\Carlo\qa-assessment-fastapi-playwright-carlos-daniel\tests\entities.crud.spec.ts:292:10

    Error: page.waitForLoadState: Test ended.

       at helpers\pageObjects.ts:20

      18 |      */
      19 |     async waitForPageLoad(): Promise<void> {
    > 20 |         await this.page.waitForLoadState('networkidle');
         |                         ^
      21 |     }
      22 |
      23 |     /**
        at AuthPage.waitForPageLoad (C:\Users\Carlo\qa-assessment-fastapi-playwright-carlos-daniel\tests\helpers\pageObjects.ts:20:25)
        at AuthPage.logout (C:\Users\Carlo\qa-assessment-fastapi-playwright-carlos-daniel\tests\helpers\pageObjects.ts:119:20)
        at C:\Users\Carlo\qa-assessment-fastapi-playwright-carlos-daniel\tests\entities.crud.spec.ts:307:9

    attachment #1: screenshot (image/png) ──────────────────────────────────────────────────────────
    ..\test-results\entities.crud-Entity-CRUD--1489c-tion-of-non-existent-entity-firefox-retry1\test-failed-1.png
    ────────────────────────────────────────────────────────────────────────────────────────────────

    Error Context: ..\test-results\entities.crud-Entity-CRUD--1489c-tion-of-non-existent-entity-firefox-retry1\error-context.md

    attachment #3: trace (application/zip) ─────────────────────────────────────────────────────────
    ..\test-results\entities.crud-Entity-CRUD--1489c-tion-of-non-existent-entity-firefox-retry1\trace.zip
    Usage:

        npx playwright show-trace ..\test-results\entities.crud-Entity-CRUD--1489c-tion-of-non-existent-entity-firefox-retry1\trace.zip

    ────────────────────────────────────────────────────────────────────────────────────────────────
]]>
</failure>
<system-out>
<![CDATA[
[[ATTACHMENT|..\test-results\entities.crud-Entity-CRUD--1489c-tion-of-non-existent-entity-firefox\test-failed-1.png]]

[[ATTACHMENT|..\test-results\entities.crud-Entity-CRUD--1489c-tion-of-non-existent-entity-firefox\error-context.md]]

[[ATTACHMENT|..\test-results\entities.crud-Entity-CRUD--1489c-tion-of-non-existent-entity-firefox\trace.zip]]
Cleanup error: page.waitForLoadState: Test ended.
    at EntityPage.waitForPageLoad [90m(C:\Users\Carlo\qa-assessment-fastapi-playwright-carlos-daniel\[39mtests\helpers\pageObjects.ts:20:25[90m)[39m
    at EntityPage.goto [90m(C:\Users\Carlo\qa-assessment-fastapi-playwright-carlos-daniel\[39mtests\helpers\pageObjects.ts:59:20[90m)[39m
    at EntityPage.gotoList [90m(C:\Users\Carlo\qa-assessment-fastapi-playwright-carlos-daniel\[39mtests\helpers\pageObjects.ts:167:9[90m)[39m
    at EntityPage.itemExists [90m(C:\Users\Carlo\qa-assessment-fastapi-playwright-carlos-daniel\[39mtests\helpers\pageObjects.ts:277:9[90m)[39m
    at [90mC:\Users\Carlo\qa-assessment-fastapi-playwright-carlos-daniel\[39mtests\entities.crud.spec.ts:298:17

[[ATTACHMENT|..\test-results\entities.crud-Entity-CRUD--1489c-tion-of-non-existent-entity-firefox-retry1\test-failed-1.png]]

[[ATTACHMENT|..\test-results\entities.crud-Entity-CRUD--1489c-tion-of-non-existent-entity-firefox-retry1\error-context.md]]

[[ATTACHMENT|..\test-results\entities.crud-Entity-CRUD--1489c-tion-of-non-existent-entity-firefox-retry1\trace.zip]]
]]>
</system-out>
</testcase>
<testcase name="Entity CRUD Operations › Entity List Features › should support search/filter functionality" classname="entities.crud.spec.ts" time="32.986">
<failure message="entities.crud.spec.ts:246:13 should support search/filter functionality" type="FAILURE">
<![CDATA[  [firefox] › entities.crud.spec.ts:246:13 › Entity CRUD Operations › Entity List Features › should support search/filter functionality 

    Error: expect(received).toBe(expected) // Object.is equality

    Expected: true
    Received: false

      24 |         // TODO: Skip login if test doesn't require authentication
      25 |         await authPage.login();
    > 26 |         expect(await authPage.isLoggedIn()).toBe(true);
         |                                             ^
      27 |     });
      28 |
      29 |     test.describe('Create Entity', () => {
        at C:\Users\Carlo\qa-assessment-fastapi-playwright-carlos-daniel\tests\entities.crud.spec.ts:26:45

    attachment #1: screenshot (image/png) ──────────────────────────────────────────────────────────
    ..\test-results\entities.crud-Entity-CRUD--f1a60-search-filter-functionality-firefox\test-failed-1.png
    ────────────────────────────────────────────────────────────────────────────────────────────────

    Error Context: ..\test-results\entities.crud-Entity-CRUD--f1a60-search-filter-functionality-firefox\error-context.md

    attachment #3: trace (application/zip) ─────────────────────────────────────────────────────────
    ..\test-results\entities.crud-Entity-CRUD--f1a60-search-filter-functionality-firefox\trace.zip
    Usage:

        npx playwright show-trace ..\test-results\entities.crud-Entity-CRUD--f1a60-search-filter-functionality-firefox\trace.zip

    ────────────────────────────────────────────────────────────────────────────────────────────────

    Retry #1 ───────────────────────────────────────────────────────────────────────────────────────

    Error: expect(received).toBe(expected) // Object.is equality

    Expected: true
    Received: false

      24 |         // TODO: Skip login if test doesn't require authentication
      25 |         await authPage.login();
    > 26 |         expect(await authPage.isLoggedIn()).toBe(true);
         |                                             ^
      27 |     });
      28 |
      29 |     test.describe('Create Entity', () => {
        at C:\Users\Carlo\qa-assessment-fastapi-playwright-carlos-daniel\tests\entities.crud.spec.ts:26:45

    attachment #1: screenshot (image/png) ──────────────────────────────────────────────────────────
    ..\test-results\entities.crud-Entity-CRUD--f1a60-search-filter-functionality-firefox-retry1\test-failed-1.png
    ────────────────────────────────────────────────────────────────────────────────────────────────

    Error Context: ..\test-results\entities.crud-Entity-CRUD--f1a60-search-filter-functionality-firefox-retry1\error-context.md

    attachment #3: trace (application/zip) ─────────────────────────────────────────────────────────
    ..\test-results\entities.crud-Entity-CRUD--f1a60-search-filter-functionality-firefox-retry1\trace.zip
    Usage:

        npx playwright show-trace ..\test-results\entities.crud-Entity-CRUD--f1a60-search-filter-functionality-firefox-retry1\trace.zip

    ────────────────────────────────────────────────────────────────────────────────────────────────
]]>
</failure>
<system-out>
<![CDATA[
[[ATTACHMENT|..\test-results\entities.crud-Entity-CRUD--f1a60-search-filter-functionality-firefox\test-failed-1.png]]

[[ATTACHMENT|..\test-results\entities.crud-Entity-CRUD--f1a60-search-filter-functionality-firefox\error-context.md]]

[[ATTACHMENT|..\test-results\entities.crud-Entity-CRUD--f1a60-search-filter-functionality-firefox\trace.zip]]

[[ATTACHMENT|..\test-results\entities.crud-Entity-CRUD--f1a60-search-filter-functionality-firefox-retry1\test-failed-1.png]]

[[ATTACHMENT|..\test-results\entities.crud-Entity-CRUD--f1a60-search-filter-functionality-firefox-retry1\error-context.md]]

[[ATTACHMENT|..\test-results\entities.crud-Entity-CRUD--f1a60-search-filter-functionality-firefox-retry1\trace.zip]]
]]>
</system-out>
</testcase>
<testcase name="Entity CRUD Operations › Entity List Features › should support pagination if applicable" classname="entities.crud.spec.ts" time="33.952">
<failure message="entities.crud.spec.ts:268:13 should support pagination if applicable" type="FAILURE">
<![CDATA[  [firefox] › entities.crud.spec.ts:268:13 › Entity CRUD Operations › Entity List Features › should support pagination if applicable 

    Error: expect(received).toBe(expected) // Object.is equality

    Expected: true
    Received: false

      24 |         // TODO: Skip login if test doesn't require authentication
      25 |         await authPage.login();
    > 26 |         expect(await authPage.isLoggedIn()).toBe(true);
         |                                             ^
      27 |     });
      28 |
      29 |     test.describe('Create Entity', () => {
        at C:\Users\Carlo\qa-assessment-fastapi-playwright-carlos-daniel\tests\entities.crud.spec.ts:26:45

    attachment #1: screenshot (image/png) ──────────────────────────────────────────────────────────
    ..\test-results\entities.crud-Entity-CRUD--2faf0-rt-pagination-if-applicable-firefox\test-failed-1.png
    ────────────────────────────────────────────────────────────────────────────────────────────────

    Error Context: ..\test-results\entities.crud-Entity-CRUD--2faf0-rt-pagination-if-applicable-firefox\error-context.md

    attachment #3: trace (application/zip) ─────────────────────────────────────────────────────────
    ..\test-results\entities.crud-Entity-CRUD--2faf0-rt-pagination-if-applicable-firefox\trace.zip
    Usage:

        npx playwright show-trace ..\test-results\entities.crud-Entity-CRUD--2faf0-rt-pagination-if-applicable-firefox\trace.zip

    ────────────────────────────────────────────────────────────────────────────────────────────────

    Retry #1 ───────────────────────────────────────────────────────────────────────────────────────

    Error: expect(received).toBe(expected) // Object.is equality

    Expected: true
    Received: false

      24 |         // TODO: Skip login if test doesn't require authentication
      25 |         await authPage.login();
    > 26 |         expect(await authPage.isLoggedIn()).toBe(true);
         |                                             ^
      27 |     });
      28 |
      29 |     test.describe('Create Entity', () => {
        at C:\Users\Carlo\qa-assessment-fastapi-playwright-carlos-daniel\tests\entities.crud.spec.ts:26:45

    attachment #1: screenshot (image/png) ──────────────────────────────────────────────────────────
    ..\test-results\entities.crud-Entity-CRUD--2faf0-rt-pagination-if-applicable-firefox-retry1\test-failed-1.png
    ────────────────────────────────────────────────────────────────────────────────────────────────

    Error Context: ..\test-results\entities.crud-Entity-CRUD--2faf0-rt-pagination-if-applicable-firefox-retry1\error-context.md

    attachment #3: trace (application/zip) ─────────────────────────────────────────────────────────
    ..\test-results\entities.crud-Entity-CRUD--2faf0-rt-pagination-if-applicable-firefox-retry1\trace.zip
    Usage:

        npx playwright show-trace ..\test-results\entities.crud-Entity-CRUD--2faf0-rt-pagination-if-applicable-firefox-retry1\trace.zip

    ────────────────────────────────────────────────────────────────────────────────────────────────
]]>
</failure>
<system-out>
<![CDATA[
[[ATTACHMENT|..\test-results\entities.crud-Entity-CRUD--2faf0-rt-pagination-if-applicable-firefox\test-failed-1.png]]

[[ATTACHMENT|..\test-results\entities.crud-Entity-CRUD--2faf0-rt-pagination-if-applicable-firefox\error-context.md]]

[[ATTACHMENT|..\test-results\entities.crud-Entity-CRUD--2faf0-rt-pagination-if-applicable-firefox\trace.zip]]

[[ATTACHMENT|..\test-results\entities.crud-Entity-CRUD--2faf0-rt-pagination-if-applicable-firefox-retry1\test-failed-1.png]]

[[ATTACHMENT|..\test-results\entities.crud-Entity-CRUD--2faf0-rt-pagination-if-applicable-firefox-retry1\error-context.md]]

[[ATTACHMENT|..\test-results\entities.crud-Entity-CRUD--2faf0-rt-pagination-if-applicable-firefox-retry1\trace.zip]]
]]>
</system-out>
</testcase>
<testcase name="Entity CRUD Operations › Entity List Features › should support sorting if applicable" classname="entities.crud.spec.ts" time="44.244">
<failure message="entities.crud.spec.ts:279:13 should support sorting if applicable" type="FAILURE">
<![CDATA[  [firefox] › entities.crud.spec.ts:279:13 › Entity CRUD Operations › Entity List Features › should support sorting if applicable 

    Test timeout of 30000ms exceeded while running "beforeEach" hook.

      11 |     let updatedItemData: any;
      12 |
    > 13 |     test.beforeEach(async ({ page }) => {
         |          ^
      14 |         authPage = new AuthPage(page);
      15 |         // TODO: Adjust entity path based on actual app structure
      16 |         // Examples: '/items', '/products', '/projects', '/users'
        at C:\Users\Carlo\qa-assessment-fastapi-playwright-carlos-daniel\tests\entities.crud.spec.ts:13:10

    Error: expect(received).toBe(expected) // Object.is equality

    Expected: true
    Received: false

      24 |         // TODO: Skip login if test doesn't require authentication
      25 |         await authPage.login();
    > 26 |         expect(await authPage.isLoggedIn()).toBe(true);
         |                                             ^
      27 |     });
      28 |
      29 |     test.describe('Create Entity', () => {
        at C:\Users\Carlo\qa-assessment-fastapi-playwright-carlos-daniel\tests\entities.crud.spec.ts:26:45

    attachment #1: screenshot (image/png) ──────────────────────────────────────────────────────────
    ..\test-results\entities.crud-Entity-CRUD--97f06-pport-sorting-if-applicable-firefox\test-failed-1.png
    ────────────────────────────────────────────────────────────────────────────────────────────────

    Error Context: ..\test-results\entities.crud-Entity-CRUD--97f06-pport-sorting-if-applicable-firefox\error-context.md

    attachment #3: trace (application/zip) ─────────────────────────────────────────────────────────
    ..\test-results\entities.crud-Entity-CRUD--97f06-pport-sorting-if-applicable-firefox\trace.zip
    Usage:

        npx playwright show-trace ..\test-results\entities.crud-Entity-CRUD--97f06-pport-sorting-if-applicable-firefox\trace.zip

    ────────────────────────────────────────────────────────────────────────────────────────────────

    Retry #1 ───────────────────────────────────────────────────────────────────────────────────────

    Test was interrupted.

    Error: page.waitForTimeout: Target page, context or browser has been closed

       at helpers\pageObjects.ts:97

       95 |
       96 |         // Wait for navigation or error
    >  97 |         await this.page.waitForTimeout(waitTimes.api);
          |                         ^
       98 |     }
       99 |
      100 |     /**
        at AuthPage.login (C:\Users\Carlo\qa-assessment-fastapi-playwright-carlos-daniel\tests\helpers\pageObjects.ts:97:25)
        at C:\Users\Carlo\qa-assessment-fastapi-playwright-carlos-daniel\tests\entities.crud.spec.ts:25:9

    attachment #1: trace (application/zip) ─────────────────────────────────────────────────────────
    ..\test-results\entities.crud-Entity-CRUD--97f06-pport-sorting-if-applicable-firefox-retry1\trace.zip
    Usage:

        npx playwright show-trace ..\test-results\entities.crud-Entity-CRUD--97f06-pport-sorting-if-applicable-firefox-retry1\trace.zip

    ────────────────────────────────────────────────────────────────────────────────────────────────
]]>
</failure>
<system-out>
<![CDATA[
[[ATTACHMENT|..\test-results\entities.crud-Entity-CRUD--97f06-pport-sorting-if-applicable-firefox\test-failed-1.png]]

[[ATTACHMENT|..\test-results\entities.crud-Entity-CRUD--97f06-pport-sorting-if-applicable-firefox\error-context.md]]

[[ATTACHMENT|..\test-results\entities.crud-Entity-CRUD--97f06-pport-sorting-if-applicable-firefox\trace.zip]]
Cleanup error: page.goto: Target page, context or browser has been closed
    at EntityPage.goto [90m(C:\Users\Carlo\qa-assessment-fastapi-playwright-carlos-daniel\[39mtests\helpers\pageObjects.ts:58:25[90m)[39m
    at EntityPage.gotoList [90m(C:\Users\Carlo\qa-assessment-fastapi-playwright-carlos-daniel\[39mtests\helpers\pageObjects.ts:167:20[90m)[39m
    at EntityPage.itemExists [90m(C:\Users\Carlo\qa-assessment-fastapi-playwright-carlos-daniel\[39mtests\helpers\pageObjects.ts:277:20[90m)[39m
    at [90mC:\Users\Carlo\qa-assessment-fastapi-playwright-carlos-daniel\[39mtests\entities.crud.spec.ts:295:34 {
  [[32mSymbol(step)[39m]: {
    location: {
      file: [32m'C:\\Users\\Carlo\\qa-assessment-fastapi-playwright-carlos-daniel\\tests\\helpers\\pageObjects.ts'[39m,
      line: [33m58[39m,
      column: [33m25[39m,
      function: [32m'EntityPage.goto'[39m
    },
    category: [32m'pw:api'[39m,
    title: [32m'Navigate to "/items"'[39m,
    apiName: [32m'page.goto'[39m,
    params: { url: [32m'/items'[39m, waitUntil: [32m'load'[39m, timeout: [33m0[39m },
    group: [90mundefined[39m,
    stepId: [32m'pw:api@44'[39m,
    boxedStack: [90mundefined[39m,
    steps: [],
    attachmentIndices: [],
    info: TestStepInfoImpl {
      annotations: [],
      _testInfo: [36m[TestInfoImpl][39m,
      _stepId: [32m'pw:api@44'[39m,
      _title: [32m'Navigate to "/items"'[39m,
      _parentStep: [36m[TestStepInfoImpl][39m,
      skip: [36m[Function (anonymous)][39m
    },
    recoverFromStepError: [36m[AsyncFunction: recoverFromStepError][39m,
    complete: [36m[Function: complete][39m,
    endWallTime: [33m1757191523596[39m,
    error: {
      message: [32m'Error: page.goto: Target page, context or browser has been closed'[39m,
      stack: [32m'Error: page.goto: Target page, context or browser has been closed\n'[39m +
        [32m'    at EntityPage.goto (C:\\Users\\Carlo\\qa-assessment-fastapi-playwright-carlos-daniel\\tests\\helpers\\pageObjects.ts:58:25)\n'[39m +
        [32m'    at EntityPage.gotoList (C:\\Users\\Carlo\\qa-assessment-fastapi-playwright-carlos-daniel\\tests\\helpers\\pageObjects.ts:167:20)\n'[39m +
        [32m'    at EntityPage.itemExists (C:\\Users\\Carlo\\qa-assessment-fastapi-playwright-carlos-daniel\\tests\\helpers\\pageObjects.ts:277:20)\n'[39m +
        [32m'    at C:\\Users\\Carlo\\qa-assessment-fastapi-playwright-carlos-daniel\\tests\\entities.crud.spec.ts:295:34'[39m,
      cause: [90mundefined[39m
    }
  }
}

[[ATTACHMENT|..\test-results\entities.crud-Entity-CRUD--97f06-pport-sorting-if-applicable-firefox-retry1\trace.zip]]
]]>
</system-out>
</testcase>
</testsuite>
<testsuite name="access.control.spec.ts" timestamp="2025-09-06T20:39:18.478Z" hostname="webkit" tests="14" failures="7" skipped="5" time="204.047" errors="0">
<testcase name="Access Control &amp; Authorization › Protected Route Access › should redirect to login when accessing protected route without authentication" classname="access.control.spec.ts" time="15.926">
<failure message="access.control.spec.ts:13:13 should redirect to login when accessing protected route without authentication" type="FAILURE">
<![CDATA[  [webkit] › access.control.spec.ts:13:13 › Access Control & Authorization › Protected Route Access › should redirect to login when accessing protected route without authentication 

    Error: expect(received).toBe(expected) // Object.is equality

    Expected: true
    Received: false

      28 |
      29 |                 // Should be redirected to login page
    > 30 |                 expect(await authPage.isOnLoginPage()).toBe(true);
         |                                                        ^
      31 |
      32 |                 // TODO: Verify URL contains login path or query parameter
      33 |                 // expect(page.url()).toMatch(/login/);
        at C:\Users\Carlo\qa-assessment-fastapi-playwright-carlos-daniel\tests\access.control.spec.ts:30:56

    attachment #1: screenshot (image/png) ──────────────────────────────────────────────────────────
    ..\test-results\access.control-Access-Cont-42358-oute-without-authentication-webkit\test-failed-1.png
    ────────────────────────────────────────────────────────────────────────────────────────────────

    Error Context: ..\test-results\access.control-Access-Cont-42358-oute-without-authentication-webkit\error-context.md

    attachment #3: trace (application/zip) ─────────────────────────────────────────────────────────
    ..\test-results\access.control-Access-Cont-42358-oute-without-authentication-webkit\trace.zip
    Usage:

        npx playwright show-trace ..\test-results\access.control-Access-Cont-42358-oute-without-authentication-webkit\trace.zip

    ────────────────────────────────────────────────────────────────────────────────────────────────

    Retry #1 ───────────────────────────────────────────────────────────────────────────────────────

    Error: expect(received).toBe(expected) // Object.is equality

    Expected: true
    Received: false

      28 |
      29 |                 // Should be redirected to login page
    > 30 |                 expect(await authPage.isOnLoginPage()).toBe(true);
         |                                                        ^
      31 |
      32 |                 // TODO: Verify URL contains login path or query parameter
      33 |                 // expect(page.url()).toMatch(/login/);
        at C:\Users\Carlo\qa-assessment-fastapi-playwright-carlos-daniel\tests\access.control.spec.ts:30:56

    attachment #1: screenshot (image/png) ──────────────────────────────────────────────────────────
    ..\test-results\access.control-Access-Cont-42358-oute-without-authentication-webkit-retry1\test-failed-1.png
    ────────────────────────────────────────────────────────────────────────────────────────────────

    Error Context: ..\test-results\access.control-Access-Cont-42358-oute-without-authentication-webkit-retry1\error-context.md

    attachment #3: trace (application/zip) ─────────────────────────────────────────────────────────
    ..\test-results\access.control-Access-Cont-42358-oute-without-authentication-webkit-retry1\trace.zip
    Usage:

        npx playwright show-trace ..\test-results\access.control-Access-Cont-42358-oute-without-authentication-webkit-retry1\trace.zip

    ────────────────────────────────────────────────────────────────────────────────────────────────
]]>
</failure>
<system-out>
<![CDATA[
[[ATTACHMENT|..\test-results\access.control-Access-Cont-42358-oute-without-authentication-webkit\test-failed-1.png]]

[[ATTACHMENT|..\test-results\access.control-Access-Cont-42358-oute-without-authentication-webkit\error-context.md]]

[[ATTACHMENT|..\test-results\access.control-Access-Cont-42358-oute-without-authentication-webkit\trace.zip]]

[[ATTACHMENT|..\test-results\access.control-Access-Cont-42358-oute-without-authentication-webkit-retry1\test-failed-1.png]]

[[ATTACHMENT|..\test-results\access.control-Access-Cont-42358-oute-without-authentication-webkit-retry1\error-context.md]]

[[ATTACHMENT|..\test-results\access.control-Access-Cont-42358-oute-without-authentication-webkit-retry1\trace.zip]]
]]>
</system-out>
</testcase>
<testcase name="Access Control &amp; Authorization › Protected Route Access › should allow access to protected routes after authentication" classname="access.control.spec.ts" time="26.669">
<failure message="access.control.spec.ts:39:13 should allow access to protected routes after authentication" type="FAILURE">
<![CDATA[  [webkit] › access.control.spec.ts:39:13 › Access Control & Authorization › Protected Route Access › should allow access to protected routes after authentication 

    Error: expect(received).toBe(expected) // Object.is equality

    Expected: true
    Received: false

      40 |             // Login first
      41 |             await authPage.login();
    > 42 |             expect(await authPage.isLoggedIn()).toBe(true);
         |                                                 ^
      43 |
      44 |             // TODO: Test access to various protected routes
      45 |             const protectedRoutes = [
        at C:\Users\Carlo\qa-assessment-fastapi-playwright-carlos-daniel\tests\access.control.spec.ts:42:49

    attachment #1: screenshot (image/png) ──────────────────────────────────────────────────────────
    ..\test-results\access.control-Access-Cont-db59f-routes-after-authentication-webkit\test-failed-1.png
    ────────────────────────────────────────────────────────────────────────────────────────────────

    Error Context: ..\test-results\access.control-Access-Cont-db59f-routes-after-authentication-webkit\error-context.md

    attachment #3: trace (application/zip) ─────────────────────────────────────────────────────────
    ..\test-results\access.control-Access-Cont-db59f-routes-after-authentication-webkit\trace.zip
    Usage:

        npx playwright show-trace ..\test-results\access.control-Access-Cont-db59f-routes-after-authentication-webkit\trace.zip

    ────────────────────────────────────────────────────────────────────────────────────────────────

    Retry #1 ───────────────────────────────────────────────────────────────────────────────────────

    Error: expect(received).toBe(expected) // Object.is equality

    Expected: true
    Received: false

      40 |             // Login first
      41 |             await authPage.login();
    > 42 |             expect(await authPage.isLoggedIn()).toBe(true);
         |                                                 ^
      43 |
      44 |             // TODO: Test access to various protected routes
      45 |             const protectedRoutes = [
        at C:\Users\Carlo\qa-assessment-fastapi-playwright-carlos-daniel\tests\access.control.spec.ts:42:49

    attachment #1: screenshot (image/png) ──────────────────────────────────────────────────────────
    ..\test-results\access.control-Access-Cont-db59f-routes-after-authentication-webkit-retry1\test-failed-1.png
    ────────────────────────────────────────────────────────────────────────────────────────────────

    Error Context: ..\test-results\access.control-Access-Cont-db59f-routes-after-authentication-webkit-retry1\error-context.md

    attachment #3: trace (application/zip) ─────────────────────────────────────────────────────────
    ..\test-results\access.control-Access-Cont-db59f-routes-after-authentication-webkit-retry1\trace.zip
    Usage:

        npx playwright show-trace ..\test-results\access.control-Access-Cont-db59f-routes-after-authentication-webkit-retry1\trace.zip

    ────────────────────────────────────────────────────────────────────────────────────────────────
]]>
</failure>
<system-out>
<![CDATA[
[[ATTACHMENT|..\test-results\access.control-Access-Cont-db59f-routes-after-authentication-webkit\test-failed-1.png]]

[[ATTACHMENT|..\test-results\access.control-Access-Cont-db59f-routes-after-authentication-webkit\error-context.md]]

[[ATTACHMENT|..\test-results\access.control-Access-Cont-db59f-routes-after-authentication-webkit\trace.zip]]

[[ATTACHMENT|..\test-results\access.control-Access-Cont-db59f-routes-after-authentication-webkit-retry1\test-failed-1.png]]

[[ATTACHMENT|..\test-results\access.control-Access-Cont-db59f-routes-after-authentication-webkit-retry1\error-context.md]]

[[ATTACHMENT|..\test-results\access.control-Access-Cont-db59f-routes-after-authentication-webkit-retry1\trace.zip]]
]]>
</system-out>
</testcase>
<testcase name="Access Control &amp; Authorization › Protected Route Access › should handle session expiration gracefully" classname="access.control.spec.ts" time="26.885">
<failure message="access.control.spec.ts:64:13 should handle session expiration gracefully" type="FAILURE">
<![CDATA[  [webkit] › access.control.spec.ts:64:13 › Access Control & Authorization › Protected Route Access › should handle session expiration gracefully 

    Error: expect(received).toBe(expected) // Object.is equality

    Expected: true
    Received: false

      65 |             // Login first
      66 |             await authPage.login();
    > 67 |             expect(await authPage.isLoggedIn()).toBe(true);
         |                                                 ^
      68 |
      69 |             // TODO: Simulate session expiration
      70 |             // This depends on how the app handles sessions
        at C:\Users\Carlo\qa-assessment-fastapi-playwright-carlos-daniel\tests\access.control.spec.ts:67:49

    attachment #1: screenshot (image/png) ──────────────────────────────────────────────────────────
    ..\test-results\access.control-Access-Cont-fe139-ssion-expiration-gracefully-webkit\test-failed-1.png
    ────────────────────────────────────────────────────────────────────────────────────────────────

    Error Context: ..\test-results\access.control-Access-Cont-fe139-ssion-expiration-gracefully-webkit\error-context.md

    attachment #3: trace (application/zip) ─────────────────────────────────────────────────────────
    ..\test-results\access.control-Access-Cont-fe139-ssion-expiration-gracefully-webkit\trace.zip
    Usage:

        npx playwright show-trace ..\test-results\access.control-Access-Cont-fe139-ssion-expiration-gracefully-webkit\trace.zip

    ────────────────────────────────────────────────────────────────────────────────────────────────

    Retry #1 ───────────────────────────────────────────────────────────────────────────────────────

    Error: expect(received).toBe(expected) // Object.is equality

    Expected: true
    Received: false

      65 |             // Login first
      66 |             await authPage.login();
    > 67 |             expect(await authPage.isLoggedIn()).toBe(true);
         |                                                 ^
      68 |
      69 |             // TODO: Simulate session expiration
      70 |             // This depends on how the app handles sessions
        at C:\Users\Carlo\qa-assessment-fastapi-playwright-carlos-daniel\tests\access.control.spec.ts:67:49

    attachment #1: screenshot (image/png) ──────────────────────────────────────────────────────────
    ..\test-results\access.control-Access-Cont-fe139-ssion-expiration-gracefully-webkit-retry1\test-failed-1.png
    ────────────────────────────────────────────────────────────────────────────────────────────────

    Error Context: ..\test-results\access.control-Access-Cont-fe139-ssion-expiration-gracefully-webkit-retry1\error-context.md

    attachment #3: trace (application/zip) ─────────────────────────────────────────────────────────
    ..\test-results\access.control-Access-Cont-fe139-ssion-expiration-gracefully-webkit-retry1\trace.zip
    Usage:

        npx playwright show-trace ..\test-results\access.control-Access-Cont-fe139-ssion-expiration-gracefully-webkit-retry1\trace.zip

    ────────────────────────────────────────────────────────────────────────────────────────────────
]]>
</failure>
<system-out>
<![CDATA[
[[ATTACHMENT|..\test-results\access.control-Access-Cont-fe139-ssion-expiration-gracefully-webkit\test-failed-1.png]]

[[ATTACHMENT|..\test-results\access.control-Access-Cont-fe139-ssion-expiration-gracefully-webkit\error-context.md]]

[[ATTACHMENT|..\test-results\access.control-Access-Cont-fe139-ssion-expiration-gracefully-webkit\trace.zip]]

[[ATTACHMENT|..\test-results\access.control-Access-Cont-fe139-ssion-expiration-gracefully-webkit-retry1\test-failed-1.png]]

[[ATTACHMENT|..\test-results\access.control-Access-Cont-fe139-ssion-expiration-gracefully-webkit-retry1\error-context.md]]

[[ATTACHMENT|..\test-results\access.control-Access-Cont-fe139-ssion-expiration-gracefully-webkit-retry1\trace.zip]]
]]>
</system-out>
</testcase>
<testcase name="Access Control &amp; Authorization › Protected Route Access › should prevent access to admin routes for non-admin users" classname="access.control.spec.ts" time="7.598">
</testcase>
<testcase name="Access Control &amp; Authorization › Logout Behavior › should logout successfully and clear session" classname="access.control.spec.ts" time="25.524">
<failure message="access.control.spec.ts:122:13 should logout successfully and clear session" type="FAILURE">
<![CDATA[  [webkit] › access.control.spec.ts:122:13 › Access Control & Authorization › Logout Behavior › should logout successfully and clear session 

    Error: expect(received).toBe(expected) // Object.is equality

    Expected: true
    Received: false

      123 |             // Login first
      124 |             await authPage.login();
    > 125 |             expect(await authPage.isLoggedIn()).toBe(true);
          |                                                 ^
      126 |
      127 |             // Logout
      128 |             await authPage.logout();
        at C:\Users\Carlo\qa-assessment-fastapi-playwright-carlos-daniel\tests\access.control.spec.ts:125:49

    attachment #1: screenshot (image/png) ──────────────────────────────────────────────────────────
    ..\test-results\access.control-Access-Cont-04b09-cessfully-and-clear-session-webkit\test-failed-1.png
    ────────────────────────────────────────────────────────────────────────────────────────────────

    Error Context: ..\test-results\access.control-Access-Cont-04b09-cessfully-and-clear-session-webkit\error-context.md

    attachment #3: trace (application/zip) ─────────────────────────────────────────────────────────
    ..\test-results\access.control-Access-Cont-04b09-cessfully-and-clear-session-webkit\trace.zip
    Usage:

        npx playwright show-trace ..\test-results\access.control-Access-Cont-04b09-cessfully-and-clear-session-webkit\trace.zip

    ────────────────────────────────────────────────────────────────────────────────────────────────

    Retry #1 ───────────────────────────────────────────────────────────────────────────────────────

    Test was interrupted.

    Error: expect(received).toBe(expected) // Object.is equality

    Expected: true
    Received: false

      123 |             // Login first
      124 |             await authPage.login();
    > 125 |             expect(await authPage.isLoggedIn()).toBe(true);
          |                                                 ^
      126 |
      127 |             // Logout
      128 |             await authPage.logout();
        at C:\Users\Carlo\qa-assessment-fastapi-playwright-carlos-daniel\tests\access.control.spec.ts:125:49

    attachment #1: screenshot (image/png) ──────────────────────────────────────────────────────────
    ..\test-results\access.control-Access-Cont-04b09-cessfully-and-clear-session-webkit-retry1\test-failed-1.png
    ────────────────────────────────────────────────────────────────────────────────────────────────

    Error Context: ..\test-results\access.control-Access-Cont-04b09-cessfully-and-clear-session-webkit-retry1\error-context.md

    attachment #3: trace (application/zip) ─────────────────────────────────────────────────────────
    ..\test-results\access.control-Access-Cont-04b09-cessfully-and-clear-session-webkit-retry1\trace.zip
    Usage:

        npx playwright show-trace ..\test-results\access.control-Access-Cont-04b09-cessfully-and-clear-session-webkit-retry1\trace.zip

    ────────────────────────────────────────────────────────────────────────────────────────────────
]]>
</failure>
<system-out>
<![CDATA[
[[ATTACHMENT|..\test-results\access.control-Access-Cont-04b09-cessfully-and-clear-session-webkit\test-failed-1.png]]

[[ATTACHMENT|..\test-results\access.control-Access-Cont-04b09-cessfully-and-clear-session-webkit\error-context.md]]

[[ATTACHMENT|..\test-results\access.control-Access-Cont-04b09-cessfully-and-clear-session-webkit\trace.zip]]

[[ATTACHMENT|..\test-results\access.control-Access-Cont-04b09-cessfully-and-clear-session-webkit-retry1\test-failed-1.png]]

[[ATTACHMENT|..\test-results\access.control-Access-Cont-04b09-cessfully-and-clear-session-webkit-retry1\error-context.md]]

[[ATTACHMENT|..\test-results\access.control-Access-Cont-04b09-cessfully-and-clear-session-webkit-retry1\trace.zip]]
]]>
</system-out>
</testcase>
<testcase name="Access Control &amp; Authorization › Logout Behavior › should prevent back button access to protected pages after logout" classname="access.control.spec.ts" time="24.142">
<failure message="access.control.spec.ts:140:13 should prevent back button access to protected pages after logout" type="FAILURE">
<![CDATA[  [webkit] › access.control.spec.ts:140:13 › Access Control & Authorization › Logout Behavior › should prevent back button access to protected pages after logout 

    Error: expect(received).toBe(expected) // Object.is equality

    Expected: true
    Received: false

      143 |             await page.goto('/dashboard');
      144 |             await authPage.waitForPageLoad();
    > 145 |             expect(await authPage.isLoggedIn()).toBe(true);
          |                                                 ^
      146 |
      147 |             // Logout
      148 |             await authPage.logout();
        at C:\Users\Carlo\qa-assessment-fastapi-playwright-carlos-daniel\tests\access.control.spec.ts:145:49

    attachment #1: screenshot (image/png) ──────────────────────────────────────────────────────────
    ..\test-results\access.control-Access-Cont-3613f-rotected-pages-after-logout-webkit\test-failed-1.png
    ────────────────────────────────────────────────────────────────────────────────────────────────

    Error Context: ..\test-results\access.control-Access-Cont-3613f-rotected-pages-after-logout-webkit\error-context.md

    attachment #3: trace (application/zip) ─────────────────────────────────────────────────────────
    ..\test-results\access.control-Access-Cont-3613f-rotected-pages-after-logout-webkit\trace.zip
    Usage:

        npx playwright show-trace ..\test-results\access.control-Access-Cont-3613f-rotected-pages-after-logout-webkit\trace.zip

    ────────────────────────────────────────────────────────────────────────────────────────────────

    Retry #1 ───────────────────────────────────────────────────────────────────────────────────────

    Test was interrupted.

    Error: expect(received).toBe(expected) // Object.is equality

    Expected: true
    Received: false

      143 |             await page.goto('/dashboard');
      144 |             await authPage.waitForPageLoad();
    > 145 |             expect(await authPage.isLoggedIn()).toBe(true);
          |                                                 ^
      146 |
      147 |             // Logout
      148 |             await authPage.logout();
        at C:\Users\Carlo\qa-assessment-fastapi-playwright-carlos-daniel\tests\access.control.spec.ts:145:49

    attachment #1: screenshot (image/png) ──────────────────────────────────────────────────────────
    ..\test-results\access.control-Access-Cont-3613f-rotected-pages-after-logout-webkit-retry1\test-failed-1.png
    ────────────────────────────────────────────────────────────────────────────────────────────────

    attachment #2: trace (application/zip) ─────────────────────────────────────────────────────────
    ..\test-results\access.control-Access-Cont-3613f-rotected-pages-after-logout-webkit-retry1\trace.zip
    Usage:

        npx playwright show-trace ..\test-results\access.control-Access-Cont-3613f-rotected-pages-after-logout-webkit-retry1\trace.zip

    ────────────────────────────────────────────────────────────────────────────────────────────────
]]>
</failure>
<system-out>
<![CDATA[
[[ATTACHMENT|..\test-results\access.control-Access-Cont-3613f-rotected-pages-after-logout-webkit\test-failed-1.png]]

[[ATTACHMENT|..\test-results\access.control-Access-Cont-3613f-rotected-pages-after-logout-webkit\error-context.md]]

[[ATTACHMENT|..\test-results\access.control-Access-Cont-3613f-rotected-pages-after-logout-webkit\trace.zip]]

[[ATTACHMENT|..\test-results\access.control-Access-Cont-3613f-rotected-pages-after-logout-webkit-retry1\test-failed-1.png]]

[[ATTACHMENT|..\test-results\access.control-Access-Cont-3613f-rotected-pages-after-logout-webkit-retry1\trace.zip]]
]]>
</system-out>
</testcase>
<testcase name="Access Control &amp; Authorization › Logout Behavior › should handle logout from multiple tabs/windows" classname="access.control.spec.ts" time="20.983">
<failure message="access.control.spec.ts:164:13 should handle logout from multiple tabs/windows" type="FAILURE">
<![CDATA[  [webkit] › access.control.spec.ts:164:13 › Access Control & Authorization › Logout Behavior › should handle logout from multiple tabs/windows 

    Error: expect(received).toBe(expected) // Object.is equality

    Expected: true
    Received: false

      165 |             // Login in first tab
      166 |             await authPage.login();
    > 167 |             expect(await authPage.isLoggedIn()).toBe(true);
          |                                                 ^
      168 |
      169 |             // Open second tab/page
      170 |             const secondPage = await context.newPage();
        at C:\Users\Carlo\qa-assessment-fastapi-playwright-carlos-daniel\tests\access.control.spec.ts:167:49

    attachment #1: screenshot (image/png) ──────────────────────────────────────────────────────────
    ..\test-results\access.control-Access-Cont-516df--from-multiple-tabs-windows-webkit\test-failed-1.png
    ────────────────────────────────────────────────────────────────────────────────────────────────

    Error Context: ..\test-results\access.control-Access-Cont-516df--from-multiple-tabs-windows-webkit\error-context.md

    attachment #3: trace (application/zip) ─────────────────────────────────────────────────────────
    ..\test-results\access.control-Access-Cont-516df--from-multiple-tabs-windows-webkit\trace.zip
    Usage:

        npx playwright show-trace ..\test-results\access.control-Access-Cont-516df--from-multiple-tabs-windows-webkit\trace.zip

    ────────────────────────────────────────────────────────────────────────────────────────────────

    Retry #1 ───────────────────────────────────────────────────────────────────────────────────────

    Test was interrupted.

    Error: expect(received).toBe(expected) // Object.is equality

    Expected: true
    Received: false

      165 |             // Login in first tab
      166 |             await authPage.login();
    > 167 |             expect(await authPage.isLoggedIn()).toBe(true);
          |                                                 ^
      168 |
      169 |             // Open second tab/page
      170 |             const secondPage = await context.newPage();
        at C:\Users\Carlo\qa-assessment-fastapi-playwright-carlos-daniel\tests\access.control.spec.ts:167:49

    attachment #1: screenshot (image/png) ──────────────────────────────────────────────────────────
    ..\test-results\access.control-Access-Cont-516df--from-multiple-tabs-windows-webkit-retry1\test-failed-1.png
    ────────────────────────────────────────────────────────────────────────────────────────────────

    attachment #2: trace (application/zip) ─────────────────────────────────────────────────────────
    ..\test-results\access.control-Access-Cont-516df--from-multiple-tabs-windows-webkit-retry1\trace.zip
    Usage:

        npx playwright show-trace ..\test-results\access.control-Access-Cont-516df--from-multiple-tabs-windows-webkit-retry1\trace.zip

    ────────────────────────────────────────────────────────────────────────────────────────────────
]]>
</failure>
<system-out>
<![CDATA[
[[ATTACHMENT|..\test-results\access.control-Access-Cont-516df--from-multiple-tabs-windows-webkit\test-failed-1.png]]

[[ATTACHMENT|..\test-results\access.control-Access-Cont-516df--from-multiple-tabs-windows-webkit\error-context.md]]

[[ATTACHMENT|..\test-results\access.control-Access-Cont-516df--from-multiple-tabs-windows-webkit\trace.zip]]

[[ATTACHMENT|..\test-results\access.control-Access-Cont-516df--from-multiple-tabs-windows-webkit-retry1\test-failed-1.png]]

[[ATTACHMENT|..\test-results\access.control-Access-Cont-516df--from-multiple-tabs-windows-webkit-retry1\trace.zip]]
]]>
</system-out>
</testcase>
<testcase name="Access Control &amp; Authorization › Logout Behavior › should handle logout when already logged out" classname="access.control.spec.ts" time="12.938">
<system-out>
<![CDATA[Direct logout URL not available
]]>
</system-out>
</testcase>
<testcase name="Access Control &amp; Authorization › Session Management › should maintain session across page navigation" classname="access.control.spec.ts" time="12.363">
<failure message="access.control.spec.ts:218:13 should maintain session across page navigation" type="FAILURE">
<![CDATA[  [webkit] › access.control.spec.ts:218:13 › Access Control & Authorization › Session Management › should maintain session across page navigation 

    Error: expect(received).toBe(expected) // Object.is equality

    Expected: true
    Received: false

      219 |             // Login
      220 |             await authPage.login();
    > 221 |             expect(await authPage.isLoggedIn()).toBe(true);
          |                                                 ^
      222 |
      223 |             // Navigate to different pages
      224 |             const pages = ['/dashboard', '/profile', '/settings', '/'];
        at C:\Users\Carlo\qa-assessment-fastapi-playwright-carlos-daniel\tests\access.control.spec.ts:221:49

    attachment #1: screenshot (image/png) ──────────────────────────────────────────────────────────
    ..\test-results\access.control-Access-Cont-98be1-sion-across-page-navigation-webkit\test-failed-1.png
    ────────────────────────────────────────────────────────────────────────────────────────────────

    Error Context: ..\test-results\access.control-Access-Cont-98be1-sion-across-page-navigation-webkit\error-context.md

    attachment #3: trace (application/zip) ─────────────────────────────────────────────────────────
    ..\test-results\access.control-Access-Cont-98be1-sion-across-page-navigation-webkit\trace.zip
    Usage:

        npx playwright show-trace ..\test-results\access.control-Access-Cont-98be1-sion-across-page-navigation-webkit\trace.zip

    ────────────────────────────────────────────────────────────────────────────────────────────────
]]>
</failure>
<system-out>
<![CDATA[
[[ATTACHMENT|..\test-results\access.control-Access-Cont-98be1-sion-across-page-navigation-webkit\test-failed-1.png]]

[[ATTACHMENT|..\test-results\access.control-Access-Cont-98be1-sion-across-page-navigation-webkit\error-context.md]]

[[ATTACHMENT|..\test-results\access.control-Access-Cont-98be1-sion-across-page-navigation-webkit\trace.zip]]
]]>
</system-out>
</testcase>
<testcase name="Access Control &amp; Authorization › Session Management › should handle page refresh while logged in" classname="access.control.spec.ts" time="13.392">
<skipped>
</skipped>
</testcase>
<testcase name="Access Control &amp; Authorization › Session Management › should handle network interruption gracefully" classname="access.control.spec.ts" time="9.42">
<skipped>
</skipped>
</testcase>
<testcase name="Access Control &amp; Authorization › Authentication State Edge Cases › should handle concurrent login attempts" classname="access.control.spec.ts" time="8.207">
<skipped>
</skipped>
</testcase>
<testcase name="Access Control &amp; Authorization › Authentication State Edge Cases › should redirect to original destination after login" classname="access.control.spec.ts" time="0">
<skipped>
</skipped>
</testcase>
<testcase name="Access Control &amp; Authorization › Authentication State Edge Cases › should handle malformed authentication tokens" classname="access.control.spec.ts" time="0">
<skipped>
</skipped>
</testcase>
</testsuite>
<testsuite name="auth.login.spec.ts" timestamp="2025-09-06T20:39:18.478Z" hostname="webkit" tests="10" failures="0" skipped="10" time="0" errors="0">
<testcase name="Authentication - Login › Positive Login Tests › should login successfully with valid admin credentials" classname="auth.login.spec.ts" time="0">
<skipped>
</skipped>
</testcase>
<testcase name="Authentication - Login › Positive Login Tests › should maintain session after page refresh" classname="auth.login.spec.ts" time="0">
<skipped>
</skipped>
</testcase>
<testcase name="Authentication - Login › Positive Login Tests › should redirect to intended page after login" classname="auth.login.spec.ts" time="0">
<skipped>
</skipped>
</testcase>
<testcase name="Authentication - Login › Negative Login Tests › should show error for invalid email and password" classname="auth.login.spec.ts" time="0">
<skipped>
</skipped>
</testcase>
<testcase name="Authentication - Login › Negative Login Tests › should show error for malformed email" classname="auth.login.spec.ts" time="0">
<skipped>
</skipped>
</testcase>
<testcase name="Authentication - Login › Negative Login Tests › should show error for empty credentials" classname="auth.login.spec.ts" time="0">
<skipped>
</skipped>
</testcase>
<testcase name="Authentication - Login › Negative Login Tests › should show error for correct email but wrong password" classname="auth.login.spec.ts" time="0">
<skipped>
</skipped>
</testcase>
<testcase name="Authentication - Login › Login Form Behavior › should focus email field on page load" classname="auth.login.spec.ts" time="0">
<skipped>
</skipped>
</testcase>
<testcase name="Authentication - Login › Login Form Behavior › should allow tab navigation between fields" classname="auth.login.spec.ts" time="0">
<skipped>
</skipped>
</testcase>
<testcase name="Authentication - Login › Login Form Behavior › should submit form on Enter key" classname="auth.login.spec.ts" time="0">
<skipped>
</skipped>
</testcase>
</testsuite>
<testsuite name="entities.crud.spec.ts" timestamp="2025-09-06T20:39:18.478Z" hostname="webkit" tests="14" failures="0" skipped="14" time="0" errors="0">
<testcase name="Entity CRUD Operations › Create Entity › should create new entity successfully" classname="entities.crud.spec.ts" time="0">
<skipped>
</skipped>
</testcase>
<testcase name="Entity CRUD Operations › Create Entity › should validate required fields on create" classname="entities.crud.spec.ts" time="0">
<skipped>
</skipped>
</testcase>
<testcase name="Entity CRUD Operations › Create Entity › should handle create form cancellation" classname="entities.crud.spec.ts" time="0">
<skipped>
</skipped>
</testcase>
<testcase name="Entity CRUD Operations › Read/View Entity › should display entity list" classname="entities.crud.spec.ts" time="0">
<skipped>
</skipped>
</testcase>
<testcase name="Entity CRUD Operations › Read/View Entity › should handle empty list state" classname="entities.crud.spec.ts" time="0">
<skipped>
</skipped>
</testcase>
<testcase name="Entity CRUD Operations › Update Entity › should update existing entity successfully" classname="entities.crud.spec.ts" time="0">
<skipped>
</skipped>
</testcase>
<testcase name="Entity CRUD Operations › Update Entity › should validate fields on update" classname="entities.crud.spec.ts" time="0">
<skipped>
</skipped>
</testcase>
<testcase name="Entity CRUD Operations › Update Entity › should handle update form cancellation" classname="entities.crud.spec.ts" time="0">
<skipped>
</skipped>
</testcase>
<testcase name="Entity CRUD Operations › Delete Entity › should delete entity successfully" classname="entities.crud.spec.ts" time="0">
<skipped>
</skipped>
</testcase>
<testcase name="Entity CRUD Operations › Delete Entity › should handle delete confirmation dialog" classname="entities.crud.spec.ts" time="0">
<skipped>
</skipped>
</testcase>
<testcase name="Entity CRUD Operations › Delete Entity › should prevent deletion of non-existent entity" classname="entities.crud.spec.ts" time="0">
<skipped>
</skipped>
</testcase>
<testcase name="Entity CRUD Operations › Entity List Features › should support search/filter functionality" classname="entities.crud.spec.ts" time="0">
<skipped>
</skipped>
</testcase>
<testcase name="Entity CRUD Operations › Entity List Features › should support pagination if applicable" classname="entities.crud.spec.ts" time="0">
<skipped>
</skipped>
</testcase>
<testcase name="Entity CRUD Operations › Entity List Features › should support sorting if applicable" classname="entities.crud.spec.ts" time="0">
<skipped>
</skipped>
</testcase>
</testsuite>
</testsuites>